------------------------------------------------------------------------------------------------------------------------

[2024-05-15 17:30:08 #1 store] 
Database 'C:\Users\palit\OneDrive\Documentos\ProyectoFinalProgramacion\ProyFinal_PabloOrbeaBenitez\BDO\ProyFinal.odb' is opened by 7900@Pablo

[2024-05-15 17:30:08 #2 store] 
Configuration path: ?

[2024-05-15 17:30:08 #3 type] 
Type MODELOS.Usuario is not enhanced.

------------------------------------------------------------------------------------------------------------------------

[2024-05-15 17:30:26 #1 store] 
Database 'C:\Users\palit\OneDrive\Documentos\ProyectoFinalProgramacion\ProyFinal_PabloOrbeaBenitez\BDO\ProyFinal.odb' is opened by 15100@Pablo

[2024-05-15 17:30:26 #2 store] 
Configuration path: ?

[2024-05-15 17:30:26 #3 type] 
Type MODELOS.Usuario is not enhanced.

------------------------------------------------------------------------------------------------------------------------

[2024-05-15 17:30:44 #1 store] 
Database 'C:\Users\palit\OneDrive\Documentos\ProyectoFinalProgramacion\ProyFinal_PabloOrbeaBenitez\BDO\ProyFinal.odb' has been recovered (tr. 5-5)

[2024-05-15 17:30:44 #2 store] 
Database 'C:\Users\palit\OneDrive\Documentos\ProyectoFinalProgramacion\ProyFinal_PabloOrbeaBenitez\BDO\ProyFinal.odb' is opened by 22024@Pablo

[2024-05-15 17:30:44 #3 store] 
Configuration path: ?

[2024-05-15 17:30:44 #4 type] 
Type MODELOS.Usuario is not enhanced.

