------------------------------------------------------------------------------------------------------------------------

[2024-05-08 14:54:13 #1 store] 
Database 'C:\Users\palit\OneDrive\Documentos\ProyectoFinalProgramacion\objectdb-2.8.7\db\ProyFinal.odb' is opened by 5972@Pablo

[2024-05-08 14:54:13 #2 store] 
Configuration path: C:\Users\palit\OneDrive\Documentos\ProyectoFinalProgramacion\objectdb-2.8.7\objectdb.conf

[2024-05-08 14:54:13 #3 type] 
Type MODELOS.Usuario is not enhanced.

------------------------------------------------------------------------------------------------------------------------

[2024-05-08 14:58:09 #1 store] 
Database 'C:\Users\palit\OneDrive\Documentos\ProyectoFinalProgramacion\objectdb-2.8.7\db\ProyFinal.odb' is opened by 25352@Pablo

[2024-05-08 14:58:09 #2 store] 
Configuration path: C:\Users\palit\OneDrive\Documentos\ProyectoFinalProgramacion\objectdb-2.8.7\objectdb.conf

[2024-05-08 14:58:09 #3 type] 
Type MODELOS.Usuario is not enhanced.

------------------------------------------------------------------------------------------------------------------------

[2024-05-08 15:44:01 #1 store] 
Database 'C:\Users\palit\OneDrive\Documentos\ProyectoFinalProgramacion\objectdb-2.8.7\db\ProyFinal.odb' is opened by 16788@Pablo

[2024-05-08 15:44:01 #2 store] 
Configuration path: C:\Users\palit\OneDrive\Documentos\ProyectoFinalProgramacion\objectdb-2.8.7\objectdb.conf

[2024-05-08 15:44:01 #3 type] 
Type MODELOS.Usuario is not enhanced.

------------------------------------------------------------------------------------------------------------------------

[2024-05-08 15:45:13 #1 store] 
Database 'C:\Users\palit\OneDrive\Documentos\ProyectoFinalProgramacion\objectdb-2.8.7\db\ProyFinal.odb' is opened by 8084@Pablo

[2024-05-08 15:45:13 #2 store] 
Configuration path: C:\Users\palit\OneDrive\Documentos\ProyectoFinalProgramacion\objectdb-2.8.7\objectdb.conf

[2024-05-08 15:45:13 #3 type] 
Type MODELOS.Usuario is not enhanced.

------------------------------------------------------------------------------------------------------------------------

[2024-05-08 15:47:19 #1 store] 
Database 'C:\Users\palit\OneDrive\Documentos\ProyectoFinalProgramacion\objectdb-2.8.7\db\ProyFinal.odb' is opened by 11568@Pablo

[2024-05-08 15:47:19 #2 store] 
Configuration path: C:\Users\palit\OneDrive\Documentos\ProyectoFinalProgramacion\objectdb-2.8.7\objectdb.conf

[2024-05-08 15:47:19 #3 type] 
Type MODELOS.Usuario is not enhanced.

------------------------------------------------------------------------------------------------------------------------

[2024-05-08 16:23:05 #1 store] 
Database 'C:\Users\palit\OneDrive\Documentos\ProyectoFinalProgramacion\objectdb-2.8.7\db\ProyFinal.odb' is opened by 7592@Pablo

[2024-05-08 16:23:05 #2 store] 
Configuration path: C:\Users\palit\OneDrive\Documentos\ProyectoFinalProgramacion\objectdb-2.8.7\objectdb.conf

[2024-05-08 16:23:05 #3 type] 
Type MODELOS.Usuario is not enhanced.

------------------------------------------------------------------------------------------------------------------------

[2024-05-08 18:02:40 #1 store] 
Database 'C:\Users\palit\OneDrive\Documentos\ProyectoFinalProgramacion\objectdb-2.8.7\db\ProyFinal.odb' is opened by 22592@Pablo

[2024-05-08 18:02:40 #2 store] 
Configuration path: C:\Users\palit\OneDrive\Documentos\ProyectoFinalProgramacion\objectdb-2.8.7\objectdb.conf

[2024-05-08 18:02:40 #3 type] 
Type MODELOS.Usuario is not enhanced.

------------------------------------------------------------------------------------------------------------------------

[2024-05-08 18:02:47 #1 store] 
Database 'C:\Users\palit\OneDrive\Documentos\ProyectoFinalProgramacion\objectdb-2.8.7\db\ProyFinal.odb' is opened by 6296@Pablo

[2024-05-08 18:02:47 #2 store] 
Configuration path: C:\Users\palit\OneDrive\Documentos\ProyectoFinalProgramacion\objectdb-2.8.7\objectdb.conf

[2024-05-08 18:02:47 #3 type] 
Type MODELOS.Usuario is not enhanced.

------------------------------------------------------------------------------------------------------------------------

[2024-05-08 18:11:41 #1 store] 
Database 'C:\Users\palit\OneDrive\Documentos\ProyectoFinalProgramacion\objectdb-2.8.7\db\ProyFinal.odb' is opened by 24212@Pablo

[2024-05-08 18:11:41 #2 store] 
Configuration path: C:\Users\palit\OneDrive\Documentos\ProyectoFinalProgramacion\objectdb-2.8.7\objectdb.conf

[2024-05-08 18:11:41 #3 type] 
Type MODELOS.Usuario is not enhanced.

------------------------------------------------------------------------------------------------------------------------

[2024-05-08 19:24:48 #1 store] 
Database 'C:\Users\palit\OneDrive\Documentos\ProyectoFinalProgramacion\objectdb-2.8.7\db\ProyFinal.odb' is opened by 19592@Pablo

[2024-05-08 19:24:48 #2 store] 
Configuration path: C:\Users\palit\OneDrive\Documentos\ProyectoFinalProgramacion\objectdb-2.8.7\objectdb.conf

[2024-05-08 19:24:48 #3 type] 
Type MODELOS.Usuario is not enhanced.

------------------------------------------------------------------------------------------------------------------------

[2024-05-08 19:27:31 #1 store] 
Database 'C:\Users\palit\OneDrive\Documentos\ProyectoFinalProgramacion\objectdb-2.8.7\db\ProyFinal.odb' has been recovered (tr. 36-37)

[2024-05-08 19:27:31 #2 store] 
Database 'C:\Users\palit\OneDrive\Documentos\ProyectoFinalProgramacion\objectdb-2.8.7\db\ProyFinal.odb' is opened by 3336@Pablo

[2024-05-08 19:27:31 #3 store] 
Configuration path: C:\Users\palit\OneDrive\Documentos\ProyectoFinalProgramacion\objectdb-2.8.7\objectdb.conf

[2024-05-08 19:27:31 #4 type] 
Type MODELOS.Usuario is not enhanced.

