------------------------------------------------------------------------------------------------------------------------

[2024-04-30 09:04:51 #1 store] 
Database 'C:\Users\AlumnoDAM\Downloads\objectdb-2.8.7\db\AD_Ejemplo1.odb' is opened by 2176@PABLO

[2024-04-30 09:04:51 #2 store] 
Configuration path: C:\Users\AlumnoDAM\Downloads\objectdb-2.8.7\objectdb.conf

[2024-04-30 09:04:51 #3 type] 
Type ut12_persistencia_bdoo.Vehiculo is not enhanced.

[2024-04-30 09:04:51 #4 type] 
Type ut12_persistencia_bdoo.Persona is not enhanced.

[2024-04-30 09:04:51 #5 store] 
Database 'C:\Users\AlumnoDAM\Downloads\objectdb-2.8.7\db\AD_Ejemplo1.odb' is closed by 2176@PABLO

------------------------------------------------------------------------------------------------------------------------

[2024-04-30 09:08:37 #1 store] 
Database 'C:\Users\AlumnoDAM\Downloads\objectdb-2.8.7\db\AD_Ejemplo1.odb' is opened by 5068@PABLO

[2024-04-30 09:08:37 #2 store] 
Configuration path: C:\Users\AlumnoDAM\Downloads\objectdb-2.8.7\objectdb.conf

[2024-04-30 09:08:37 #3 type] 
Type ut12_persistencia_bdoo.Vehiculo is not enhanced.

[2024-04-30 09:08:37 #4 type] 
Type ut12_persistencia_bdoo.Persona is not enhanced.

------------------------------------------------------------------------------------------------------------------------

[2024-04-30 09:18:34 #1 store] 
Database 'C:\Users\AlumnoDAM\Downloads\objectdb-2.8.7\db\AD_Ejemplo1.odb' has been recovered (tr. 10-10)

[2024-04-30 09:18:34 #2 store] 
Database 'C:\Users\AlumnoDAM\Downloads\objectdb-2.8.7\db\AD_Ejemplo1.odb' is opened by 8008@PABLO

[2024-04-30 09:18:34 #3 store] 
Configuration path: C:\Users\AlumnoDAM\Downloads\objectdb-2.8.7\objectdb.conf

[2024-04-30 09:18:34 #4 type] 
Type ut12_persistencia_bdoo.Vehiculo is not enhanced.

[2024-04-30 09:18:34 #5 type] 
Type ut12_persistencia_bdoo.Persona is not enhanced.

[2024-04-30 09:18:34 #6 store] 
Database 'C:\Users\AlumnoDAM\Downloads\objectdb-2.8.7\db\AD_Ejemplo1.odb' is closed by 8008@PABLO

------------------------------------------------------------------------------------------------------------------------

[2024-04-30 09:18:36 #1 store] 
Database 'C:\Users\AlumnoDAM\Downloads\objectdb-2.8.7\db\AD_Ejemplo1.odb' is opened by 5576@PABLO

[2024-04-30 09:18:36 #2 store] 
Configuration path: C:\Users\AlumnoDAM\Downloads\objectdb-2.8.7\objectdb.conf

[2024-04-30 09:18:36 #3 type] 
Type ut12_persistencia_bdoo.Vehiculo is not enhanced.

[2024-04-30 09:18:36 #4 type] 
Type ut12_persistencia_bdoo.Persona is not enhanced.

[2024-04-30 09:18:36 #5 store] 
Database 'C:\Users\AlumnoDAM\Downloads\objectdb-2.8.7\db\AD_Ejemplo1.odb' is closed by 5576@PABLO

------------------------------------------------------------------------------------------------------------------------

[2024-04-30 09:18:55 #1 store] 
Database 'C:\Users\AlumnoDAM\Downloads\objectdb-2.8.7\db\AD_Ejemplo1.odb' is opened by 13900@PABLO

[2024-04-30 09:18:55 #2 store] 
Configuration path: C:\Users\AlumnoDAM\Downloads\objectdb-2.8.7\objectdb.conf

[2024-04-30 09:18:55 #3 type] 
Type ut12_persistencia_bdoo.Vehiculo is not enhanced.

[2024-04-30 09:18:55 #4 type] 
Type ut12_persistencia_bdoo.Persona is not enhanced.

[2024-04-30 09:18:55 #5 store] 
Database 'C:\Users\AlumnoDAM\Downloads\objectdb-2.8.7\db\AD_Ejemplo1.odb' is closed by 13900@PABLO

------------------------------------------------------------------------------------------------------------------------

[2024-04-30 09:19:55 #1 store] 
Database 'C:\Users\AlumnoDAM\Downloads\objectdb-2.8.7\db\MiniAgenda.odb' is opened by 14448@PABLO

[2024-04-30 09:19:55 #2 store] 
Configuration path: C:\Users\AlumnoDAM\Downloads\objectdb-2.8.7\objectdb.conf

------------------------------------------------------------------------------------------------------------------------

[2024-04-30 09:22:05 #1 store] 
Database 'C:\Users\AlumnoDAM\Downloads\objectdb-2.8.7\db\MiniAgenda.odb' is opened by 2152@PABLO

[2024-04-30 09:22:05 #2 store] 
Configuration path: C:\Users\AlumnoDAM\Downloads\objectdb-2.8.7\objectdb.conf

[2024-04-30 09:22:07 #3 type] 
Type Modelos.Deportista is not enhanced.

------------------------------------------------------------------------------------------------------------------------

[2024-04-30 09:22:21 #1 explorer] 
[ObjectDB 2.8.7] javax.persistence.PersistenceException
Attempt to open a database file 'C:\Users\AlumnoDAM\Downloads\objectdb-2.8.7\db\MiniAgenda.odb' that is currently in use by another process (error 141)
	at com.objectdb.Explorer$1.run(Explorer.java:57)
	at java.desktop/java.awt.event.InvocationEvent.dispatch(InvocationEvent.java:318)
	at java.desktop/java.awt.EventQueue.dispatchEventImpl(EventQueue.java:773)
	at java.desktop/java.awt.EventQueue$4.run(EventQueue.java:720)
	at java.desktop/java.awt.EventQueue$4.run(EventQueue.java:714)
	at java.base/java.security.AccessController.doPrivileged(AccessController.java:400)
	at java.base/java.security.ProtectionDomain$JavaSecurityAccessImpl.doIntersectionPrivilege(ProtectionDomain.java:87)
	at java.desktop/java.awt.EventQueue.dispatchEvent(EventQueue.java:742)
	at java.desktop/java.awt.EventDispatchThread.pumpOneEventForFilters(EventDispatchThread.java:203)
	at java.desktop/java.awt.EventDispatchThread.pumpEventsForFilter(EventDispatchThread.java:124)
	at java.desktop/java.awt.EventDispatchThread.pumpEventsForHierarchy(EventDispatchThread.java:113)
	at java.desktop/java.awt.EventDispatchThread.pumpEvents(EventDispatchThread.java:109)
	at java.desktop/java.awt.EventDispatchThread.pumpEvents(EventDispatchThread.java:101)
	at java.desktop/java.awt.EventDispatchThread.run(EventDispatchThread.java:90)
Caused by: com.objectdb.o.UserException: Attempt to open a database file 'C:\Users\AlumnoDAM\Downloads\objectdb-2.8.7\db\MiniAgenda.odb' that is currently in use by another process
	at com.objectdb.o.MSG.a(MSG.java:64)
	at com.objectdb.o.LFL.J(LFL.java:947)
	at com.objectdb.o.LFL.x(LFL.java:904)
	at com.objectdb.o.LFL.x(LFL.java:814)
	at com.objectdb.o.DFL.<init>(DFL.java:241)
	at com.objectdb.o.DMG.<init>(DMG.java:27)
	at com.objectdb.o.MST.<init>(MST.java:127)
	at com.objectdb.o.MST.ap(MST.java:109)
	at com.objectdb.o.MSF.YQ(MSF.java:190)
	at com.objectdb.o.OMF.s(OMF.java:805)
	at com.objectdb.jpa.EMF.s(EMF.java:130)
	at com.objectdb.o.OMF.x(OMF.java:716)
	at com.objectdb.jpa.EMF.createEntityManager(EMF.java:149)
	... 16 more

------------------------------------------------------------------------------------------------------------------------

[2024-04-30 09:22:36 #1 store] 
Database 'C:\Users\AlumnoDAM\Downloads\objectdb-2.8.7\db\MiniAgenda.odb' has been recovered (tr. 1-4)

[2024-04-30 09:22:36 #2 store] 
Database 'C:\Users\AlumnoDAM\Downloads\objectdb-2.8.7\db\MiniAgenda.odb' is opened by 14648@PABLO

[2024-04-30 09:22:36 #3 store] 
Configuration path: C:\Users\AlumnoDAM\Downloads\objectdb-2.8.7\objectdb.conf

[2024-04-30 09:23:06 #4 store] 
Database 'C:\Users\AlumnoDAM\Downloads\objectdb-2.8.7\db\MiniAgenda.odb' is closed by 14648@PABLO

------------------------------------------------------------------------------------------------------------------------

[2024-04-30 09:23:08 #1 store] 
Database 'C:\Users\AlumnoDAM\Downloads\objectdb-2.8.7\db\MiniAgenda.odb' is opened by 13432@PABLO

[2024-04-30 09:23:08 #2 store] 
Configuration path: C:\Users\AlumnoDAM\Downloads\objectdb-2.8.7\objectdb.conf

[2024-04-30 09:23:08 #3 type] 
Type Modelos.Deportista is not enhanced.

------------------------------------------------------------------------------------------------------------------------

[2024-04-30 09:23:45 #1 store] 
Database 'C:\Users\AlumnoDAM\Downloads\objectdb-2.8.7\db\MiniAgenda.odb' is opened by 9848@PABLO

[2024-04-30 09:23:45 #2 store] 
Configuration path: C:\Users\AlumnoDAM\Downloads\objectdb-2.8.7\objectdb.conf

[2024-04-30 09:24:00 #3 store] 
Database 'C:\Users\AlumnoDAM\Downloads\objectdb-2.8.7\db\MiniAgenda.odb' is closed by 9848@PABLO

------------------------------------------------------------------------------------------------------------------------

[2024-04-30 09:28:11 #1 store] 
Database 'C:\Users\AlumnoDAM\Downloads\objectdb-2.8.7\db\MiniAgenda.odb' is opened by 8620@PABLO

[2024-04-30 09:28:11 #2 store] 
Configuration path: C:\Users\AlumnoDAM\Downloads\objectdb-2.8.7\objectdb.conf

[2024-04-30 09:28:11 #3 type] 
Type Modelos.Deportista is not enhanced.

------------------------------------------------------------------------------------------------------------------------

[2024-04-30 09:28:20 #1 store] 
Database 'C:\Users\AlumnoDAM\Downloads\objectdb-2.8.7\db\MiniAgenda.odb' is opened by 13040@PABLO

[2024-04-30 09:28:20 #2 store] 
Configuration path: C:\Users\AlumnoDAM\Downloads\objectdb-2.8.7\objectdb.conf

[2024-04-30 09:28:42 #3 store] 
Database 'C:\Users\AlumnoDAM\Downloads\objectdb-2.8.7\db\MiniAgenda.odb' is closed by 13040@PABLO

------------------------------------------------------------------------------------------------------------------------

[2024-04-30 09:28:48 #1 store] 
Database 'C:\Users\AlumnoDAM\Downloads\objectdb-2.8.7\db\MiniAgenda.odb' is opened by 5724@PABLO

[2024-04-30 09:28:48 #2 store] 
Configuration path: C:\Users\AlumnoDAM\Downloads\objectdb-2.8.7\objectdb.conf

[2024-04-30 09:28:49 #3 store] 
Database 'C:\Users\AlumnoDAM\Downloads\objectdb-2.8.7\db\MiniAgenda.odb' is closed by 5724@PABLO

------------------------------------------------------------------------------------------------------------------------

[2024-04-30 09:28:57 #1 store] 
Database 'C:\Users\AlumnoDAM\Downloads\objectdb-2.8.7\db\AD_Ejemplo1.odb' is opened by 10568@PABLO

[2024-04-30 09:28:57 #2 store] 
Configuration path: C:\Users\AlumnoDAM\Downloads\objectdb-2.8.7\objectdb.conf

[2024-04-30 09:28:57 #3 type] 
Type ut12_persistencia_bdoo.Vehiculo is not enhanced.

[2024-04-30 09:28:57 #4 type] 
Type ut12_persistencia_bdoo.Persona is not enhanced.

[2024-04-30 09:28:57 #5 store] 
Database 'C:\Users\AlumnoDAM\Downloads\objectdb-2.8.7\db\AD_Ejemplo1.odb' is closed by 10568@PABLO

------------------------------------------------------------------------------------------------------------------------

[2024-04-30 09:29:05 #1 store] 
Database 'C:\Users\AlumnoDAM\Downloads\objectdb-2.8.7\db\AD_Ejemplo1.odb' is opened by 9844@PABLO

[2024-04-30 09:29:05 #2 store] 
Configuration path: C:\Users\AlumnoDAM\Downloads\objectdb-2.8.7\objectdb.conf

[2024-04-30 09:29:13 #3 store] 
Database 'C:\Users\AlumnoDAM\Downloads\objectdb-2.8.7\db\AD_Ejemplo1.odb' is closed by 9844@PABLO

------------------------------------------------------------------------------------------------------------------------

[2024-04-30 09:29:39 #1 store] 
Database 'C:\Users\AlumnoDAM\Downloads\objectdb-2.8.7\db\MiniAgenda.odb' is opened by 4696@PABLO

[2024-04-30 09:29:39 #2 store] 
Configuration path: C:\Users\AlumnoDAM\Downloads\objectdb-2.8.7\objectdb.conf

[2024-04-30 09:29:39 #3 type] 
Type Modelos.Deportista is not enhanced.

------------------------------------------------------------------------------------------------------------------------

[2024-04-30 09:33:56 #1 store] 
Database 'C:\Users\AlumnoDAM\Downloads\objectdb-2.8.7\db\MiniAgenda.odb' has been recovered (tr. 5-5)

[2024-04-30 09:33:56 #2 store] 
Database 'C:\Users\AlumnoDAM\Downloads\objectdb-2.8.7\db\MiniAgenda.odb' is opened by 8800@PABLO

[2024-04-30 09:33:56 #3 store] 
Configuration path: C:\Users\AlumnoDAM\Downloads\objectdb-2.8.7\objectdb.conf

[2024-04-30 09:33:56 #4 type] 
Type Modelos.Deportista is not enhanced.

------------------------------------------------------------------------------------------------------------------------

[2024-04-30 09:34:14 #1 store] 
Database 'C:\Users\AlumnoDAM\Downloads\objectdb-2.8.7\db\MiniAgenda.odb' is opened by 9748@PABLO

[2024-04-30 09:34:14 #2 store] 
Configuration path: C:\Users\AlumnoDAM\Downloads\objectdb-2.8.7\objectdb.conf

[2024-04-30 09:34:21 #3 store] 
Database 'C:\Users\AlumnoDAM\Downloads\objectdb-2.8.7\db\MiniAgenda.odb' is closed by 9748@PABLO

------------------------------------------------------------------------------------------------------------------------

[2024-04-30 09:34:50 #1 store] 
Database 'C:\Users\AlumnoDAM\Downloads\objectdb-2.8.7\db\MiniAgenda.odb' is opened by 8944@PABLO

[2024-04-30 09:34:50 #2 store] 
Configuration path: C:\Users\AlumnoDAM\Downloads\objectdb-2.8.7\objectdb.conf

[2024-04-30 09:34:50 #3 type] 
Type Modelos.Deportista is not enhanced.

------------------------------------------------------------------------------------------------------------------------

[2024-04-30 09:35:59 #1 store] 
Database 'C:\Users\AlumnoDAM\Downloads\objectdb-2.8.7\db\MiniAgenda.odb' is opened by 11704@PABLO

[2024-04-30 09:35:59 #2 store] 
Configuration path: C:\Users\AlumnoDAM\Downloads\objectdb-2.8.7\objectdb.conf

[2024-04-30 09:35:59 #3 type] 
Type Modelos.Deportista is not enhanced.

------------------------------------------------------------------------------------------------------------------------

[2024-04-30 09:36:59 #1 store] 
Database 'C:\Users\AlumnoDAM\Downloads\objectdb-2.8.7\db\AD_Ejemplo1.odb' is opened by 11100@PABLO

[2024-04-30 09:36:59 #2 store] 
Configuration path: C:\Users\AlumnoDAM\Downloads\objectdb-2.8.7\objectdb.conf

[2024-04-30 09:36:59 #3 type] 
Type ut12_persistencia_bdoo.Vehiculo is not enhanced.

[2024-04-30 09:36:59 #4 type] 
Type ut12_persistencia_bdoo.Persona is not enhanced.

[2024-04-30 09:36:59 #5 store] 
Database 'C:\Users\AlumnoDAM\Downloads\objectdb-2.8.7\db\AD_Ejemplo1.odb' is closed by 11100@PABLO

------------------------------------------------------------------------------------------------------------------------

[2024-04-30 09:37:02 #1 store] 
Database 'C:\Users\AlumnoDAM\Downloads\objectdb-2.8.7\db\MiniAgenda.odb' is opened by 1132@PABLO

[2024-04-30 09:37:02 #2 store] 
Configuration path: C:\Users\AlumnoDAM\Downloads\objectdb-2.8.7\objectdb.conf

------------------------------------------------------------------------------------------------------------------------

[2024-04-30 09:41:14 #1 store] 
Database 'C:\Users\AlumnoDAM\Downloads\objectdb-2.8.7\db\AD_Ejemplo1.odb' is opened by 12364@PABLO

[2024-04-30 09:41:14 #2 store] 
Configuration path: C:\Users\AlumnoDAM\Downloads\objectdb-2.8.7\objectdb.conf

[2024-04-30 09:41:14 #3 type] 
Type ut12_persistencia_bdoo.Vehiculo is not enhanced.

[2024-04-30 09:41:14 #4 type] 
Type ut12_persistencia_bdoo.Persona is not enhanced.

[2024-04-30 09:41:14 #5 store] 
Database 'C:\Users\AlumnoDAM\Downloads\objectdb-2.8.7\db\AD_Ejemplo1.odb' is closed by 12364@PABLO

------------------------------------------------------------------------------------------------------------------------

[2024-04-30 09:43:49 #1 store] 
Database 'C:\Users\AlumnoDAM\Downloads\objectdb-2.8.7\db\MiniAgenda.odb' is opened by 14292@PABLO

[2024-04-30 09:43:49 #2 store] 
Configuration path: C:\Users\AlumnoDAM\Downloads\objectdb-2.8.7\objectdb.conf

------------------------------------------------------------------------------------------------------------------------

[2024-04-30 09:47:02 #1 store] 
Database 'C:\Users\AlumnoDAM\Downloads\objectdb-2.8.7\db\MiniAgenda.odb' has been recovered (tr. 1-2)

[2024-04-30 09:47:02 #2 store] 
Database 'C:\Users\AlumnoDAM\Downloads\objectdb-2.8.7\db\MiniAgenda.odb' is opened by 5604@PABLO

[2024-04-30 09:47:02 #3 store] 
Configuration path: C:\Users\AlumnoDAM\Downloads\objectdb-2.8.7\objectdb.conf

------------------------------------------------------------------------------------------------------------------------

[2024-04-30 09:47:22 #1 store] 
Database 'C:\Users\AlumnoDAM\Downloads\objectdb-2.8.7\db\MiniAgenda.odb' is opened by 12112@PABLO

[2024-04-30 09:47:22 #2 store] 
Configuration path: C:\Users\AlumnoDAM\Downloads\objectdb-2.8.7\objectdb.conf

------------------------------------------------------------------------------------------------------------------------

[2024-04-30 09:47:57 #1 store] 
Database 'C:\Users\AlumnoDAM\Downloads\objectdb-2.8.7\db\MiniAgenda.odb' is opened by 2180@PABLO

[2024-04-30 09:47:57 #2 store] 
Configuration path: C:\Users\AlumnoDAM\Downloads\objectdb-2.8.7\objectdb.conf

------------------------------------------------------------------------------------------------------------------------

[2024-04-30 09:48:09 #1 store] 
Database 'C:\Users\AlumnoDAM\Downloads\objectdb-2.8.7\db\MiniAgenda.odb' is opened by 11816@PABLO

[2024-04-30 09:48:09 #2 store] 
Configuration path: C:\Users\AlumnoDAM\Downloads\objectdb-2.8.7\objectdb.conf

------------------------------------------------------------------------------------------------------------------------

[2024-04-30 09:48:59 #1 store] 
Database 'C:\Users\AlumnoDAM\Downloads\objectdb-2.8.7\db\MiniAgenda.odb' is opened by 8576@PABLO

[2024-04-30 09:48:59 #2 store] 
Configuration path: C:\Users\AlumnoDAM\Downloads\objectdb-2.8.7\objectdb.conf

------------------------------------------------------------------------------------------------------------------------

[2024-04-30 09:53:24 #1 store] 
Database 'C:\Users\AlumnoDAM\Downloads\objectdb-2.8.7\db\MiniAgenda.odb' is opened by 12072@PABLO

[2024-04-30 09:53:24 #2 store] 
Configuration path: C:\Users\AlumnoDAM\Downloads\objectdb-2.8.7\objectdb.conf

[2024-04-30 09:53:24 #3 type] 
Type Modelos.Deportista is not enhanced.

