------------------------------------------------------------------------------------------------------------------------

[2024-05-10 09:03:21 #1 store] 
Database 'C:\Users\AlumnoDAM\Documents\ProyectoFinalProgramacion\objectdb-2.8.7\db\ProyFinal.odb' is opened by 1212@PABLO

[2024-05-10 09:03:21 #2 store] 
Configuration path: C:\Users\AlumnoDAM\Documents\ProyectoFinalProgramacion\objectdb-2.8.7\objectdb.conf

[2024-05-10 09:03:21 #3 type] 
Type MODELOS.Usuario is not enhanced.

------------------------------------------------------------------------------------------------------------------------

[2024-05-10 09:07:30 #1 store] 
Database 'C:\Users\AlumnoDAM\Documents\ProyectoFinalProgramacion\objectdb-2.8.7\db\ProyFinal.odb' has been recovered (tr. 82-100)

[2024-05-10 09:07:30 #2 store] 
Database 'C:\Users\AlumnoDAM\Documents\ProyectoFinalProgramacion\objectdb-2.8.7\db\ProyFinal.odb' is opened by 14960@PABLO

[2024-05-10 09:07:30 #3 store] 
Configuration path: C:\Users\AlumnoDAM\Documents\ProyectoFinalProgramacion\objectdb-2.8.7\objectdb.conf

[2024-05-10 09:07:30 #4 type] 
Type MODELOS.Usuario is not enhanced.

------------------------------------------------------------------------------------------------------------------------

[2024-05-10 09:30:37 #1 store] 
Database 'C:\Users\AlumnoDAM\Documents\ProyectoFinalProgramacion\objectdb-2.8.7\db\ProyFinal.odb' is opened by 13704@PABLO

[2024-05-10 09:30:37 #2 store] 
Configuration path: C:\Users\AlumnoDAM\Documents\ProyectoFinalProgramacion\objectdb-2.8.7\objectdb.conf

[2024-05-10 09:30:37 #3 type] 
Type MODELOS.Usuario is not enhanced.

------------------------------------------------------------------------------------------------------------------------

[2024-05-10 10:05:41 #1 store] 
Database 'C:\Users\AlumnoDAM\Documents\ProyectoFinalProgramacion\objectdb-2.8.7\db\ProyFinal.odb' is opened by 14196@PABLO

[2024-05-10 10:05:41 #2 store] 
Configuration path: C:\Users\AlumnoDAM\Documents\ProyectoFinalProgramacion\objectdb-2.8.7\objectdb.conf

[2024-05-10 10:05:41 #3 type] 
Type MODELOS.Usuario is not enhanced.

------------------------------------------------------------------------------------------------------------------------

[2024-05-10 10:06:28 #1 store] 
Database 'C:\Users\AlumnoDAM\Documents\ProyectoFinalProgramacion\objectdb-2.8.7\db\ProyFinal.odb' is opened by 17124@PABLO

[2024-05-10 10:06:28 #2 store] 
Configuration path: C:\Users\AlumnoDAM\Documents\ProyectoFinalProgramacion\objectdb-2.8.7\objectdb.conf

[2024-05-10 10:06:28 #3 type] 
Type MODELOS.Usuario is not enhanced.

------------------------------------------------------------------------------------------------------------------------

[2024-05-10 10:06:38 #1 store] 
Database 'C:\Users\AlumnoDAM\Documents\ProyectoFinalProgramacion\objectdb-2.8.7\db\ProyFinal.odb' is opened by 812@PABLO

[2024-05-10 10:06:38 #2 store] 
Configuration path: C:\Users\AlumnoDAM\Documents\ProyectoFinalProgramacion\objectdb-2.8.7\objectdb.conf

[2024-05-10 10:06:38 #3 type] 
Type MODELOS.Usuario is not enhanced.

------------------------------------------------------------------------------------------------------------------------

[2024-05-10 10:07:40 #1 store] 
Database 'C:\Users\AlumnoDAM\Documents\ProyectoFinalProgramacion\objectdb-2.8.7\db\ProyFinal.odb' is opened by 15108@PABLO

[2024-05-10 10:07:40 #2 store] 
Configuration path: C:\Users\AlumnoDAM\Documents\ProyectoFinalProgramacion\objectdb-2.8.7\objectdb.conf

[2024-05-10 10:07:40 #3 type] 
Type MODELOS.Usuario is not enhanced.

------------------------------------------------------------------------------------------------------------------------

[2024-05-10 10:08:23 #1 store] 
Database 'C:\Users\AlumnoDAM\Documents\ProyectoFinalProgramacion\objectdb-2.8.7\db\ProyFinal.odb' is opened by 9876@PABLO

[2024-05-10 10:08:23 #2 store] 
Configuration path: C:\Users\AlumnoDAM\Documents\ProyectoFinalProgramacion\objectdb-2.8.7\objectdb.conf

[2024-05-10 10:08:23 #3 type] 
Type MODELOS.Usuario is not enhanced.

------------------------------------------------------------------------------------------------------------------------

[2024-05-10 10:09:14 #1 store] 
Database 'C:\Users\AlumnoDAM\Documents\ProyectoFinalProgramacion\objectdb-2.8.7\db\ProyFinal.odb' is opened by 10096@PABLO

[2024-05-10 10:09:14 #2 store] 
Configuration path: C:\Users\AlumnoDAM\Documents\ProyectoFinalProgramacion\objectdb-2.8.7\objectdb.conf

[2024-05-10 10:09:14 #3 type] 
Type MODELOS.Usuario is not enhanced.

------------------------------------------------------------------------------------------------------------------------

[2024-05-10 10:11:54 #1 store] 
Database 'C:\Users\AlumnoDAM\Documents\ProyectoFinalProgramacion\objectdb-2.8.7\db\ProyFinal.odb' is opened by 4220@PABLO

[2024-05-10 10:11:54 #2 store] 
Configuration path: C:\Users\AlumnoDAM\Documents\ProyectoFinalProgramacion\objectdb-2.8.7\objectdb.conf

[2024-05-10 10:11:54 #3 type] 
Type MODELOS.Usuario is not enhanced.

------------------------------------------------------------------------------------------------------------------------

[2024-05-10 10:12:17 #1 store] 
Database 'C:\Users\AlumnoDAM\Documents\ProyectoFinalProgramacion\objectdb-2.8.7\db\ProyFinal.odb' is opened by 5668@PABLO

[2024-05-10 10:12:17 #2 store] 
Configuration path: C:\Users\AlumnoDAM\Documents\ProyectoFinalProgramacion\objectdb-2.8.7\objectdb.conf

[2024-05-10 10:12:17 #3 type] 
Type MODELOS.Usuario is not enhanced.

------------------------------------------------------------------------------------------------------------------------

[2024-05-10 10:14:12 #1 store] 
Database 'C:\Users\AlumnoDAM\Documents\ProyectoFinalProgramacion\objectdb-2.8.7\db\ProyFinal.odb' is opened by 17864@PABLO

[2024-05-10 10:14:12 #2 store] 
Configuration path: C:\Users\AlumnoDAM\Documents\ProyectoFinalProgramacion\objectdb-2.8.7\objectdb.conf

[2024-05-10 10:14:12 #3 type] 
Type MODELOS.Usuario is not enhanced.

------------------------------------------------------------------------------------------------------------------------

[2024-05-10 10:14:39 #1 store] 
Database 'C:\Users\AlumnoDAM\Documents\ProyectoFinalProgramacion\objectdb-2.8.7\db\ProyFinal.odb' is opened by 8376@PABLO

[2024-05-10 10:14:39 #2 store] 
Configuration path: C:\Users\AlumnoDAM\Documents\ProyectoFinalProgramacion\objectdb-2.8.7\objectdb.conf

[2024-05-10 10:14:39 #3 type] 
Type MODELOS.Usuario is not enhanced.

------------------------------------------------------------------------------------------------------------------------

[2024-05-10 12:41:03 #1 store] 
Database 'C:\Users\AlumnoDAM\Documents\ProyectoFinalProgramacion\objectdb-2.8.7\db\ProyFinal.odb' is opened by 5508@PABLO

[2024-05-10 12:41:03 #2 store] 
Configuration path: C:\Users\AlumnoDAM\Documents\ProyectoFinalProgramacion\objectdb-2.8.7\objectdb.conf

[2024-05-10 12:41:03 #3 type] 
Type MODELOS.Usuario is not enhanced.

------------------------------------------------------------------------------------------------------------------------

[2024-05-10 12:41:35 #1 store] 
Database 'C:\Users\AlumnoDAM\Documents\ProyectoFinalProgramacion\objectdb-2.8.7\db\ProyFinal.odb' is opened by 1300@PABLO

[2024-05-10 12:41:35 #2 store] 
Configuration path: C:\Users\AlumnoDAM\Documents\ProyectoFinalProgramacion\objectdb-2.8.7\objectdb.conf

[2024-05-10 12:41:35 #3 type] 
Type MODELOS.Usuario is not enhanced.

------------------------------------------------------------------------------------------------------------------------

[2024-05-10 12:41:47 #1 store] 
Database 'C:\Users\AlumnoDAM\Documents\ProyectoFinalProgramacion\objectdb-2.8.7\db\ProyFinal.odb' is opened by 5992@PABLO

[2024-05-10 12:41:47 #2 store] 
Configuration path: C:\Users\AlumnoDAM\Documents\ProyectoFinalProgramacion\objectdb-2.8.7\objectdb.conf

[2024-05-10 12:41:47 #3 type] 
Type MODELOS.Usuario is not enhanced.

------------------------------------------------------------------------------------------------------------------------

[2024-05-10 12:43:00 #1 store] 
Database 'C:\Users\AlumnoDAM\Documents\ProyectoFinalProgramacion\objectdb-2.8.7\db\ProyFinal.odb' is opened by 10704@PABLO

[2024-05-10 12:43:00 #2 store] 
Configuration path: C:\Users\AlumnoDAM\Documents\ProyectoFinalProgramacion\objectdb-2.8.7\objectdb.conf

[2024-05-10 12:43:00 #3 type] 
Type MODELOS.Usuario is not enhanced.

------------------------------------------------------------------------------------------------------------------------

[2024-05-10 12:44:29 #1 store] 
Database 'C:\Users\AlumnoDAM\Documents\ProyectoFinalProgramacion\objectdb-2.8.7\db\ProyFinal.odb' is opened by 17820@PABLO

[2024-05-10 12:44:29 #2 store] 
Configuration path: C:\Users\AlumnoDAM\Documents\ProyectoFinalProgramacion\objectdb-2.8.7\objectdb.conf

[2024-05-10 12:44:29 #3 type] 
Type MODELOS.Usuario is not enhanced.

------------------------------------------------------------------------------------------------------------------------

[2024-05-10 12:45:30 #1 store] 
Database 'C:\Users\AlumnoDAM\Documents\ProyectoFinalProgramacion\objectdb-2.8.7\db\ProyFinal.odb' is opened by 15440@PABLO

[2024-05-10 12:45:30 #2 store] 
Configuration path: C:\Users\AlumnoDAM\Documents\ProyectoFinalProgramacion\objectdb-2.8.7\objectdb.conf

[2024-05-10 12:45:30 #3 type] 
Type MODELOS.Usuario is not enhanced.

------------------------------------------------------------------------------------------------------------------------

[2024-05-10 12:46:32 #1 store] 
Database 'C:\Users\AlumnoDAM\Documents\ProyectoFinalProgramacion\objectdb-2.8.7\db\ProyFinal.odb' is opened by 10828@PABLO

[2024-05-10 12:46:32 #2 store] 
Configuration path: C:\Users\AlumnoDAM\Documents\ProyectoFinalProgramacion\objectdb-2.8.7\objectdb.conf

[2024-05-10 12:46:32 #3 type] 
Type MODELOS.Usuario is not enhanced.

------------------------------------------------------------------------------------------------------------------------

[2024-05-10 12:46:38 #1 store] 
Database 'C:\Users\AlumnoDAM\Documents\ProyectoFinalProgramacion\objectdb-2.8.7\db\ProyFinal.odb' is opened by 13948@PABLO

[2024-05-10 12:46:38 #2 store] 
Configuration path: C:\Users\AlumnoDAM\Documents\ProyectoFinalProgramacion\objectdb-2.8.7\objectdb.conf

[2024-05-10 12:46:38 #3 type] 
Type MODELOS.Usuario is not enhanced.

------------------------------------------------------------------------------------------------------------------------

[2024-05-10 12:47:21 #1 store] 
Database 'C:\Users\AlumnoDAM\Documents\ProyectoFinalProgramacion\objectdb-2.8.7\db\ProyFinal.odb' is opened by 9312@PABLO

[2024-05-10 12:47:21 #2 store] 
Configuration path: C:\Users\AlumnoDAM\Documents\ProyectoFinalProgramacion\objectdb-2.8.7\objectdb.conf

[2024-05-10 12:47:21 #3 type] 
Type MODELOS.Usuario is not enhanced.

------------------------------------------------------------------------------------------------------------------------

[2024-05-10 12:49:16 #1 store] 
Database 'C:\Users\AlumnoDAM\Documents\ProyectoFinalProgramacion\objectdb-2.8.7\db\ProyFinal.odb' is opened by 8804@PABLO

[2024-05-10 12:49:16 #2 store] 
Configuration path: C:\Users\AlumnoDAM\Documents\ProyectoFinalProgramacion\objectdb-2.8.7\objectdb.conf

[2024-05-10 12:49:16 #3 type] 
Type MODELOS.Usuario is not enhanced.

------------------------------------------------------------------------------------------------------------------------

[2024-05-10 12:49:33 #1 store] 
Database 'C:\Users\AlumnoDAM\Documents\ProyectoFinalProgramacion\objectdb-2.8.7\db\ProyFinal.odb' is opened by 5768@PABLO

[2024-05-10 12:49:33 #2 store] 
Configuration path: C:\Users\AlumnoDAM\Documents\ProyectoFinalProgramacion\objectdb-2.8.7\objectdb.conf

[2024-05-10 12:49:33 #3 type] 
Type MODELOS.Usuario is not enhanced.

------------------------------------------------------------------------------------------------------------------------

[2024-05-10 12:49:40 #1 store] 
Database 'C:\Users\AlumnoDAM\Documents\ProyectoFinalProgramacion\objectdb-2.8.7\db\ProyFinal.odb' is opened by 16712@PABLO

[2024-05-10 12:49:40 #2 store] 
Configuration path: C:\Users\AlumnoDAM\Documents\ProyectoFinalProgramacion\objectdb-2.8.7\objectdb.conf

[2024-05-10 12:49:40 #3 type] 
Type MODELOS.Usuario is not enhanced.

------------------------------------------------------------------------------------------------------------------------

[2024-05-10 12:49:55 #1 store] 
Database 'C:\Users\AlumnoDAM\Documents\ProyectoFinalProgramacion\objectdb-2.8.7\db\ProyFinal.odb' is opened by 6440@PABLO

[2024-05-10 12:49:55 #2 store] 
Configuration path: C:\Users\AlumnoDAM\Documents\ProyectoFinalProgramacion\objectdb-2.8.7\objectdb.conf

[2024-05-10 12:49:56 #3 type] 
Type MODELOS.Usuario is not enhanced.

------------------------------------------------------------------------------------------------------------------------

[2024-05-10 19:34:15 #1 store] 
Database 'C:\Users\palit\OneDrive\Documentos\ProyectoFinalProgramacion\objectdb-2.8.7\db\ProyFinal.odb' is opened by 25676@Pablo

[2024-05-10 19:34:15 #2 store] 
Configuration path: C:\Users\palit\OneDrive\Documentos\ProyectoFinalProgramacion\objectdb-2.8.7\objectdb.conf

[2024-05-10 19:34:15 #3 type] 
Type MODELOS.Usuario is not enhanced.

------------------------------------------------------------------------------------------------------------------------

[2024-05-10 20:25:31 #1 store] 
Database 'C:\Users\palit\OneDrive\Documentos\ProyectoFinalProgramacion\objectdb-2.8.7\db\ProyFinal.odb' is opened by 13296@Pablo

[2024-05-10 20:25:31 #2 store] 
Configuration path: C:\Users\palit\OneDrive\Documentos\ProyectoFinalProgramacion\objectdb-2.8.7\objectdb.conf

[2024-05-10 20:25:31 #3 type] 
Type MODELOS.Usuario is not enhanced.

------------------------------------------------------------------------------------------------------------------------

[2024-05-10 20:25:51 #1 store] 
Database 'C:\Users\palit\OneDrive\Documentos\ProyectoFinalProgramacion\objectdb-2.8.7\db\ProyFinal.odb' is opened by 14660@Pablo

[2024-05-10 20:25:51 #2 store] 
Configuration path: C:\Users\palit\OneDrive\Documentos\ProyectoFinalProgramacion\objectdb-2.8.7\objectdb.conf

[2024-05-10 20:25:51 #3 type] 
Type MODELOS.Usuario is not enhanced.

------------------------------------------------------------------------------------------------------------------------

[2024-05-10 20:26:17 #1 store] 
Database 'C:\Users\palit\OneDrive\Documentos\ProyectoFinalProgramacion\objectdb-2.8.7\db\ProyFinal.odb' is opened by 23004@Pablo

[2024-05-10 20:26:17 #2 store] 
Configuration path: C:\Users\palit\OneDrive\Documentos\ProyectoFinalProgramacion\objectdb-2.8.7\objectdb.conf

[2024-05-10 20:26:17 #3 type] 
Type MODELOS.Usuario is not enhanced.

------------------------------------------------------------------------------------------------------------------------

[2024-05-10 20:26:44 #1 store] 
Database 'C:\Users\palit\OneDrive\Documentos\ProyectoFinalProgramacion\objectdb-2.8.7\db\ProyFinal.odb' is opened by 24608@Pablo

[2024-05-10 20:26:44 #2 store] 
Configuration path: C:\Users\palit\OneDrive\Documentos\ProyectoFinalProgramacion\objectdb-2.8.7\objectdb.conf

[2024-05-10 20:26:44 #3 type] 
Type MODELOS.Usuario is not enhanced.

------------------------------------------------------------------------------------------------------------------------

[2024-05-10 20:38:58 #1 store] 
Database 'C:\Users\palit\OneDrive\Documentos\ProyectoFinalProgramacion\objectdb-2.8.7\db\ProyFinal.odb' is opened by 22616@Pablo

[2024-05-10 20:38:58 #2 store] 
Configuration path: C:\Users\palit\OneDrive\Documentos\ProyectoFinalProgramacion\objectdb-2.8.7\objectdb.conf

[2024-05-10 20:38:58 #3 type] 
Type MODELOS.Usuario is not enhanced.

------------------------------------------------------------------------------------------------------------------------

[2024-05-10 20:40:12 #1 store] 
Database 'C:\Users\palit\OneDrive\Documentos\ProyectoFinalProgramacion\objectdb-2.8.7\db\ProyFinal.odb' is opened by 4040@Pablo

[2024-05-10 20:40:12 #2 store] 
Configuration path: C:\Users\palit\OneDrive\Documentos\ProyectoFinalProgramacion\objectdb-2.8.7\objectdb.conf

[2024-05-10 20:40:12 #3 type] 
Type MODELOS.Usuario is not enhanced.

------------------------------------------------------------------------------------------------------------------------

[2024-05-10 21:20:36 #1 store] 
Database 'C:\Users\palit\OneDrive\Documentos\ProyectoFinalProgramacion\objectdb-2.8.7\db\ProyFinal.odb' is opened by 24768@Pablo

[2024-05-10 21:20:36 #2 store] 
Configuration path: C:\Users\palit\OneDrive\Documentos\ProyectoFinalProgramacion\objectdb-2.8.7\objectdb.conf

[2024-05-10 21:20:36 #3 type] 
Type MODELOS.Usuario is not enhanced.

------------------------------------------------------------------------------------------------------------------------

[2024-05-10 21:24:08 #1 store] 
Database 'C:\Users\palit\OneDrive\Documentos\ProyectoFinalProgramacion\objectdb-2.8.7\db\ProyFinal.odb' has been recovered (tr. 102-103)

[2024-05-10 21:24:08 #2 store] 
Database 'C:\Users\palit\OneDrive\Documentos\ProyectoFinalProgramacion\objectdb-2.8.7\db\ProyFinal.odb' is opened by 10484@Pablo

[2024-05-10 21:24:08 #3 store] 
Configuration path: C:\Users\palit\OneDrive\Documentos\ProyectoFinalProgramacion\objectdb-2.8.7\objectdb.conf

[2024-05-10 21:24:08 #4 type] 
Type MODELOS.Usuario is not enhanced.

------------------------------------------------------------------------------------------------------------------------

[2024-05-10 21:24:27 #1 store] 
Database 'C:\Users\palit\OneDrive\Documentos\ProyectoFinalProgramacion\objectdb-2.8.7\db\ProyFinal.odb' is opened by 12868@Pablo

[2024-05-10 21:24:27 #2 store] 
Configuration path: C:\Users\palit\OneDrive\Documentos\ProyectoFinalProgramacion\objectdb-2.8.7\objectdb.conf

[2024-05-10 21:24:27 #3 type] 
Type MODELOS.Usuario is not enhanced.

------------------------------------------------------------------------------------------------------------------------

[2024-05-10 21:25:56 #1 store] 
Database 'C:\Users\palit\OneDrive\Documentos\ProyectoFinalProgramacion\objectdb-2.8.7\db\ProyFinal.odb' is opened by 11912@Pablo

[2024-05-10 21:25:56 #2 store] 
Configuration path: C:\Users\palit\OneDrive\Documentos\ProyectoFinalProgramacion\objectdb-2.8.7\objectdb.conf

[2024-05-10 21:25:56 #3 type] 
Type MODELOS.Usuario is not enhanced.

------------------------------------------------------------------------------------------------------------------------

[2024-05-10 21:34:14 #1 store] 
Database 'C:\Users\palit\OneDrive\Documentos\ProyectoFinalProgramacion\objectdb-2.8.7\db\ProyFinal.odb' is opened by 22444@Pablo

[2024-05-10 21:34:14 #2 store] 
Configuration path: C:\Users\palit\OneDrive\Documentos\ProyectoFinalProgramacion\objectdb-2.8.7\objectdb.conf

[2024-05-10 21:34:15 #3 type] 
Type MODELOS.Usuario is not enhanced.

------------------------------------------------------------------------------------------------------------------------

[2024-05-10 21:35:56 #1 store] 
Database 'C:\Users\palit\OneDrive\Documentos\ProyectoFinalProgramacion\objectdb-2.8.7\db\ProyFinal.odb' is opened by 23328@Pablo

[2024-05-10 21:35:56 #2 store] 
Configuration path: C:\Users\palit\OneDrive\Documentos\ProyectoFinalProgramacion\objectdb-2.8.7\objectdb.conf

[2024-05-10 21:35:56 #3 type] 
Type MODELOS.Usuario is not enhanced.

------------------------------------------------------------------------------------------------------------------------

[2024-05-10 21:37:59 #1 store] 
Database 'C:\Users\palit\OneDrive\Documentos\ProyectoFinalProgramacion\objectdb-2.8.7\db\ProyFinal.odb' is opened by 20572@Pablo

[2024-05-10 21:37:59 #2 store] 
Configuration path: C:\Users\palit\OneDrive\Documentos\ProyectoFinalProgramacion\objectdb-2.8.7\objectdb.conf

[2024-05-10 21:37:59 #3 type] 
Type MODELOS.Usuario is not enhanced.

------------------------------------------------------------------------------------------------------------------------

[2024-05-10 21:39:55 #1 store] 
Database 'C:\Users\palit\OneDrive\Documentos\ProyectoFinalProgramacion\objectdb-2.8.7\db\ProyFinal.odb' is opened by 5960@Pablo

[2024-05-10 21:39:55 #2 store] 
Configuration path: C:\Users\palit\OneDrive\Documentos\ProyectoFinalProgramacion\objectdb-2.8.7\objectdb.conf

[2024-05-10 21:39:55 #3 type] 
Type MODELOS.Usuario is not enhanced.

------------------------------------------------------------------------------------------------------------------------

[2024-05-10 22:14:16 #1 store] 
Database 'C:\Users\palit\OneDrive\Documentos\ProyectoFinalProgramacion\objectdb-2.8.7\db\ProyFinal.odb' is opened by 18776@Pablo

[2024-05-10 22:14:16 #2 store] 
Configuration path: C:\Users\palit\OneDrive\Documentos\ProyectoFinalProgramacion\objectdb-2.8.7\objectdb.conf

[2024-05-10 22:14:16 #3 type] 
Type MODELOS.Usuario is not enhanced.

------------------------------------------------------------------------------------------------------------------------

[2024-05-10 22:25:10 #1 store] 
Database 'C:\Users\palit\OneDrive\Documentos\ProyectoFinalProgramacion\objectdb-2.8.7\db\ProyFinal.odb' has been recovered (tr. 105-110)

[2024-05-10 22:25:10 #2 store] 
Database 'C:\Users\palit\OneDrive\Documentos\ProyectoFinalProgramacion\objectdb-2.8.7\db\ProyFinal.odb' is opened by 23040@Pablo

[2024-05-10 22:25:10 #3 store] 
Configuration path: C:\Users\palit\OneDrive\Documentos\ProyectoFinalProgramacion\objectdb-2.8.7\objectdb.conf

[2024-05-10 22:25:10 #4 type] 
Type MODELOS.Usuario is not enhanced.

------------------------------------------------------------------------------------------------------------------------

[2024-05-10 22:25:28 #1 store] 
Database 'C:\Users\palit\OneDrive\Documentos\ProyectoFinalProgramacion\objectdb-2.8.7\db\ProyFinal.odb' has been recovered (tr. 111-111)

[2024-05-10 22:25:28 #2 store] 
Database 'C:\Users\palit\OneDrive\Documentos\ProyectoFinalProgramacion\objectdb-2.8.7\db\ProyFinal.odb' is opened by 26256@Pablo

[2024-05-10 22:25:28 #3 store] 
Configuration path: C:\Users\palit\OneDrive\Documentos\ProyectoFinalProgramacion\objectdb-2.8.7\objectdb.conf

[2024-05-10 22:25:28 #4 type] 
Type MODELOS.Usuario is not enhanced.

------------------------------------------------------------------------------------------------------------------------

[2024-05-10 22:25:48 #1 store] 
Database 'C:\Users\palit\OneDrive\Documentos\ProyectoFinalProgramacion\objectdb-2.8.7\db\ProyFinal.odb' is opened by 13880@Pablo

[2024-05-10 22:25:48 #2 store] 
Configuration path: C:\Users\palit\OneDrive\Documentos\ProyectoFinalProgramacion\objectdb-2.8.7\objectdb.conf

[2024-05-10 22:25:48 #3 type] 
Type MODELOS.Usuario is not enhanced.

------------------------------------------------------------------------------------------------------------------------

[2024-05-10 22:31:19 #1 store] 
Database 'C:\Users\palit\OneDrive\Documentos\ProyectoFinalProgramacion\objectdb-2.8.7\db\ProyFinal.odb' has been recovered (tr. 113-113)

[2024-05-10 22:31:19 #2 store] 
Database 'C:\Users\palit\OneDrive\Documentos\ProyectoFinalProgramacion\objectdb-2.8.7\db\ProyFinal.odb' is opened by 26292@Pablo

[2024-05-10 22:31:19 #3 store] 
Configuration path: C:\Users\palit\OneDrive\Documentos\ProyectoFinalProgramacion\objectdb-2.8.7\objectdb.conf

[2024-05-10 22:31:19 #4 type] 
Type MODELOS.Usuario is not enhanced.

------------------------------------------------------------------------------------------------------------------------

[2024-05-10 22:31:34 #1 store] 
Database 'C:\Users\palit\OneDrive\Documentos\ProyectoFinalProgramacion\objectdb-2.8.7\db\ProyFinal.odb' has been recovered (tr. 114-114)

[2024-05-10 22:31:34 #2 store] 
Database 'C:\Users\palit\OneDrive\Documentos\ProyectoFinalProgramacion\objectdb-2.8.7\db\ProyFinal.odb' is opened by 7476@Pablo

[2024-05-10 22:31:34 #3 store] 
Configuration path: C:\Users\palit\OneDrive\Documentos\ProyectoFinalProgramacion\objectdb-2.8.7\objectdb.conf

[2024-05-10 22:31:34 #4 type] 
Type MODELOS.Usuario is not enhanced.

------------------------------------------------------------------------------------------------------------------------

[2024-05-10 22:31:58 #1 store] 
Database 'C:\Users\palit\OneDrive\Documentos\ProyectoFinalProgramacion\objectdb-2.8.7\db\ProyFinal.odb' is opened by 7676@Pablo

[2024-05-10 22:31:58 #2 store] 
Configuration path: C:\Users\palit\OneDrive\Documentos\ProyectoFinalProgramacion\objectdb-2.8.7\objectdb.conf

[2024-05-10 22:31:58 #3 type] 
Type MODELOS.Usuario is not enhanced.

------------------------------------------------------------------------------------------------------------------------

[2024-05-10 22:34:20 #1 store] 
Database 'C:\Users\palit\OneDrive\Documentos\ProyectoFinalProgramacion\objectdb-2.8.7\db\ProyFinal.odb' has been recovered (tr. 116-116)

[2024-05-10 22:34:20 #2 store] 
Database 'C:\Users\palit\OneDrive\Documentos\ProyectoFinalProgramacion\objectdb-2.8.7\db\ProyFinal.odb' is opened by 23012@Pablo

[2024-05-10 22:34:20 #3 store] 
Configuration path: C:\Users\palit\OneDrive\Documentos\ProyectoFinalProgramacion\objectdb-2.8.7\objectdb.conf

[2024-05-10 22:34:20 #4 type] 
Type MODELOS.Usuario is not enhanced.

------------------------------------------------------------------------------------------------------------------------

[2024-05-10 22:35:16 #1 store] 
Database 'C:\Users\palit\OneDrive\Documentos\ProyectoFinalProgramacion\objectdb-2.8.7\db\ProyFinal.odb' has been recovered (tr. 117-119)

[2024-05-10 22:35:16 #2 store] 
Database 'C:\Users\palit\OneDrive\Documentos\ProyectoFinalProgramacion\objectdb-2.8.7\db\ProyFinal.odb' is opened by 11960@Pablo

[2024-05-10 22:35:16 #3 store] 
Configuration path: C:\Users\palit\OneDrive\Documentos\ProyectoFinalProgramacion\objectdb-2.8.7\objectdb.conf

[2024-05-10 22:35:16 #4 type] 
Type MODELOS.Usuario is not enhanced.

------------------------------------------------------------------------------------------------------------------------

[2024-05-10 22:36:26 #1 store] 
Database 'C:\Users\palit\OneDrive\Documentos\ProyectoFinalProgramacion\objectdb-2.8.7\db\ProyFinal.odb' has been recovered (tr. 120-122)

[2024-05-10 22:36:26 #2 store] 
Database 'C:\Users\palit\OneDrive\Documentos\ProyectoFinalProgramacion\objectdb-2.8.7\db\ProyFinal.odb' is opened by 16632@Pablo

[2024-05-10 22:36:26 #3 store] 
Configuration path: C:\Users\palit\OneDrive\Documentos\ProyectoFinalProgramacion\objectdb-2.8.7\objectdb.conf

[2024-05-10 22:36:26 #4 type] 
Type MODELOS.Usuario is not enhanced.

------------------------------------------------------------------------------------------------------------------------

[2024-05-10 22:38:35 #1 store] 
Database 'C:\Users\palit\OneDrive\Documentos\ProyectoFinalProgramacion\objectdb-2.8.7\db\ProyFinal.odb' has been recovered (tr. 123-125)

[2024-05-10 22:38:35 #2 store] 
Database 'C:\Users\palit\OneDrive\Documentos\ProyectoFinalProgramacion\objectdb-2.8.7\db\ProyFinal.odb' is opened by 6640@Pablo

[2024-05-10 22:38:35 #3 store] 
Configuration path: C:\Users\palit\OneDrive\Documentos\ProyectoFinalProgramacion\objectdb-2.8.7\objectdb.conf

[2024-05-10 22:38:35 #4 type] 
Type MODELOS.Usuario is not enhanced.

------------------------------------------------------------------------------------------------------------------------

[2024-05-10 22:39:32 #1 store] 
Database 'C:\Users\palit\OneDrive\Documentos\ProyectoFinalProgramacion\objectdb-2.8.7\db\ProyFinal.odb' has been recovered (tr. 126-128)

[2024-05-10 22:39:32 #2 store] 
Database 'C:\Users\palit\OneDrive\Documentos\ProyectoFinalProgramacion\objectdb-2.8.7\db\ProyFinal.odb' is opened by 812@Pablo

[2024-05-10 22:39:32 #3 store] 
Configuration path: C:\Users\palit\OneDrive\Documentos\ProyectoFinalProgramacion\objectdb-2.8.7\objectdb.conf

[2024-05-10 22:39:32 #4 type] 
Type MODELOS.Usuario is not enhanced.

------------------------------------------------------------------------------------------------------------------------

[2024-05-10 22:40:16 #1 store] 
Database 'C:\Users\palit\OneDrive\Documentos\ProyectoFinalProgramacion\objectdb-2.8.7\db\ProyFinal.odb' has been recovered (tr. 129-131)

[2024-05-10 22:40:16 #2 store] 
Database 'C:\Users\palit\OneDrive\Documentos\ProyectoFinalProgramacion\objectdb-2.8.7\db\ProyFinal.odb' is opened by 23112@Pablo

[2024-05-10 22:40:16 #3 store] 
Configuration path: C:\Users\palit\OneDrive\Documentos\ProyectoFinalProgramacion\objectdb-2.8.7\objectdb.conf

[2024-05-10 22:40:16 #4 type] 
Type MODELOS.Usuario is not enhanced.

------------------------------------------------------------------------------------------------------------------------

[2024-05-10 22:41:16 #1 store] 
Database 'C:\Users\palit\OneDrive\Documentos\ProyectoFinalProgramacion\objectdb-2.8.7\db\ProyFinal.odb' has been recovered (tr. 132-134)

[2024-05-10 22:41:16 #2 store] 
Database 'C:\Users\palit\OneDrive\Documentos\ProyectoFinalProgramacion\objectdb-2.8.7\db\ProyFinal.odb' is opened by 16160@Pablo

[2024-05-10 22:41:16 #3 store] 
Configuration path: C:\Users\palit\OneDrive\Documentos\ProyectoFinalProgramacion\objectdb-2.8.7\objectdb.conf

[2024-05-10 22:41:16 #4 type] 
Type MODELOS.Usuario is not enhanced.

------------------------------------------------------------------------------------------------------------------------

[2024-05-10 22:41:44 #1 store] 
Database 'C:\Users\palit\OneDrive\Documentos\ProyectoFinalProgramacion\objectdb-2.8.7\db\ProyFinal.odb' has been recovered (tr. 135-137)

[2024-05-10 22:41:45 #2 store] 
Database 'C:\Users\palit\OneDrive\Documentos\ProyectoFinalProgramacion\objectdb-2.8.7\db\ProyFinal.odb' is opened by 19708@Pablo

[2024-05-10 22:41:45 #3 store] 
Configuration path: C:\Users\palit\OneDrive\Documentos\ProyectoFinalProgramacion\objectdb-2.8.7\objectdb.conf

[2024-05-10 22:41:45 #4 type] 
Type MODELOS.Usuario is not enhanced.

------------------------------------------------------------------------------------------------------------------------

[2024-05-10 22:42:20 #1 store] 
Database 'C:\Users\palit\OneDrive\Documentos\ProyectoFinalProgramacion\objectdb-2.8.7\db\ProyFinal.odb' has been recovered (tr. 138-140)

[2024-05-10 22:42:20 #2 store] 
Database 'C:\Users\palit\OneDrive\Documentos\ProyectoFinalProgramacion\objectdb-2.8.7\db\ProyFinal.odb' is opened by 11464@Pablo

[2024-05-10 22:42:20 #3 store] 
Configuration path: C:\Users\palit\OneDrive\Documentos\ProyectoFinalProgramacion\objectdb-2.8.7\objectdb.conf

[2024-05-10 22:42:20 #4 type] 
Type MODELOS.Usuario is not enhanced.

------------------------------------------------------------------------------------------------------------------------

[2024-05-10 22:43:34 #1 store] 
Database 'C:\Users\palit\OneDrive\Documentos\ProyectoFinalProgramacion\objectdb-2.8.7\db\ProyFinal.odb' has been recovered (tr. 141-143)

[2024-05-10 22:43:34 #2 store] 
Database 'C:\Users\palit\OneDrive\Documentos\ProyectoFinalProgramacion\objectdb-2.8.7\db\ProyFinal.odb' is opened by 7080@Pablo

[2024-05-10 22:43:34 #3 store] 
Configuration path: C:\Users\palit\OneDrive\Documentos\ProyectoFinalProgramacion\objectdb-2.8.7\objectdb.conf

[2024-05-10 22:43:34 #4 type] 
Type MODELOS.Usuario is not enhanced.

------------------------------------------------------------------------------------------------------------------------

[2024-05-10 22:44:13 #1 store] 
Database 'C:\Users\palit\OneDrive\Documentos\ProyectoFinalProgramacion\objectdb-2.8.7\db\ProyFinal.odb' has been recovered (tr. 144-146)

[2024-05-10 22:44:13 #2 store] 
Database 'C:\Users\palit\OneDrive\Documentos\ProyectoFinalProgramacion\objectdb-2.8.7\db\ProyFinal.odb' is opened by 26252@Pablo

[2024-05-10 22:44:13 #3 store] 
Configuration path: C:\Users\palit\OneDrive\Documentos\ProyectoFinalProgramacion\objectdb-2.8.7\objectdb.conf

[2024-05-10 22:44:13 #4 type] 
Type MODELOS.Usuario is not enhanced.

------------------------------------------------------------------------------------------------------------------------

[2024-05-10 22:48:55 #1 store] 
Database 'C:\Users\palit\OneDrive\Documentos\ProyectoFinalProgramacion\objectdb-2.8.7\db\ProyFinal.odb' has been recovered (tr. 147-149)

[2024-05-10 22:48:55 #2 store] 
Database 'C:\Users\palit\OneDrive\Documentos\ProyectoFinalProgramacion\objectdb-2.8.7\db\ProyFinal.odb' is opened by 26264@Pablo

[2024-05-10 22:48:55 #3 store] 
Configuration path: C:\Users\palit\OneDrive\Documentos\ProyectoFinalProgramacion\objectdb-2.8.7\objectdb.conf

[2024-05-10 22:48:55 #4 type] 
Type MODELOS.Usuario is not enhanced.

------------------------------------------------------------------------------------------------------------------------

[2024-05-10 22:50:40 #1 store] 
Database 'C:\Users\palit\OneDrive\Documentos\ProyectoFinalProgramacion\objectdb-2.8.7\db\ProyFinal.odb' has been recovered (tr. 150-152)

[2024-05-10 22:50:40 #2 store] 
Database 'C:\Users\palit\OneDrive\Documentos\ProyectoFinalProgramacion\objectdb-2.8.7\db\ProyFinal.odb' is opened by 26284@Pablo

[2024-05-10 22:50:40 #3 store] 
Configuration path: C:\Users\palit\OneDrive\Documentos\ProyectoFinalProgramacion\objectdb-2.8.7\objectdb.conf

[2024-05-10 22:50:40 #4 type] 
Type MODELOS.Usuario is not enhanced.

------------------------------------------------------------------------------------------------------------------------

[2024-05-10 22:59:36 #1 store] 
Database 'C:\Users\palit\OneDrive\Documentos\ProyectoFinalProgramacion\objectdb-2.8.7\db\ProyFinal.odb' has been recovered (tr. 153-155)

[2024-05-10 22:59:36 #2 store] 
Database 'C:\Users\palit\OneDrive\Documentos\ProyectoFinalProgramacion\objectdb-2.8.7\db\ProyFinal.odb' is opened by 26024@Pablo

[2024-05-10 22:59:36 #3 store] 
Configuration path: C:\Users\palit\OneDrive\Documentos\ProyectoFinalProgramacion\objectdb-2.8.7\objectdb.conf

[2024-05-10 22:59:36 #4 type] 
Type MODELOS.Usuario is not enhanced.

------------------------------------------------------------------------------------------------------------------------

[2024-05-10 23:05:11 #1 store] 
Database 'C:\Users\palit\OneDrive\Documentos\ProyectoFinalProgramacion\objectdb-2.8.7\db\ProyFinal.odb' is opened by 10124@Pablo

[2024-05-10 23:05:11 #2 store] 
Configuration path: C:\Users\palit\OneDrive\Documentos\ProyectoFinalProgramacion\objectdb-2.8.7\objectdb.conf

[2024-05-10 23:05:11 #3 type] 
Type MODELOS.Usuario is not enhanced.

------------------------------------------------------------------------------------------------------------------------

[2024-05-10 23:07:01 #1 store] 
Database 'C:\Users\palit\OneDrive\Documentos\ProyectoFinalProgramacion\objectdb-2.8.7\db\ProyFinal.odb' is opened by 25512@Pablo

[2024-05-10 23:07:01 #2 store] 
Configuration path: C:\Users\palit\OneDrive\Documentos\ProyectoFinalProgramacion\objectdb-2.8.7\objectdb.conf

[2024-05-10 23:07:01 #3 type] 
Type MODELOS.Usuario is not enhanced.

------------------------------------------------------------------------------------------------------------------------

[2024-05-10 23:07:12 #1 store] 
Database 'C:\Users\palit\OneDrive\Documentos\ProyectoFinalProgramacion\objectdb-2.8.7\db\ProyFinal.odb' has been recovered (tr. 157-158)

[2024-05-10 23:07:12 #2 store] 
Database 'C:\Users\palit\OneDrive\Documentos\ProyectoFinalProgramacion\objectdb-2.8.7\db\ProyFinal.odb' is opened by 20064@Pablo

[2024-05-10 23:07:12 #3 store] 
Configuration path: C:\Users\palit\OneDrive\Documentos\ProyectoFinalProgramacion\objectdb-2.8.7\objectdb.conf

[2024-05-10 23:07:12 #4 type] 
Type MODELOS.Usuario is not enhanced.

------------------------------------------------------------------------------------------------------------------------

[2024-05-10 23:11:53 #1 store] 
Database 'C:\Users\palit\OneDrive\Documentos\ProyectoFinalProgramacion\objectdb-2.8.7\db\ProyFinal.odb' is opened by 21260@Pablo

[2024-05-10 23:11:53 #2 store] 
Configuration path: C:\Users\palit\OneDrive\Documentos\ProyectoFinalProgramacion\objectdb-2.8.7\objectdb.conf

[2024-05-10 23:11:53 #3 type] 
Type MODELOS.Usuario is not enhanced.

------------------------------------------------------------------------------------------------------------------------

[2024-05-10 23:12:30 #1 store] 
Database 'C:\Users\palit\OneDrive\Documentos\ProyectoFinalProgramacion\objectdb-2.8.7\db\ProyFinal.odb' is opened by 11928@Pablo

[2024-05-10 23:12:30 #2 store] 
Configuration path: C:\Users\palit\OneDrive\Documentos\ProyectoFinalProgramacion\objectdb-2.8.7\objectdb.conf

[2024-05-10 23:12:31 #3 type] 
Type MODELOS.Usuario is not enhanced.

------------------------------------------------------------------------------------------------------------------------

[2024-05-10 23:13:19 #1 store] 
Database 'C:\Users\palit\OneDrive\Documentos\ProyectoFinalProgramacion\objectdb-2.8.7\db\ProyFinal.odb' is opened by 25976@Pablo

[2024-05-10 23:13:19 #2 store] 
Configuration path: C:\Users\palit\OneDrive\Documentos\ProyectoFinalProgramacion\objectdb-2.8.7\objectdb.conf

[2024-05-10 23:13:19 #3 type] 
Type MODELOS.Usuario is not enhanced.

