------------------------------------------------------------------------------------------------------------------------

[2024-05-03 08:50:11 #1 store] 
Database 'C:\Users\AlumnoDAM\Downloads\objectdb-2.8.7\db\MiniAgenda.odb' has been recovered (tr. 3-3)

[2024-05-03 08:50:11 #2 store] 
Database 'C:\Users\AlumnoDAM\Downloads\objectdb-2.8.7\db\MiniAgenda.odb' is opened by 2740@PABLO

[2024-05-03 08:50:11 #3 store] 
Configuration path: C:\Users\AlumnoDAM\Downloads\objectdb-2.8.7\objectdb.conf

[2024-05-03 08:50:11 #4 type] 
Type Modelos.Deportista is not enhanced.

------------------------------------------------------------------------------------------------------------------------

[2024-05-03 09:05:14 #1 store] 
Database 'C:\Users\AlumnoDAM\Downloads\objectdb-2.8.7\db\MiniAgenda.odb' has been recovered (tr. 4-14)

[2024-05-03 09:05:14 #2 store] 
Database 'C:\Users\AlumnoDAM\Downloads\objectdb-2.8.7\db\MiniAgenda.odb' is opened by 7656@PABLO

[2024-05-03 09:05:14 #3 store] 
Configuration path: C:\Users\AlumnoDAM\Downloads\objectdb-2.8.7\objectdb.conf

[2024-05-03 09:05:14 #4 type] 
Type Modelos.Deportista is not enhanced.

------------------------------------------------------------------------------------------------------------------------

[2024-05-03 09:20:46 #1 store] 
Database 'C:\Users\AlumnoDAM\Downloads\objectdb-2.8.7\db\ProyFinal.odb' is opened by 14164@PABLO

[2024-05-03 09:20:46 #2 store] 
Configuration path: C:\Users\AlumnoDAM\Downloads\objectdb-2.8.7\objectdb.conf

------------------------------------------------------------------------------------------------------------------------

[2024-05-03 09:21:01 #1 store] 
Database 'C:\Users\AlumnoDAM\Downloads\objectdb-2.8.7\db\ProyFinal.odb' has been recovered (tr. 1-2)

[2024-05-03 09:21:01 #2 store] 
Database 'C:\Users\AlumnoDAM\Downloads\objectdb-2.8.7\db\ProyFinal.odb' is opened by 2480@PABLO

[2024-05-03 09:21:01 #3 store] 
Configuration path: C:\Users\AlumnoDAM\Downloads\objectdb-2.8.7\objectdb.conf

[2024-05-03 09:21:05 #4 store] 
Database 'C:\Users\AlumnoDAM\Downloads\objectdb-2.8.7\db\ProyFinal.odb' is closed by 2480@PABLO

------------------------------------------------------------------------------------------------------------------------

[2024-05-03 09:23:03 #1 store] 
Database 'C:\Users\AlumnoDAM\Downloads\objectdb-2.8.7\db\ProyFinal.odb' is opened by 14108@PABLO

[2024-05-03 09:23:03 #2 store] 
Configuration path: C:\Users\AlumnoDAM\Downloads\objectdb-2.8.7\objectdb.conf

------------------------------------------------------------------------------------------------------------------------

[2024-05-03 09:23:17 #1 store] 
Database 'C:\Users\AlumnoDAM\Downloads\objectdb-2.8.7\db\ProyFinal.odb' is opened by 6500@PABLO

[2024-05-03 09:23:17 #2 store] 
Configuration path: C:\Users\AlumnoDAM\Downloads\objectdb-2.8.7\objectdb.conf

------------------------------------------------------------------------------------------------------------------------

[2024-05-03 09:24:10 #1 store] 
Database 'C:\Users\AlumnoDAM\Downloads\objectdb-2.8.7\db\ProyFinal.odb' is opened by 14152@PABLO

[2024-05-03 09:24:10 #2 store] 
Configuration path: C:\Users\AlumnoDAM\Downloads\objectdb-2.8.7\objectdb.conf

[2024-05-03 09:24:19 #3 store] 
Database 'C:\Users\AlumnoDAM\Downloads\objectdb-2.8.7\db\ProyFinal.odb' is closed by 14152@PABLO

------------------------------------------------------------------------------------------------------------------------

[2024-05-03 09:24:21 #1 store] 
Database 'C:\Users\AlumnoDAM\Downloads\objectdb-2.8.7\db\MiniAgenda.odb' is opened by 6760@PABLO

[2024-05-03 09:24:21 #2 store] 
Configuration path: C:\Users\AlumnoDAM\Downloads\objectdb-2.8.7\objectdb.conf

[2024-05-03 09:24:24 #3 store] 
Database 'C:\Users\AlumnoDAM\Downloads\objectdb-2.8.7\db\MiniAgenda.odb' is closed by 6760@PABLO

------------------------------------------------------------------------------------------------------------------------

[2024-05-03 09:24:27 #1 store] 
Database 'C:\Users\AlumnoDAM\Downloads\objectdb-2.8.7\db\ProyFinal.odb' is opened by 12816@PABLO

[2024-05-03 09:24:27 #2 store] 
Configuration path: C:\Users\AlumnoDAM\Downloads\objectdb-2.8.7\objectdb.conf

[2024-05-03 09:24:31 #3 store] 
Database 'C:\Users\AlumnoDAM\Downloads\objectdb-2.8.7\db\ProyFinal.odb' is closed by 12816@PABLO

------------------------------------------------------------------------------------------------------------------------

[2024-05-03 09:26:06 #1 store] 
Database 'C:\Users\AlumnoDAM\Downloads\objectdb-2.8.7\db\MiniAgenda.odb' is opened by 13276@PABLO

[2024-05-03 09:26:06 #2 store] 
Configuration path: C:\Users\AlumnoDAM\Downloads\objectdb-2.8.7\objectdb.conf

------------------------------------------------------------------------------------------------------------------------

[2024-05-03 09:27:47 #1 store] 
Database 'C:\Users\AlumnoDAM\Downloads\objectdb-2.8.7\db\ProyFinal.odb' is opened by 12544@PABLO

[2024-05-03 09:27:47 #2 store] 
Configuration path: C:\Users\AlumnoDAM\Downloads\objectdb-2.8.7\objectdb.conf

[2024-05-03 09:27:47 #3 type] 
Type MODELOS.Usuario is not enhanced.

------------------------------------------------------------------------------------------------------------------------

[2024-05-03 09:28:30 #1 store] 
Database 'C:\Users\AlumnoDAM\Downloads\objectdb-2.8.7\db\ProyFinal.odb' has been recovered (tr. 3-4)

[2024-05-03 09:28:30 #2 store] 
Database 'C:\Users\AlumnoDAM\Downloads\objectdb-2.8.7\db\ProyFinal.odb' is opened by 3628@PABLO

[2024-05-03 09:28:30 #3 store] 
Configuration path: C:\Users\AlumnoDAM\Downloads\objectdb-2.8.7\objectdb.conf

[2024-05-03 09:28:30 #4 type] 
Type MODELOS.Usuario is not enhanced.

------------------------------------------------------------------------------------------------------------------------

[2024-05-03 09:28:37 #1 store] 
Database 'C:\Users\AlumnoDAM\Downloads\objectdb-2.8.7\db\ProyFinal.odb' is opened by 3808@PABLO

[2024-05-03 09:28:37 #2 store] 
Configuration path: C:\Users\AlumnoDAM\Downloads\objectdb-2.8.7\objectdb.conf

[2024-05-03 09:28:37 #3 type] 
Type MODELOS.Usuario is not enhanced.

------------------------------------------------------------------------------------------------------------------------

[2024-05-03 09:29:28 #1 store] 
Database 'C:\Users\AlumnoDAM\Downloads\objectdb-2.8.7\db\ProyFinal.odb' is opened by 8384@PABLO

[2024-05-03 09:29:28 #2 store] 
Configuration path: C:\Users\AlumnoDAM\Downloads\objectdb-2.8.7\objectdb.conf

[2024-05-03 09:29:28 #3 type] 
Type MODELOS.Usuario is not enhanced.

------------------------------------------------------------------------------------------------------------------------

[2024-05-03 09:33:11 #1 store] 
Database 'C:\Users\AlumnoDAM\Documents\ProyectoFinal\objectdb-2.8.7\db\ProyFinal.odb' is opened by 5608@PABLO

[2024-05-03 09:33:11 #2 store] 
Configuration path: C:\Users\AlumnoDAM\Documents\ProyectoFinal\objectdb-2.8.7\objectdb.conf

[2024-05-03 09:33:11 #3 type] 
Type MODELOS.Usuario is not enhanced.

------------------------------------------------------------------------------------------------------------------------

[2024-05-03 09:48:46 #1 store] 
Database 'C:\Users\AlumnoDAM\Documents\ProyectoFinal\objectdb-2.8.7\db\ProyFinal.odb' is opened by 300@PABLO

[2024-05-03 09:48:46 #2 store] 
Configuration path: C:\Users\AlumnoDAM\Documents\ProyectoFinal\objectdb-2.8.7\objectdb.conf

[2024-05-03 09:48:47 #3 type] 
Type MODELOS.Usuario is not enhanced.

------------------------------------------------------------------------------------------------------------------------

[2024-05-03 09:50:06 #1 store] 
Database 'C:\Users\AlumnoDAM\Documents\ProyectoFinal\objectdb-2.8.7\db\ProyFinal.odb' is opened by 12668@PABLO

[2024-05-03 09:50:06 #2 store] 
Configuration path: C:\Users\AlumnoDAM\Documents\ProyectoFinal\objectdb-2.8.7\objectdb.conf

[2024-05-03 09:50:06 #3 type] 
Type MODELOS.Usuario is not enhanced.

------------------------------------------------------------------------------------------------------------------------

[2024-05-03 09:50:39 #1 store] 
Database 'C:\Users\AlumnoDAM\Documents\ProyectoFinal\objectdb-2.8.7\db\ProyFinal.odb' is opened by 10864@PABLO

[2024-05-03 09:50:39 #2 store] 
Configuration path: C:\Users\AlumnoDAM\Documents\ProyectoFinal\objectdb-2.8.7\objectdb.conf

[2024-05-03 09:50:39 #3 type] 
Type MODELOS.Usuario is not enhanced.

------------------------------------------------------------------------------------------------------------------------

[2024-05-03 09:51:15 #1 store] 
Database 'C:\Users\AlumnoDAM\Documents\ProyectoFinal\objectdb-2.8.7\db\ProyFinal.odb' is opened by 10496@PABLO

[2024-05-03 09:51:15 #2 store] 
Configuration path: C:\Users\AlumnoDAM\Documents\ProyectoFinal\objectdb-2.8.7\objectdb.conf

[2024-05-03 09:51:15 #3 type] 
Type MODELOS.Usuario is not enhanced.

------------------------------------------------------------------------------------------------------------------------

[2024-05-03 09:52:02 #1 store] 
Database 'C:\Users\AlumnoDAM\Documents\ProyectoFinal\objectdb-2.8.7\db\ProyFinal.odb' is opened by 5060@PABLO

[2024-05-03 09:52:02 #2 store] 
Configuration path: C:\Users\AlumnoDAM\Documents\ProyectoFinal\objectdb-2.8.7\objectdb.conf

[2024-05-03 09:52:02 #3 type] 
Type MODELOS.Usuario is not enhanced.

------------------------------------------------------------------------------------------------------------------------

[2024-05-03 10:04:46 #1 store] 
Database 'C:\Users\AlumnoDAM\Documents\ProyectoFinal\objectdb-2.8.7\db\ProyFinal.odb' is opened by 7488@PABLO

[2024-05-03 10:04:46 #2 store] 
Configuration path: C:\Users\AlumnoDAM\Documents\ProyectoFinal\objectdb-2.8.7\objectdb.conf

[2024-05-03 10:04:46 #3 type] 
Type MODELOS.Usuario is not enhanced.

------------------------------------------------------------------------------------------------------------------------

[2024-05-03 10:07:56 #1 store] 
Database 'C:\Users\AlumnoDAM\Documents\ProyectoFinal\objectdb-2.8.7\db\ProyFinal.odb' is opened by 1852@PABLO

[2024-05-03 10:07:56 #2 store] 
Configuration path: C:\Users\AlumnoDAM\Documents\ProyectoFinal\objectdb-2.8.7\objectdb.conf

[2024-05-03 10:07:56 #3 type] 
Type MODELOS.Usuario is not enhanced.

------------------------------------------------------------------------------------------------------------------------

[2024-05-03 10:08:04 #1 store] 
Database 'C:\Users\AlumnoDAM\Documents\ProyectoFinal\objectdb-2.8.7\db\ProyFinal.odb' is opened by 6888@PABLO

[2024-05-03 10:08:04 #2 store] 
Configuration path: C:\Users\AlumnoDAM\Documents\ProyectoFinal\objectdb-2.8.7\objectdb.conf

[2024-05-03 10:08:04 #3 type] 
Type MODELOS.Usuario is not enhanced.

------------------------------------------------------------------------------------------------------------------------

[2024-05-03 10:10:07 #1 store] 
Database 'C:\Users\AlumnoDAM\Documents\ProyectoFinal\objectdb-2.8.7\db\ProyFinal.odb' is opened by 7964@PABLO

[2024-05-03 10:10:07 #2 store] 
Configuration path: C:\Users\AlumnoDAM\Documents\ProyectoFinal\objectdb-2.8.7\objectdb.conf

[2024-05-03 10:10:07 #3 type] 
Type MODELOS.Usuario is not enhanced.

------------------------------------------------------------------------------------------------------------------------

[2024-05-03 10:11:41 #1 store] 
Database 'C:\Users\AlumnoDAM\Documents\ProyectoFinal\objectdb-2.8.7\db\ProyFinal.odb' is opened by 8472@PABLO

[2024-05-03 10:11:41 #2 store] 
Configuration path: C:\Users\AlumnoDAM\Documents\ProyectoFinal\objectdb-2.8.7\objectdb.conf

[2024-05-03 10:11:41 #3 type] 
Type MODELOS.Usuario is not enhanced.

------------------------------------------------------------------------------------------------------------------------

[2024-05-03 12:42:43 #1 store] 
Database 'C:\Users\AlumnoDAM\Documents\ProyectoFinal\objectdb-2.8.7\db\ProyFinal.odb' is opened by 5940@PABLO

[2024-05-03 12:42:43 #2 store] 
Configuration path: C:\Users\AlumnoDAM\Documents\ProyectoFinal\objectdb-2.8.7\objectdb.conf

[2024-05-03 12:42:43 #3 type] 
Type MODELOS.Usuario is not enhanced.

------------------------------------------------------------------------------------------------------------------------

[2024-05-03 12:44:20 #1 store] 
Database 'C:\Users\AlumnoDAM\Documents\ProyectoFinal\objectdb-2.8.7\db\ProyFinal.odb' is opened by 8860@PABLO

[2024-05-03 12:44:20 #2 store] 
Configuration path: C:\Users\AlumnoDAM\Documents\ProyectoFinal\objectdb-2.8.7\objectdb.conf

[2024-05-03 12:44:20 #3 type] 
Type MODELOS.Usuario is not enhanced.

------------------------------------------------------------------------------------------------------------------------

[2024-05-03 12:45:09 #1 store] 
Database 'C:\Users\AlumnoDAM\Documents\ProyectoFinal\objectdb-2.8.7\db\ProyFinal.odb' is opened by 4328@PABLO

[2024-05-03 12:45:09 #2 store] 
Configuration path: C:\Users\AlumnoDAM\Documents\ProyectoFinal\objectdb-2.8.7\objectdb.conf

[2024-05-03 12:45:09 #3 type] 
Type MODELOS.Usuario is not enhanced.

------------------------------------------------------------------------------------------------------------------------

[2024-05-03 13:02:08 #1 store] 
Database 'C:\Users\AlumnoDAM\Documents\ProyectoFinal\objectdb-2.8.7\db\ProyFinal.odb' is opened by 7244@PABLO

[2024-05-03 13:02:08 #2 store] 
Configuration path: C:\Users\AlumnoDAM\Documents\ProyectoFinal\objectdb-2.8.7\objectdb.conf

[2024-05-03 13:02:08 #3 type] 
Type MODELOS.Usuario is not enhanced.

[2024-05-03 13:02:12 #4 type] 
Type MODELOS.Producto is not enhanced.

------------------------------------------------------------------------------------------------------------------------

[2024-05-03 13:03:55 #1 store] 
Database 'C:\Users\AlumnoDAM\Documents\ProyectoFinal\objectdb-2.8.7\db\ProyFinal.odb' has been recovered (tr. 5-5)

[2024-05-03 13:03:55 #2 store] 
Database 'C:\Users\AlumnoDAM\Documents\ProyectoFinal\objectdb-2.8.7\db\ProyFinal.odb' is opened by 1188@PABLO

[2024-05-03 13:03:55 #3 store] 
Configuration path: C:\Users\AlumnoDAM\Documents\ProyectoFinal\objectdb-2.8.7\objectdb.conf

[2024-05-03 13:04:05 #4 store] 
Database 'C:\Users\AlumnoDAM\Documents\ProyectoFinal\objectdb-2.8.7\db\ProyFinal.odb' is closed by 1188@PABLO

------------------------------------------------------------------------------------------------------------------------

[2024-05-03 13:06:34 #1 store] 
Database 'C:\Users\AlumnoDAM\Documents\ProyectoFinal\objectdb-2.8.7\db\ProyFinal.odb' is opened by 11076@PABLO

[2024-05-03 13:06:34 #2 store] 
Configuration path: C:\Users\AlumnoDAM\Documents\ProyectoFinal\objectdb-2.8.7\objectdb.conf

[2024-05-03 13:06:34 #3 type] 
Type MODELOS.Usuario is not enhanced.

[2024-05-03 13:06:34 #4 type] 
Type MODELOS.Producto is not enhanced.

------------------------------------------------------------------------------------------------------------------------

[2024-05-03 13:07:56 #1 store] 
Database 'C:\Users\AlumnoDAM\Documents\ProyectoFinal\objectdb-2.8.7\db\ProyFinal.odb' is opened by 8152@PABLO

[2024-05-03 13:07:56 #2 store] 
Configuration path: C:\Users\AlumnoDAM\Documents\ProyectoFinal\objectdb-2.8.7\objectdb.conf

[2024-05-03 13:07:56 #3 type] 
Type MODELOS.Usuario is not enhanced.

[2024-05-03 13:07:56 #4 type] 
Type MODELOS.Producto is not enhanced.

------------------------------------------------------------------------------------------------------------------------

[2024-05-03 13:09:44 #1 store] 
Database 'C:\Users\AlumnoDAM\Documents\ProyectoFinal\objectdb-2.8.7\db\ProyFinal.odb' is opened by 8180@PABLO

[2024-05-03 13:09:44 #2 store] 
Configuration path: C:\Users\AlumnoDAM\Documents\ProyectoFinal\objectdb-2.8.7\objectdb.conf

[2024-05-03 13:09:44 #3 type] 
Type MODELOS.Usuario is not enhanced.

[2024-05-03 13:09:44 #4 type] 
Type MODELOS.Producto is not enhanced.

------------------------------------------------------------------------------------------------------------------------

[2024-05-03 13:15:45 #1 store] 
Database 'C:\Users\AlumnoDAM\Documents\ProyectoFinal\objectdb-2.8.7\db\ProyFinal.odb' is opened by 11180@PABLO

[2024-05-03 13:15:45 #2 store] 
Configuration path: C:\Users\AlumnoDAM\Documents\ProyectoFinal\objectdb-2.8.7\objectdb.conf

[2024-05-03 13:15:45 #3 type] 
Type MODELOS.Usuario is not enhanced.

[2024-05-03 13:15:45 #4 type] 
Type MODELOS.Producto is not enhanced.

------------------------------------------------------------------------------------------------------------------------

[2024-05-03 13:16:56 #1 store] 
Database 'C:\Users\AlumnoDAM\Documents\ProyectoFinal\objectdb-2.8.7\db\ProyFinal.odb' has been recovered (tr. 6-6)

[2024-05-03 13:16:56 #2 store] 
Database 'C:\Users\AlumnoDAM\Documents\ProyectoFinal\objectdb-2.8.7\db\ProyFinal.odb' is opened by 2772@PABLO

[2024-05-03 13:16:56 #3 store] 
Configuration path: C:\Users\AlumnoDAM\Documents\ProyectoFinal\objectdb-2.8.7\objectdb.conf

[2024-05-03 13:16:56 #4 type] 
Type MODELOS.Usuario is not enhanced.

[2024-05-03 13:16:56 #5 type] 
Type MODELOS.Producto is not enhanced.

------------------------------------------------------------------------------------------------------------------------

[2024-05-03 13:19:16 #1 store] 
Database 'C:\Users\AlumnoDAM\Documents\ProyectoFinal\objectdb-2.8.7\db\ProyFinal.odb' has been recovered (tr. 7-8)

[2024-05-03 13:19:16 #2 store] 
Database 'C:\Users\AlumnoDAM\Documents\ProyectoFinal\objectdb-2.8.7\db\ProyFinal.odb' is opened by 5288@PABLO

[2024-05-03 13:19:16 #3 store] 
Configuration path: C:\Users\AlumnoDAM\Documents\ProyectoFinal\objectdb-2.8.7\objectdb.conf

[2024-05-03 13:19:16 #4 type] 
Type MODELOS.Usuario is not enhanced.

[2024-05-03 13:19:16 #5 type] 
Type MODELOS.Producto is not enhanced.

------------------------------------------------------------------------------------------------------------------------

[2024-05-03 13:20:54 #1 store] 
Database 'C:\Users\AlumnoDAM\Documents\ProyectoFinal\objectdb-2.8.7\db\ProyFinal.odb' has been recovered (tr. 10-12)

[2024-05-03 13:20:54 #2 store] 
Database 'C:\Users\AlumnoDAM\Documents\ProyectoFinal\objectdb-2.8.7\db\ProyFinal.odb' is opened by 13188@PABLO

[2024-05-03 13:20:54 #3 store] 
Configuration path: C:\Users\AlumnoDAM\Documents\ProyectoFinal\objectdb-2.8.7\objectdb.conf

[2024-05-03 13:20:54 #4 type] 
Type MODELOS.Usuario is not enhanced.

[2024-05-03 13:20:54 #5 type] 
Type MODELOS.Producto is not enhanced.

------------------------------------------------------------------------------------------------------------------------

[2024-05-03 13:23:30 #1 store] 
Database 'C:\Users\AlumnoDAM\Documents\ProyectoFinal\objectdb-2.8.7\db\ProyFinal.odb' has been recovered (tr. 13-15)

[2024-05-03 13:23:30 #2 store] 
Database 'C:\Users\AlumnoDAM\Documents\ProyectoFinal\objectdb-2.8.7\db\ProyFinal.odb' is opened by 10252@PABLO

[2024-05-03 13:23:30 #3 store] 
Configuration path: C:\Users\AlumnoDAM\Documents\ProyectoFinal\objectdb-2.8.7\objectdb.conf

[2024-05-03 13:23:30 #4 type] 
Type MODELOS.Usuario is not enhanced.

[2024-05-03 13:23:30 #5 type] 
Type MODELOS.Producto is not enhanced.

------------------------------------------------------------------------------------------------------------------------

[2024-05-03 13:24:00 #1 store] 
Database 'C:\Users\AlumnoDAM\Documents\ProyectoFinal\objectdb-2.8.7\db\ProyFinal.odb' is opened by 3876@PABLO

[2024-05-03 13:24:00 #2 store] 
Configuration path: C:\Users\AlumnoDAM\Documents\ProyectoFinal\objectdb-2.8.7\objectdb.conf

[2024-05-03 13:24:00 #3 type] 
Type MODELOS.Usuario is not enhanced.

[2024-05-03 13:24:00 #4 type] 
Type MODELOS.Producto is not enhanced.

------------------------------------------------------------------------------------------------------------------------

[2024-05-03 13:24:30 #1 store] 
Database 'C:\Users\AlumnoDAM\Documents\ProyectoFinal\objectdb-2.8.7\db\ProyFinal.odb' is opened by 3384@PABLO

[2024-05-03 13:24:30 #2 store] 
Configuration path: C:\Users\AlumnoDAM\Documents\ProyectoFinal\objectdb-2.8.7\objectdb.conf

[2024-05-03 13:24:30 #3 type] 
Type MODELOS.Usuario is not enhanced.

[2024-05-03 13:24:30 #4 type] 
Type MODELOS.Producto is not enhanced.

------------------------------------------------------------------------------------------------------------------------

[2024-05-03 13:25:42 #1 store] 
Database 'C:\Users\AlumnoDAM\Documents\ProyectoFinal\objectdb-2.8.7\db\ProyFinal.odb' has been recovered (tr. 17-21)

[2024-05-03 13:25:42 #2 store] 
Database 'C:\Users\AlumnoDAM\Documents\ProyectoFinal\objectdb-2.8.7\db\ProyFinal.odb' is opened by 944@PABLO

[2024-05-03 13:25:42 #3 store] 
Configuration path: C:\Users\AlumnoDAM\Documents\ProyectoFinal\objectdb-2.8.7\objectdb.conf

[2024-05-03 13:25:42 #4 type] 
Type MODELOS.Usuario is not enhanced.

[2024-05-03 13:25:42 #5 type] 
Type MODELOS.Producto is not enhanced.

------------------------------------------------------------------------------------------------------------------------

[2024-05-03 13:27:04 #1 store] 
Database 'C:\Users\AlumnoDAM\Documents\ProyectoFinal\objectdb-2.8.7\db\ProyFinal.odb' is opened by 8296@PABLO

[2024-05-03 13:27:04 #2 store] 
Configuration path: C:\Users\AlumnoDAM\Documents\ProyectoFinal\objectdb-2.8.7\objectdb.conf

[2024-05-03 13:27:04 #3 type] 
Type MODELOS.Usuario is not enhanced.

[2024-05-03 13:27:04 #4 type] 
Type MODELOS.Producto is not enhanced.

------------------------------------------------------------------------------------------------------------------------

[2024-05-03 13:27:14 #1 store] 
Database 'C:\Users\AlumnoDAM\Documents\ProyectoFinal\objectdb-2.8.7\db\ProyFinal.odb' is opened by 11628@PABLO

[2024-05-03 13:27:14 #2 store] 
Configuration path: C:\Users\AlumnoDAM\Documents\ProyectoFinal\objectdb-2.8.7\objectdb.conf

[2024-05-03 13:27:14 #3 type] 
Type MODELOS.Usuario is not enhanced.

[2024-05-03 13:27:14 #4 type] 
Type MODELOS.Producto is not enhanced.

------------------------------------------------------------------------------------------------------------------------

[2024-05-03 13:29:59 #1 store] 
Database 'C:\Users\AlumnoDAM\Documents\ProyectoFinal\objectdb-2.8.7\db\ProyFinal.odb' is opened by 6396@PABLO

[2024-05-03 13:29:59 #2 store] 
Configuration path: C:\Users\AlumnoDAM\Documents\ProyectoFinal\objectdb-2.8.7\objectdb.conf

[2024-05-03 13:29:59 #3 type] 
Type MODELOS.Usuario is not enhanced.

[2024-05-03 13:29:59 #4 type] 
Type MODELOS.Producto is not enhanced.

------------------------------------------------------------------------------------------------------------------------

[2024-05-03 13:30:38 #1 store] 
Database 'C:\Users\AlumnoDAM\Documents\ProyectoFinal\objectdb-2.8.7\db\ProyFinal.odb' is opened by 8804@PABLO

[2024-05-03 13:30:38 #2 store] 
Configuration path: C:\Users\AlumnoDAM\Documents\ProyectoFinal\objectdb-2.8.7\objectdb.conf

[2024-05-03 13:30:38 #3 type] 
Type MODELOS.Usuario is not enhanced.

[2024-05-03 13:30:38 #4 type] 
Type MODELOS.Producto is not enhanced.

------------------------------------------------------------------------------------------------------------------------

[2024-05-03 13:31:13 #1 store] 
Database 'C:\Users\AlumnoDAM\Documents\ProyectoFinal\objectdb-2.8.7\db\ProyFinal.odb' is opened by 14044@PABLO

[2024-05-03 13:31:13 #2 store] 
Configuration path: C:\Users\AlumnoDAM\Documents\ProyectoFinal\objectdb-2.8.7\objectdb.conf

[2024-05-03 13:31:13 #3 type] 
Type MODELOS.Usuario is not enhanced.

[2024-05-03 13:31:13 #4 type] 
Type MODELOS.Producto is not enhanced.

------------------------------------------------------------------------------------------------------------------------

[2024-05-03 13:31:24 #1 store] 
Database 'C:\Users\AlumnoDAM\Documents\ProyectoFinal\objectdb-2.8.7\db\ProyFinal.odb' is opened by 3824@PABLO

[2024-05-03 13:31:24 #2 store] 
Configuration path: C:\Users\AlumnoDAM\Documents\ProyectoFinal\objectdb-2.8.7\objectdb.conf

[2024-05-03 13:31:24 #3 type] 
Type MODELOS.Usuario is not enhanced.

[2024-05-03 13:31:24 #4 type] 
Type MODELOS.Producto is not enhanced.

------------------------------------------------------------------------------------------------------------------------

[2024-05-03 13:33:13 #1 store] 
Database 'C:\Users\AlumnoDAM\Documents\ProyectoFinal\objectdb-2.8.7\db\ProyFinal.odb' is opened by 9328@PABLO

[2024-05-03 13:33:13 #2 store] 
Configuration path: C:\Users\AlumnoDAM\Documents\ProyectoFinal\objectdb-2.8.7\objectdb.conf

[2024-05-03 13:33:13 #3 type] 
Type MODELOS.Usuario is not enhanced.

[2024-05-03 13:33:13 #4 type] 
Type MODELOS.Producto is not enhanced.

------------------------------------------------------------------------------------------------------------------------

[2024-05-03 13:33:50 #1 store] 
Database 'C:\Users\AlumnoDAM\Documents\ProyectoFinal\objectdb-2.8.7\db\ProyFinal.odb' is opened by 8472@PABLO

[2024-05-03 13:33:50 #2 store] 
Configuration path: C:\Users\AlumnoDAM\Documents\ProyectoFinal\objectdb-2.8.7\objectdb.conf

[2024-05-03 13:33:50 #3 type] 
Type MODELOS.Usuario is not enhanced.

[2024-05-03 13:33:50 #4 type] 
Type MODELOS.Producto is not enhanced.

------------------------------------------------------------------------------------------------------------------------

[2024-05-03 13:34:28 #1 store] 
Database 'C:\Users\AlumnoDAM\Documents\ProyectoFinal\objectdb-2.8.7\db\ProyFinal.odb' is opened by 6880@PABLO

[2024-05-03 13:34:28 #2 store] 
Configuration path: C:\Users\AlumnoDAM\Documents\ProyectoFinal\objectdb-2.8.7\objectdb.conf

[2024-05-03 13:34:29 #3 type] 
Type MODELOS.Usuario is not enhanced.

[2024-05-03 13:34:29 #4 type] 
Type MODELOS.Producto is not enhanced.

------------------------------------------------------------------------------------------------------------------------

[2024-05-03 13:34:56 #1 store] 
Database 'C:\Users\AlumnoDAM\Documents\ProyectoFinal\objectdb-2.8.7\db\ProyFinal.odb' is opened by 11988@PABLO

[2024-05-03 13:34:56 #2 store] 
Configuration path: C:\Users\AlumnoDAM\Documents\ProyectoFinal\objectdb-2.8.7\objectdb.conf

[2024-05-03 13:34:56 #3 type] 
Type MODELOS.Usuario is not enhanced.

[2024-05-03 13:34:56 #4 type] 
Type MODELOS.Producto is not enhanced.

------------------------------------------------------------------------------------------------------------------------

[2024-05-03 13:45:36 #1 store] 
Database 'C:\Users\AlumnoDAM\Documents\ProyectoFinal\objectdb-2.8.7\db\ProyFinal.odb' is opened by 8904@PABLO

[2024-05-03 13:45:36 #2 store] 
Configuration path: C:\Users\AlumnoDAM\Documents\ProyectoFinal\objectdb-2.8.7\objectdb.conf

[2024-05-03 13:45:36 #3 type] 
Type MODELOS.Usuario is not enhanced.

[2024-05-03 13:45:36 #4 type] 
Type MODELOS.Producto is not enhanced.

------------------------------------------------------------------------------------------------------------------------

[2024-05-03 13:48:32 #1 store] 
Database 'C:\Users\AlumnoDAM\Documents\ProyectoFinal\objectdb-2.8.7\db\ProyFinal.odb' has been recovered (tr. 23-29)

[2024-05-03 13:48:32 #2 store] 
Database 'C:\Users\AlumnoDAM\Documents\ProyectoFinal\objectdb-2.8.7\db\ProyFinal.odb' is opened by 6384@PABLO

[2024-05-03 13:48:32 #3 store] 
Configuration path: C:\Users\AlumnoDAM\Documents\ProyectoFinal\objectdb-2.8.7\objectdb.conf

[2024-05-03 13:48:33 #4 type] 
Type MODELOS.Usuario is not enhanced.

[2024-05-03 13:48:33 #5 type] 
Type MODELOS.Producto is not enhanced.

------------------------------------------------------------------------------------------------------------------------

[2024-05-03 13:49:39 #1 store] 
Database 'C:\Users\AlumnoDAM\Documents\ProyectoFinal\objectdb-2.8.7\db\ProyFinal.odb' has been recovered (tr. 30-30)

[2024-05-03 13:49:39 #2 store] 
Database 'C:\Users\AlumnoDAM\Documents\ProyectoFinal\objectdb-2.8.7\db\ProyFinal.odb' is opened by 3488@PABLO

[2024-05-03 13:49:39 #3 store] 
Configuration path: C:\Users\AlumnoDAM\Documents\ProyectoFinal\objectdb-2.8.7\objectdb.conf

[2024-05-03 13:49:39 #4 type] 
Type MODELOS.Usuario is not enhanced.

[2024-05-03 13:49:39 #5 type] 
Type MODELOS.Producto is not enhanced.

------------------------------------------------------------------------------------------------------------------------

[2024-05-03 13:50:57 #1 store] 
Database 'C:\Users\AlumnoDAM\Documents\ProyectoFinal\objectdb-2.8.7\db\ProyFinal.odb' has been recovered (tr. 32-46)

[2024-05-03 13:50:57 #2 store] 
Database 'C:\Users\AlumnoDAM\Documents\ProyectoFinal\objectdb-2.8.7\db\ProyFinal.odb' is opened by 9196@PABLO

[2024-05-03 13:50:57 #3 store] 
Configuration path: C:\Users\AlumnoDAM\Documents\ProyectoFinal\objectdb-2.8.7\objectdb.conf

[2024-05-03 13:50:57 #4 type] 
Type MODELOS.Usuario is not enhanced.

[2024-05-03 13:50:57 #5 type] 
Type MODELOS.Producto is not enhanced.

------------------------------------------------------------------------------------------------------------------------

[2024-05-03 13:51:33 #1 store] 
Database 'C:\Users\AlumnoDAM\Documents\ProyectoFinal\objectdb-2.8.7\db\MiniAgenda.odb' is opened by 11792@PABLO

[2024-05-03 13:51:33 #2 store] 
Configuration path: C:\Users\AlumnoDAM\Documents\ProyectoFinal\objectdb-2.8.7\objectdb.conf

[2024-05-03 13:51:37 #3 type] 
Type Modelos.Deportista is not enhanced.

------------------------------------------------------------------------------------------------------------------------

[2024-05-03 14:00:33 #1 store] 
Database 'C:\Users\AlumnoDAM\Documents\ProyectoFinal\objectdb-2.8.7\db\ProyFinal.odb' has been recovered (tr. 48-48)

[2024-05-03 14:00:33 #2 store] 
Database 'C:\Users\AlumnoDAM\Documents\ProyectoFinal\objectdb-2.8.7\db\ProyFinal.odb' is opened by 13096@PABLO

[2024-05-03 14:00:33 #3 store] 
Configuration path: C:\Users\AlumnoDAM\Documents\ProyectoFinal\objectdb-2.8.7\objectdb.conf

[2024-05-03 14:00:33 #4 type] 
Type MODELOS.Usuario is not enhanced.

[2024-05-03 14:00:33 #5 type] 
Type MODELOS.Producto is not enhanced.

------------------------------------------------------------------------------------------------------------------------

[2024-05-03 14:01:20 #1 store] 
Database 'C:\Users\AlumnoDAM\Documents\ProyectoFinal\objectdb-2.8.7\db\ProyFinal.odb' is opened by 1904@PABLO

[2024-05-03 14:01:20 #2 store] 
Configuration path: C:\Users\AlumnoDAM\Documents\ProyectoFinal\objectdb-2.8.7\objectdb.conf

[2024-05-03 14:01:20 #3 type] 
Type MODELOS.Usuario is not enhanced.

[2024-05-03 14:01:20 #4 type] 
Type MODELOS.Producto is not enhanced.

------------------------------------------------------------------------------------------------------------------------

[2024-05-03 14:03:32 #1 store] 
Database 'C:\Users\AlumnoDAM\Documents\ProyectoFinal\objectdb-2.8.7\db\ProyFinal.odb' is opened by 14132@PABLO

[2024-05-03 14:03:32 #2 store] 
Configuration path: C:\Users\AlumnoDAM\Documents\ProyectoFinal\objectdb-2.8.7\objectdb.conf

[2024-05-03 14:03:32 #3 type] 
Type MODELOS.Usuario is not enhanced.

[2024-05-03 14:03:32 #4 type] 
Type MODELOS.Producto is not enhanced.

------------------------------------------------------------------------------------------------------------------------

[2024-05-03 14:04:42 #1 store] 
Database 'C:\Users\AlumnoDAM\Documents\ProyectoFinal\objectdb-2.8.7\db\ProyFinal.odb' is opened by 10568@PABLO

[2024-05-03 14:04:42 #2 store] 
Configuration path: C:\Users\AlumnoDAM\Documents\ProyectoFinal\objectdb-2.8.7\objectdb.conf

[2024-05-03 14:04:42 #3 type] 
Type MODELOS.Usuario is not enhanced.

[2024-05-03 14:04:42 #4 type] 
Type MODELOS.Producto is not enhanced.

------------------------------------------------------------------------------------------------------------------------

[2024-05-03 14:06:19 #1 store] 
Database 'C:\Users\AlumnoDAM\Documents\ProyectoFinal\objectdb-2.8.7\db\ProyFinal.odb' is opened by 14160@PABLO

[2024-05-03 14:06:19 #2 store] 
Configuration path: C:\Users\AlumnoDAM\Documents\ProyectoFinal\objectdb-2.8.7\objectdb.conf

[2024-05-03 14:06:19 #3 type] 
Type MODELOS.Usuario is not enhanced.

[2024-05-03 14:06:19 #4 type] 
Type MODELOS.Producto is not enhanced.

------------------------------------------------------------------------------------------------------------------------

[2024-05-03 14:07:55 #1 store] 
Database 'C:\Users\AlumnoDAM\Documents\ProyectoFinal\objectdb-2.8.7\db\ProyFinal.odb' is opened by 14872@PABLO

[2024-05-03 14:07:55 #2 store] 
Configuration path: C:\Users\AlumnoDAM\Documents\ProyectoFinal\objectdb-2.8.7\objectdb.conf

[2024-05-03 14:07:55 #3 type] 
Type MODELOS.Usuario is not enhanced.

[2024-05-03 14:07:55 #4 type] 
Type MODELOS.Producto is not enhanced.

------------------------------------------------------------------------------------------------------------------------

[2024-05-03 14:08:45 #1 store] 
Database 'C:\Users\AlumnoDAM\Documents\ProyectoFinal\objectdb-2.8.7\db\ProyFinal.odb' is opened by 5212@PABLO

[2024-05-03 14:08:45 #2 store] 
Configuration path: C:\Users\AlumnoDAM\Documents\ProyectoFinal\objectdb-2.8.7\objectdb.conf

[2024-05-03 14:08:45 #3 type] 
Type MODELOS.Usuario is not enhanced.

[2024-05-03 14:08:45 #4 type] 
Type MODELOS.Producto is not enhanced.

------------------------------------------------------------------------------------------------------------------------

[2024-05-03 14:10:22 #1 store] 
Database 'C:\Users\AlumnoDAM\Documents\ProyectoFinal\objectdb-2.8.7\db\ProyFinal.odb' is opened by 7568@PABLO

[2024-05-03 14:10:22 #2 store] 
Configuration path: C:\Users\AlumnoDAM\Documents\ProyectoFinal\objectdb-2.8.7\objectdb.conf

[2024-05-03 14:10:22 #3 type] 
Type MODELOS.Usuario is not enhanced.

[2024-05-03 14:10:22 #4 type] 
Type MODELOS.Producto is not enhanced.

------------------------------------------------------------------------------------------------------------------------

[2024-05-03 14:11:11 #1 store] 
Database 'C:\Users\AlumnoDAM\Documents\ProyectoFinal\objectdb-2.8.7\db\ProyFinal.odb' is opened by 13088@PABLO

[2024-05-03 14:11:11 #2 store] 
Configuration path: C:\Users\AlumnoDAM\Documents\ProyectoFinal\objectdb-2.8.7\objectdb.conf

[2024-05-03 14:11:11 #3 type] 
Type MODELOS.Usuario is not enhanced.

[2024-05-03 14:11:11 #4 type] 
Type MODELOS.Producto is not enhanced.

------------------------------------------------------------------------------------------------------------------------

[2024-05-03 14:15:01 #1 store] 
Database 'C:\Users\AlumnoDAM\Documents\ProyectoFinal\objectdb-2.8.7\db\ProyFinal.odb' is opened by 4484@PABLO

[2024-05-03 14:15:01 #2 store] 
Configuration path: C:\Users\AlumnoDAM\Documents\ProyectoFinal\objectdb-2.8.7\objectdb.conf

[2024-05-03 14:15:01 #3 type] 
Type MODELOS.Usuario is not enhanced.

[2024-05-03 14:15:01 #4 type] 
Type MODELOS.Producto is not enhanced.

------------------------------------------------------------------------------------------------------------------------

[2024-05-03 15:04:53 #1 store] 
Database 'C:\Users\palit\OneDrive\Documentos\ProyectoFinalProgramacion\objectdb-2.8.7\db\ProyFinal.odb' is opened by 1416@Pablo

[2024-05-03 15:04:53 #2 store] 
Configuration path: C:\Users\palit\OneDrive\Documentos\ProyectoFinalProgramacion\objectdb-2.8.7\objectdb.conf

[2024-05-03 15:04:53 #3 type] 
Type MODELOS.Usuario is not enhanced.

[2024-05-03 15:04:53 #4 type] 
Type MODELOS.Producto is not enhanced.

------------------------------------------------------------------------------------------------------------------------

[2024-05-03 15:07:12 #1 store] 
Database 'C:\Users\palit\OneDrive\Documentos\ProyectoFinalProgramacion\objectdb-2.8.7\db\ProyFinal.odb' is opened by 12824@Pablo

[2024-05-03 15:07:12 #2 store] 
Configuration path: C:\Users\palit\OneDrive\Documentos\ProyectoFinalProgramacion\objectdb-2.8.7\objectdb.conf

[2024-05-03 15:07:12 #3 type] 
Type MODELOS.Usuario is not enhanced.

[2024-05-03 15:07:12 #4 type] 
Type MODELOS.Producto is not enhanced.

------------------------------------------------------------------------------------------------------------------------

[2024-05-03 15:07:42 #1 store] 
Database 'C:\Users\palit\OneDrive\Documentos\ProyectoFinalProgramacion\objectdb-2.8.7\db\ProyFinal.odb' is opened by 20048@Pablo

[2024-05-03 15:07:42 #2 store] 
Configuration path: C:\Users\palit\OneDrive\Documentos\ProyectoFinalProgramacion\objectdb-2.8.7\objectdb.conf

[2024-05-03 15:07:42 #3 type] 
Type MODELOS.Usuario is not enhanced.

[2024-05-03 15:07:42 #4 type] 
Type MODELOS.Producto is not enhanced.

------------------------------------------------------------------------------------------------------------------------

[2024-05-03 15:08:22 #1 store] 
Database 'C:\Users\palit\OneDrive\Documentos\ProyectoFinalProgramacion\objectdb-2.8.7\db\ProyFinal.odb' is opened by 21956@Pablo

[2024-05-03 15:08:22 #2 store] 
Configuration path: C:\Users\palit\OneDrive\Documentos\ProyectoFinalProgramacion\objectdb-2.8.7\objectdb.conf

[2024-05-03 15:08:22 #3 type] 
Type MODELOS.Usuario is not enhanced.

[2024-05-03 15:08:22 #4 type] 
Type MODELOS.Producto is not enhanced.

------------------------------------------------------------------------------------------------------------------------

[2024-05-03 15:09:03 #1 store] 
Database 'C:\Users\palit\OneDrive\Documentos\ProyectoFinalProgramacion\objectdb-2.8.7\db\ProyFinal.odb' is opened by 6080@Pablo

[2024-05-03 15:09:03 #2 store] 
Configuration path: C:\Users\palit\OneDrive\Documentos\ProyectoFinalProgramacion\objectdb-2.8.7\objectdb.conf

[2024-05-03 15:09:03 #3 type] 
Type MODELOS.Usuario is not enhanced.

[2024-05-03 15:09:03 #4 type] 
Type MODELOS.Producto is not enhanced.

------------------------------------------------------------------------------------------------------------------------

[2024-05-03 15:10:29 #1 store] 
Database 'C:\Users\palit\OneDrive\Documentos\ProyectoFinalProgramacion\objectdb-2.8.7\db\ProyFinal.odb' is opened by 15260@Pablo

[2024-05-03 15:10:29 #2 store] 
Configuration path: C:\Users\palit\OneDrive\Documentos\ProyectoFinalProgramacion\objectdb-2.8.7\objectdb.conf

[2024-05-03 15:10:29 #3 type] 
Type MODELOS.Usuario is not enhanced.

[2024-05-03 15:10:29 #4 type] 
Type MODELOS.Producto is not enhanced.

------------------------------------------------------------------------------------------------------------------------

[2024-05-03 15:13:03 #1 store] 
Database 'C:\Users\palit\OneDrive\Documentos\ProyectoFinalProgramacion\objectdb-2.8.7\db\ProyFinal.odb' is opened by 7552@Pablo

[2024-05-03 15:13:03 #2 store] 
Configuration path: C:\Users\palit\OneDrive\Documentos\ProyectoFinalProgramacion\objectdb-2.8.7\objectdb.conf

[2024-05-03 15:13:03 #3 type] 
Type MODELOS.Usuario is not enhanced.

[2024-05-03 15:13:03 #4 type] 
Type MODELOS.Producto is not enhanced.

------------------------------------------------------------------------------------------------------------------------

[2024-05-03 15:13:51 #1 store] 
Database 'C:\Users\palit\OneDrive\Documentos\ProyectoFinalProgramacion\objectdb-2.8.7\db\ProyFinal.odb' is opened by 2480@Pablo

[2024-05-03 15:13:51 #2 store] 
Configuration path: C:\Users\palit\OneDrive\Documentos\ProyectoFinalProgramacion\objectdb-2.8.7\objectdb.conf

[2024-05-03 15:13:51 #3 type] 
Type MODELOS.Usuario is not enhanced.

[2024-05-03 15:13:51 #4 type] 
Type MODELOS.Producto is not enhanced.

------------------------------------------------------------------------------------------------------------------------

[2024-05-03 15:15:39 #1 store] 
Database 'C:\Users\palit\OneDrive\Documentos\ProyectoFinalProgramacion\objectdb-2.8.7\db\ProyFinal.odb' is opened by 17664@Pablo

[2024-05-03 15:15:39 #2 store] 
Configuration path: C:\Users\palit\OneDrive\Documentos\ProyectoFinalProgramacion\objectdb-2.8.7\objectdb.conf

[2024-05-03 15:15:39 #3 type] 
Type MODELOS.Usuario is not enhanced.

[2024-05-03 15:15:39 #4 type] 
Type MODELOS.Producto is not enhanced.

------------------------------------------------------------------------------------------------------------------------

[2024-05-03 15:16:38 #1 store] 
Database 'C:\Users\palit\OneDrive\Documentos\ProyectoFinalProgramacion\objectdb-2.8.7\db\ProyFinal.odb' is opened by 19016@Pablo

[2024-05-03 15:16:38 #2 store] 
Configuration path: C:\Users\palit\OneDrive\Documentos\ProyectoFinalProgramacion\objectdb-2.8.7\objectdb.conf

[2024-05-03 15:16:38 #3 type] 
Type MODELOS.Usuario is not enhanced.

[2024-05-03 15:16:38 #4 type] 
Type MODELOS.Producto is not enhanced.

------------------------------------------------------------------------------------------------------------------------

[2024-05-03 15:25:25 #1 store] 
Database 'C:\Users\palit\OneDrive\Documentos\ProyectoFinalProgramacion\objectdb-2.8.7\db\ProyFinal.odb' is opened by 17844@Pablo

[2024-05-03 15:25:25 #2 store] 
Configuration path: C:\Users\palit\OneDrive\Documentos\ProyectoFinalProgramacion\objectdb-2.8.7\objectdb.conf

[2024-05-03 15:25:25 #3 type] 
Type MODELOS.Usuario is not enhanced.

[2024-05-03 15:25:25 #4 type] 
Type MODELOS.Producto is not enhanced.

------------------------------------------------------------------------------------------------------------------------

[2024-05-03 15:25:59 #1 store] 
Database 'C:\Users\palit\OneDrive\Documentos\ProyectoFinalProgramacion\objectdb-2.8.7\db\ProyFinal.odb' is opened by 4976@Pablo

[2024-05-03 15:25:59 #2 store] 
Configuration path: C:\Users\palit\OneDrive\Documentos\ProyectoFinalProgramacion\objectdb-2.8.7\objectdb.conf

[2024-05-03 15:25:59 #3 type] 
Type MODELOS.Usuario is not enhanced.

[2024-05-03 15:25:59 #4 type] 
Type MODELOS.Producto is not enhanced.

------------------------------------------------------------------------------------------------------------------------

[2024-05-03 15:27:11 #1 store] 
Database 'C:\Users\palit\OneDrive\Documentos\ProyectoFinalProgramacion\objectdb-2.8.7\db\ProyFinal.odb' is opened by 12092@Pablo

[2024-05-03 15:27:11 #2 store] 
Configuration path: C:\Users\palit\OneDrive\Documentos\ProyectoFinalProgramacion\objectdb-2.8.7\objectdb.conf

[2024-05-03 15:27:11 #3 type] 
Type MODELOS.Usuario is not enhanced.

[2024-05-03 15:27:11 #4 type] 
Type MODELOS.Producto is not enhanced.

------------------------------------------------------------------------------------------------------------------------

[2024-05-03 15:29:34 #1 store] 
Database 'C:\Users\palit\OneDrive\Documentos\ProyectoFinalProgramacion\objectdb-2.8.7\db\ProyFinal.odb' is opened by 21820@Pablo

[2024-05-03 15:29:34 #2 store] 
Configuration path: C:\Users\palit\OneDrive\Documentos\ProyectoFinalProgramacion\objectdb-2.8.7\objectdb.conf

[2024-05-03 15:29:34 #3 type] 
Type MODELOS.Usuario is not enhanced.

[2024-05-03 15:29:34 #4 type] 
Type MODELOS.Producto is not enhanced.

------------------------------------------------------------------------------------------------------------------------

[2024-05-03 15:30:00 #1 store] 
Database 'C:\Users\palit\OneDrive\Documentos\ProyectoFinalProgramacion\objectdb-2.8.7\db\ProyFinal.odb' is opened by 23556@Pablo

[2024-05-03 15:30:00 #2 store] 
Configuration path: C:\Users\palit\OneDrive\Documentos\ProyectoFinalProgramacion\objectdb-2.8.7\objectdb.conf

[2024-05-03 15:30:00 #3 type] 
Type MODELOS.Usuario is not enhanced.

[2024-05-03 15:30:00 #4 type] 
Type MODELOS.Producto is not enhanced.

------------------------------------------------------------------------------------------------------------------------

[2024-05-03 15:30:49 #1 store] 
Database 'C:\Users\palit\OneDrive\Documentos\ProyectoFinalProgramacion\objectdb-2.8.7\db\ProyFinal.odb' is opened by 6728@Pablo

[2024-05-03 15:30:49 #2 store] 
Configuration path: C:\Users\palit\OneDrive\Documentos\ProyectoFinalProgramacion\objectdb-2.8.7\objectdb.conf

[2024-05-03 15:30:49 #3 type] 
Type MODELOS.Usuario is not enhanced.

[2024-05-03 15:30:49 #4 type] 
Type MODELOS.Producto is not enhanced.

------------------------------------------------------------------------------------------------------------------------

[2024-05-03 15:32:46 #1 store] 
Database 'C:\Users\palit\OneDrive\Documentos\ProyectoFinalProgramacion\objectdb-2.8.7\db\ProyFinal.odb' is opened by 5484@Pablo

[2024-05-03 15:32:46 #2 store] 
Configuration path: C:\Users\palit\OneDrive\Documentos\ProyectoFinalProgramacion\objectdb-2.8.7\objectdb.conf

[2024-05-03 15:32:46 #3 type] 
Type MODELOS.Usuario is not enhanced.

[2024-05-03 15:32:46 #4 type] 
Type MODELOS.Producto is not enhanced.

------------------------------------------------------------------------------------------------------------------------

[2024-05-03 16:01:51 #1 store] 
Database 'C:\Users\palit\OneDrive\Documentos\ProyectoFinalProgramacion\objectdb-2.8.7\db\ProyFinal.odb' is opened by 13184@Pablo

[2024-05-03 16:01:51 #2 store] 
Configuration path: C:\Users\palit\OneDrive\Documentos\ProyectoFinalProgramacion\objectdb-2.8.7\objectdb.conf

[2024-05-03 16:01:52 #3 type] 
Type MODELOS.Usuario is not enhanced.

[2024-05-03 16:01:52 #4 type] 
Type MODELOS.Producto is not enhanced.

------------------------------------------------------------------------------------------------------------------------

[2024-05-03 16:16:11 #1 store] 
Database 'C:\Users\palit\OneDrive\Documentos\ProyectoFinalProgramacion\objectdb-2.8.7\db\ProyFinal.odb' is opened by 13036@Pablo

[2024-05-03 16:16:11 #2 store] 
Configuration path: C:\Users\palit\OneDrive\Documentos\ProyectoFinalProgramacion\objectdb-2.8.7\objectdb.conf

[2024-05-03 16:16:11 #3 type] 
Type MODELOS.Usuario is not enhanced.

------------------------------------------------------------------------------------------------------------------------

[2024-05-03 16:16:49 #1 store] 
Database 'C:\Users\palit\OneDrive\Documentos\ProyectoFinalProgramacion\objectdb-2.8.7\db\ProyFinal.odb' is opened by 13320@Pablo

[2024-05-03 16:16:49 #2 store] 
Configuration path: C:\Users\palit\OneDrive\Documentos\ProyectoFinalProgramacion\objectdb-2.8.7\objectdb.conf

[2024-05-03 16:16:49 #3 type] 
Type MODELOS.Usuario is not enhanced.

------------------------------------------------------------------------------------------------------------------------

[2024-05-03 16:17:28 #1 store] 
Database 'C:\Users\palit\OneDrive\Documentos\ProyectoFinalProgramacion\objectdb-2.8.7\db\ProyFinal.odb' is opened by 5124@Pablo

[2024-05-03 16:17:28 #2 store] 
Configuration path: C:\Users\palit\OneDrive\Documentos\ProyectoFinalProgramacion\objectdb-2.8.7\objectdb.conf

[2024-05-03 16:17:28 #3 type] 
Type MODELOS.Usuario is not enhanced.

------------------------------------------------------------------------------------------------------------------------

[2024-05-03 16:17:50 #1 store] 
Database 'C:\Users\palit\OneDrive\Documentos\ProyectoFinalProgramacion\objectdb-2.8.7\db\ProyFinal.odb' is opened by 17212@Pablo

[2024-05-03 16:17:50 #2 store] 
Configuration path: C:\Users\palit\OneDrive\Documentos\ProyectoFinalProgramacion\objectdb-2.8.7\objectdb.conf

[2024-05-03 16:17:50 #3 type] 
Type MODELOS.Usuario is not enhanced.

------------------------------------------------------------------------------------------------------------------------

[2024-05-03 16:30:25 #1 store] 
Database 'C:\Users\palit\OneDrive\Documentos\ProyectoFinalProgramacion\objectdb-2.8.7\db\ProyFinal.odb' is opened by 22548@Pablo

[2024-05-03 16:30:25 #2 store] 
Configuration path: C:\Users\palit\OneDrive\Documentos\ProyectoFinalProgramacion\objectdb-2.8.7\objectdb.conf

[2024-05-03 16:30:25 #3 type] 
Type MODELOS.Usuario is not enhanced.

------------------------------------------------------------------------------------------------------------------------

[2024-05-03 16:30:59 #1 store] 
Database 'C:\Users\palit\OneDrive\Documentos\ProyectoFinalProgramacion\objectdb-2.8.7\db\ProyFinal.odb' is opened by 15388@Pablo

[2024-05-03 16:30:59 #2 store] 
Configuration path: C:\Users\palit\OneDrive\Documentos\ProyectoFinalProgramacion\objectdb-2.8.7\objectdb.conf

[2024-05-03 16:30:59 #3 type] 
Type MODELOS.Usuario is not enhanced.

------------------------------------------------------------------------------------------------------------------------

[2024-05-03 16:31:46 #1 store] 
Database 'C:\Users\palit\OneDrive\Documentos\ProyectoFinalProgramacion\objectdb-2.8.7\db\ProyFinal.odb' is opened by 11012@Pablo

[2024-05-03 16:31:46 #2 store] 
Configuration path: C:\Users\palit\OneDrive\Documentos\ProyectoFinalProgramacion\objectdb-2.8.7\objectdb.conf

[2024-05-03 16:31:46 #3 type] 
Type MODELOS.Usuario is not enhanced.

------------------------------------------------------------------------------------------------------------------------

[2024-05-03 16:32:07 #1 store] 
Database 'C:\Users\palit\OneDrive\Documentos\ProyectoFinalProgramacion\objectdb-2.8.7\db\ProyFinal.odb' has been recovered (tr. 5-5)

[2024-05-03 16:32:07 #2 store] 
Database 'C:\Users\palit\OneDrive\Documentos\ProyectoFinalProgramacion\objectdb-2.8.7\db\ProyFinal.odb' is opened by 11740@Pablo

[2024-05-03 16:32:07 #3 store] 
Configuration path: C:\Users\palit\OneDrive\Documentos\ProyectoFinalProgramacion\objectdb-2.8.7\objectdb.conf

[2024-05-03 16:32:07 #4 type] 
Type MODELOS.Usuario is not enhanced.

------------------------------------------------------------------------------------------------------------------------

[2024-05-03 16:32:43 #1 store] 
Database 'C:\Users\palit\OneDrive\Documentos\ProyectoFinalProgramacion\objectdb-2.8.7\db\ProyFinal.odb' is opened by 7912@Pablo

[2024-05-03 16:32:43 #2 store] 
Configuration path: C:\Users\palit\OneDrive\Documentos\ProyectoFinalProgramacion\objectdb-2.8.7\objectdb.conf

[2024-05-03 16:32:43 #3 type] 
Type MODELOS.Usuario is not enhanced.

------------------------------------------------------------------------------------------------------------------------

[2024-05-03 16:38:57 #1 store] 
Database 'C:\Users\palit\OneDrive\Documentos\ProyectoFinalProgramacion\objectdb-2.8.7\db\ProyFinal.odb' is opened by 25532@Pablo

[2024-05-03 16:38:57 #2 store] 
Configuration path: C:\Users\palit\OneDrive\Documentos\ProyectoFinalProgramacion\objectdb-2.8.7\objectdb.conf

[2024-05-03 16:38:57 #3 type] 
Type MODELOS.Usuario is not enhanced.

------------------------------------------------------------------------------------------------------------------------

[2024-05-03 16:41:07 #1 store] 
Database 'C:\Users\palit\OneDrive\Documentos\ProyectoFinalProgramacion\objectdb-2.8.7\db\ProyFinal.odb' is opened by 16808@Pablo

[2024-05-03 16:41:07 #2 store] 
Configuration path: C:\Users\palit\OneDrive\Documentos\ProyectoFinalProgramacion\objectdb-2.8.7\objectdb.conf

[2024-05-03 16:41:07 #3 type] 
Type MODELOS.Usuario is not enhanced.

------------------------------------------------------------------------------------------------------------------------

[2024-05-03 16:41:49 #1 store] 
Database 'C:\Users\palit\OneDrive\Documentos\ProyectoFinalProgramacion\objectdb-2.8.7\db\ProyFinal.odb' is opened by 10300@Pablo

[2024-05-03 16:41:49 #2 store] 
Configuration path: C:\Users\palit\OneDrive\Documentos\ProyectoFinalProgramacion\objectdb-2.8.7\objectdb.conf

[2024-05-03 16:41:49 #3 type] 
Type MODELOS.Usuario is not enhanced.

------------------------------------------------------------------------------------------------------------------------

[2024-05-03 16:42:51 #1 store] 
Database 'C:\Users\palit\OneDrive\Documentos\ProyectoFinalProgramacion\objectdb-2.8.7\db\ProyFinal.odb' has been recovered (tr. 6-6)

[2024-05-03 16:42:51 #2 store] 
Database 'C:\Users\palit\OneDrive\Documentos\ProyectoFinalProgramacion\objectdb-2.8.7\db\ProyFinal.odb' is opened by 23532@Pablo

[2024-05-03 16:42:51 #3 store] 
Configuration path: C:\Users\palit\OneDrive\Documentos\ProyectoFinalProgramacion\objectdb-2.8.7\objectdb.conf

[2024-05-03 16:42:51 #4 type] 
Type MODELOS.Usuario is not enhanced.

------------------------------------------------------------------------------------------------------------------------

[2024-05-03 16:43:59 #1 store] 
Database 'C:\Users\palit\OneDrive\Documentos\ProyectoFinalProgramacion\objectdb-2.8.7\db\ProyFinal.odb' has been recovered (tr. 7-7)

[2024-05-03 16:43:59 #2 store] 
Database 'C:\Users\palit\OneDrive\Documentos\ProyectoFinalProgramacion\objectdb-2.8.7\db\ProyFinal.odb' is opened by 15604@Pablo

[2024-05-03 16:43:59 #3 store] 
Configuration path: C:\Users\palit\OneDrive\Documentos\ProyectoFinalProgramacion\objectdb-2.8.7\objectdb.conf

[2024-05-03 16:43:59 #4 type] 
Type MODELOS.Usuario is not enhanced.

------------------------------------------------------------------------------------------------------------------------

[2024-05-03 16:44:05 #1 store] 
Database 'C:\Users\palit\OneDrive\Documentos\ProyectoFinalProgramacion\objectdb-2.8.7\db\ProyFinal.odb' is opened by 9356@Pablo

[2024-05-03 16:44:05 #2 store] 
Configuration path: C:\Users\palit\OneDrive\Documentos\ProyectoFinalProgramacion\objectdb-2.8.7\objectdb.conf

[2024-05-03 16:44:05 #3 type] 
Type MODELOS.Usuario is not enhanced.

------------------------------------------------------------------------------------------------------------------------

[2024-05-03 16:45:12 #1 store] 
Database 'C:\Users\palit\OneDrive\Documentos\ProyectoFinalProgramacion\objectdb-2.8.7\db\ProyFinal.odb' has been recovered (tr. 8-8)

[2024-05-03 16:45:12 #2 store] 
Database 'C:\Users\palit\OneDrive\Documentos\ProyectoFinalProgramacion\objectdb-2.8.7\db\ProyFinal.odb' is opened by 25788@Pablo

[2024-05-03 16:45:12 #3 store] 
Configuration path: C:\Users\palit\OneDrive\Documentos\ProyectoFinalProgramacion\objectdb-2.8.7\objectdb.conf

[2024-05-03 16:45:12 #4 type] 
Type MODELOS.Usuario is not enhanced.

------------------------------------------------------------------------------------------------------------------------

[2024-05-03 16:45:22 #1 store] 
Database 'C:\Users\palit\OneDrive\Documentos\ProyectoFinalProgramacion\objectdb-2.8.7\db\ProyFinal.odb' is opened by 21408@Pablo

[2024-05-03 16:45:22 #2 store] 
Configuration path: C:\Users\palit\OneDrive\Documentos\ProyectoFinalProgramacion\objectdb-2.8.7\objectdb.conf

[2024-05-03 16:45:22 #3 type] 
Type MODELOS.Usuario is not enhanced.

------------------------------------------------------------------------------------------------------------------------

[2024-05-03 16:46:50 #1 store] 
Database 'C:\Users\palit\OneDrive\Documentos\ProyectoFinalProgramacion\objectdb-2.8.7\db\ProyFinal.odb' is opened by 21256@Pablo

[2024-05-03 16:46:50 #2 store] 
Configuration path: C:\Users\palit\OneDrive\Documentos\ProyectoFinalProgramacion\objectdb-2.8.7\objectdb.conf

[2024-05-03 16:46:50 #3 type] 
Type MODELOS.Usuario is not enhanced.

------------------------------------------------------------------------------------------------------------------------

[2024-05-03 16:49:58 #1 store] 
Database 'C:\Users\palit\OneDrive\Documentos\ProyectoFinalProgramacion\objectdb-2.8.7\db\ProyFinal.odb' has been recovered (tr. 10-14)

[2024-05-03 16:49:58 #2 store] 
Database 'C:\Users\palit\OneDrive\Documentos\ProyectoFinalProgramacion\objectdb-2.8.7\db\ProyFinal.odb' is opened by 9544@Pablo

[2024-05-03 16:49:58 #3 store] 
Configuration path: C:\Users\palit\OneDrive\Documentos\ProyectoFinalProgramacion\objectdb-2.8.7\objectdb.conf

[2024-05-03 16:49:58 #4 type] 
Type MODELOS.Usuario is not enhanced.

------------------------------------------------------------------------------------------------------------------------

[2024-05-03 16:54:16 #1 store] 
Database 'C:\Users\palit\OneDrive\Documentos\ProyectoFinalProgramacion\objectdb-2.8.7\db\ProyFinal.odb' has been recovered (tr. 16-17)

[2024-05-03 16:54:16 #2 store] 
Database 'C:\Users\palit\OneDrive\Documentos\ProyectoFinalProgramacion\objectdb-2.8.7\db\ProyFinal.odb' is opened by 3568@Pablo

[2024-05-03 16:54:16 #3 store] 
Configuration path: C:\Users\palit\OneDrive\Documentos\ProyectoFinalProgramacion\objectdb-2.8.7\objectdb.conf

[2024-05-03 16:54:16 #4 type] 
Type MODELOS.Usuario is not enhanced.

------------------------------------------------------------------------------------------------------------------------

[2024-05-03 16:54:58 #1 store] 
Database 'C:\Users\palit\OneDrive\Documentos\ProyectoFinalProgramacion\objectdb-2.8.7\db\ProyFinal.odb' is opened by 10720@Pablo

[2024-05-03 16:54:58 #2 store] 
Configuration path: C:\Users\palit\OneDrive\Documentos\ProyectoFinalProgramacion\objectdb-2.8.7\objectdb.conf

[2024-05-03 16:54:58 #3 type] 
Type MODELOS.Usuario is not enhanced.

------------------------------------------------------------------------------------------------------------------------

[2024-05-03 16:55:12 #1 store] 
Database 'C:\Users\palit\OneDrive\Documentos\ProyectoFinalProgramacion\objectdb-2.8.7\db\ProyFinal.odb' is opened by 4480@Pablo

[2024-05-03 16:55:12 #2 store] 
Configuration path: C:\Users\palit\OneDrive\Documentos\ProyectoFinalProgramacion\objectdb-2.8.7\objectdb.conf

[2024-05-03 16:55:12 #3 type] 
Type MODELOS.Usuario is not enhanced.

------------------------------------------------------------------------------------------------------------------------

[2024-05-03 16:55:27 #1 store] 
Database 'C:\Users\palit\OneDrive\Documentos\ProyectoFinalProgramacion\objectdb-2.8.7\db\ProyFinal.odb' is opened by 5096@Pablo

[2024-05-03 16:55:27 #2 store] 
Configuration path: C:\Users\palit\OneDrive\Documentos\ProyectoFinalProgramacion\objectdb-2.8.7\objectdb.conf

[2024-05-03 16:55:27 #3 type] 
Type MODELOS.Usuario is not enhanced.

------------------------------------------------------------------------------------------------------------------------

[2024-05-03 16:55:30 #1 store] 
Database 'C:\Users\palit\OneDrive\Documentos\ProyectoFinalProgramacion\objectdb-2.8.7\db\ProyFinal.odb' is opened by 19640@Pablo

[2024-05-03 16:55:30 #2 store] 
Configuration path: C:\Users\palit\OneDrive\Documentos\ProyectoFinalProgramacion\objectdb-2.8.7\objectdb.conf

[2024-05-03 16:55:30 #3 type] 
Type MODELOS.Usuario is not enhanced.

------------------------------------------------------------------------------------------------------------------------

[2024-05-03 16:58:15 #1 store] 
Database 'C:\Users\palit\OneDrive\Documentos\ProyectoFinalProgramacion\objectdb-2.8.7\db\ProyFinal.odb' has been recovered (tr. 19-23)

[2024-05-03 16:58:15 #2 store] 
Database 'C:\Users\palit\OneDrive\Documentos\ProyectoFinalProgramacion\objectdb-2.8.7\db\ProyFinal.odb' is opened by 1284@Pablo

[2024-05-03 16:58:15 #3 store] 
Configuration path: C:\Users\palit\OneDrive\Documentos\ProyectoFinalProgramacion\objectdb-2.8.7\objectdb.conf

[2024-05-03 16:58:15 #4 type] 
Type MODELOS.Usuario is not enhanced.

------------------------------------------------------------------------------------------------------------------------

[2024-05-03 16:59:35 #1 store] 
Database 'C:\Users\palit\OneDrive\Documentos\ProyectoFinalProgramacion\objectdb-2.8.7\db\ProyFinal.odb' is opened by 6660@Pablo

[2024-05-03 16:59:36 #2 store] 
Configuration path: C:\Users\palit\OneDrive\Documentos\ProyectoFinalProgramacion\objectdb-2.8.7\objectdb.conf

[2024-05-03 16:59:36 #3 type] 
Type MODELOS.Usuario is not enhanced.

------------------------------------------------------------------------------------------------------------------------

[2024-05-03 17:31:23 #1 store] 
Database 'C:\Users\palit\OneDrive\Documentos\ProyectoFinalProgramacion\objectdb-2.8.7\db\ProyFinal.odb' is opened by 5832@Pablo

[2024-05-03 17:31:23 #2 store] 
Configuration path: C:\Users\palit\OneDrive\Documentos\ProyectoFinalProgramacion\objectdb-2.8.7\objectdb.conf

[2024-05-03 17:31:23 #3 type] 
Type MODELOS.Usuario is not enhanced.

------------------------------------------------------------------------------------------------------------------------

[2024-05-03 17:32:06 #1 store] 
Database 'C:\Users\palit\OneDrive\Documentos\ProyectoFinalProgramacion\objectdb-2.8.7\db\ProyFinal.odb' is opened by 23052@Pablo

[2024-05-03 17:32:06 #2 store] 
Configuration path: C:\Users\palit\OneDrive\Documentos\ProyectoFinalProgramacion\objectdb-2.8.7\objectdb.conf

[2024-05-03 17:32:06 #3 type] 
Type MODELOS.Usuario is not enhanced.

------------------------------------------------------------------------------------------------------------------------

[2024-05-03 17:33:23 #1 store] 
Database 'C:\Users\palit\OneDrive\Documentos\ProyectoFinalProgramacion\objectdb-2.8.7\db\ProyFinal.odb' is opened by 24800@Pablo

[2024-05-03 17:33:23 #2 store] 
Configuration path: C:\Users\palit\OneDrive\Documentos\ProyectoFinalProgramacion\objectdb-2.8.7\objectdb.conf

[2024-05-03 17:33:23 #3 type] 
Type MODELOS.Usuario is not enhanced.

------------------------------------------------------------------------------------------------------------------------

[2024-05-03 17:33:56 #1 store] 
Database 'C:\Users\palit\OneDrive\Documentos\ProyectoFinalProgramacion\objectdb-2.8.7\db\ProyFinal.odb' is opened by 14296@Pablo

[2024-05-03 17:33:56 #2 store] 
Configuration path: C:\Users\palit\OneDrive\Documentos\ProyectoFinalProgramacion\objectdb-2.8.7\objectdb.conf

[2024-05-03 17:33:56 #3 type] 
Type MODELOS.Usuario is not enhanced.

------------------------------------------------------------------------------------------------------------------------

[2024-05-03 17:35:20 #1 store] 
Database 'C:\Users\palit\OneDrive\Documentos\ProyectoFinalProgramacion\objectdb-2.8.7\db\ProyFinal.odb' is opened by 17220@Pablo

[2024-05-03 17:35:20 #2 store] 
Configuration path: C:\Users\palit\OneDrive\Documentos\ProyectoFinalProgramacion\objectdb-2.8.7\objectdb.conf

[2024-05-03 17:35:20 #3 type] 
Type MODELOS.Usuario is not enhanced.

------------------------------------------------------------------------------------------------------------------------

[2024-05-03 17:36:20 #1 store] 
Database 'C:\Users\palit\OneDrive\Documentos\ProyectoFinalProgramacion\objectdb-2.8.7\db\ProyFinal.odb' is opened by 18316@Pablo

[2024-05-03 17:36:20 #2 store] 
Configuration path: C:\Users\palit\OneDrive\Documentos\ProyectoFinalProgramacion\objectdb-2.8.7\objectdb.conf

[2024-05-03 17:36:20 #3 type] 
Type MODELOS.Usuario is not enhanced.

------------------------------------------------------------------------------------------------------------------------

[2024-05-03 17:39:01 #1 store] 
Database 'C:\Users\palit\OneDrive\Documentos\ProyectoFinalProgramacion\objectdb-2.8.7\db\ProyFinal.odb' is opened by 12236@Pablo

[2024-05-03 17:39:01 #2 store] 
Configuration path: C:\Users\palit\OneDrive\Documentos\ProyectoFinalProgramacion\objectdb-2.8.7\objectdb.conf

[2024-05-03 17:39:02 #3 type] 
Type MODELOS.Usuario is not enhanced.

------------------------------------------------------------------------------------------------------------------------

[2024-05-03 17:39:27 #1 store] 
Database 'C:\Users\palit\OneDrive\Documentos\ProyectoFinalProgramacion\objectdb-2.8.7\db\ProyFinal.odb' is opened by 25016@Pablo

[2024-05-03 17:39:27 #2 store] 
Configuration path: C:\Users\palit\OneDrive\Documentos\ProyectoFinalProgramacion\objectdb-2.8.7\objectdb.conf

[2024-05-03 17:39:27 #3 type] 
Type MODELOS.Usuario is not enhanced.

------------------------------------------------------------------------------------------------------------------------

[2024-05-03 17:39:48 #1 store] 
Database 'C:\Users\palit\OneDrive\Documentos\ProyectoFinalProgramacion\objectdb-2.8.7\db\ProyFinal.odb' is opened by 17448@Pablo

[2024-05-03 17:39:48 #2 store] 
Configuration path: C:\Users\palit\OneDrive\Documentos\ProyectoFinalProgramacion\objectdb-2.8.7\objectdb.conf

[2024-05-03 17:39:48 #3 type] 
Type MODELOS.Usuario is not enhanced.

------------------------------------------------------------------------------------------------------------------------

[2024-05-03 17:41:14 #1 store] 
Database 'C:\Users\palit\OneDrive\Documentos\ProyectoFinalProgramacion\objectdb-2.8.7\db\ProyFinal.odb' is opened by 10592@Pablo

[2024-05-03 17:41:14 #2 store] 
Configuration path: C:\Users\palit\OneDrive\Documentos\ProyectoFinalProgramacion\objectdb-2.8.7\objectdb.conf

[2024-05-03 17:41:14 #3 type] 
Type MODELOS.Usuario is not enhanced.

------------------------------------------------------------------------------------------------------------------------

[2024-05-03 18:59:49 #1 store] 
Database 'C:\Users\palit\OneDrive\Documentos\ProyectoFinalProgramacion\objectdb-2.8.7\db\ProyFinal.odb' is opened by 16896@Pablo

[2024-05-03 18:59:49 #2 store] 
Configuration path: C:\Users\palit\OneDrive\Documentos\ProyectoFinalProgramacion\objectdb-2.8.7\objectdb.conf

[2024-05-03 18:59:49 #3 type] 
Type MODELOS.Usuario is not enhanced.

------------------------------------------------------------------------------------------------------------------------

[2024-05-03 19:00:20 #1 store] 
Database 'C:\Users\palit\OneDrive\Documentos\ProyectoFinalProgramacion\objectdb-2.8.7\db\ProyFinal.odb' is opened by 2592@Pablo

[2024-05-03 19:00:20 #2 store] 
Configuration path: C:\Users\palit\OneDrive\Documentos\ProyectoFinalProgramacion\objectdb-2.8.7\objectdb.conf

[2024-05-03 19:00:20 #3 type] 
Type MODELOS.Usuario is not enhanced.

------------------------------------------------------------------------------------------------------------------------

[2024-05-03 19:00:57 #1 store] 
Database 'C:\Users\palit\OneDrive\Documentos\ProyectoFinalProgramacion\objectdb-2.8.7\db\ProyFinal.odb' is opened by 24504@Pablo

[2024-05-03 19:00:57 #2 store] 
Configuration path: C:\Users\palit\OneDrive\Documentos\ProyectoFinalProgramacion\objectdb-2.8.7\objectdb.conf

[2024-05-03 19:00:57 #3 type] 
Type MODELOS.Usuario is not enhanced.

------------------------------------------------------------------------------------------------------------------------

[2024-05-03 19:14:02 #1 store] 
Database 'C:\Users\palit\OneDrive\Documentos\ProyectoFinalProgramacion\objectdb-2.8.7\db\ProyFinal.odb' is opened by 26952@Pablo

[2024-05-03 19:14:02 #2 store] 
Configuration path: C:\Users\palit\OneDrive\Documentos\ProyectoFinalProgramacion\objectdb-2.8.7\objectdb.conf

[2024-05-03 19:14:02 #3 type] 
Type MODELOS.Usuario is not enhanced.

------------------------------------------------------------------------------------------------------------------------

[2024-05-03 19:14:21 #1 store] 
Database 'C:\Users\palit\OneDrive\Documentos\ProyectoFinalProgramacion\objectdb-2.8.7\db\ProyFinal.odb' is opened by 18040@Pablo

[2024-05-03 19:14:21 #2 store] 
Configuration path: C:\Users\palit\OneDrive\Documentos\ProyectoFinalProgramacion\objectdb-2.8.7\objectdb.conf

[2024-05-03 19:14:21 #3 type] 
Type MODELOS.Usuario is not enhanced.

------------------------------------------------------------------------------------------------------------------------

[2024-05-03 19:15:09 #1 store] 
Database 'C:\Users\palit\OneDrive\Documentos\ProyectoFinalProgramacion\objectdb-2.8.7\db\ProyFinal.odb' is opened by 1044@Pablo

[2024-05-03 19:15:09 #2 store] 
Configuration path: C:\Users\palit\OneDrive\Documentos\ProyectoFinalProgramacion\objectdb-2.8.7\objectdb.conf

[2024-05-03 19:15:09 #3 type] 
Type MODELOS.Usuario is not enhanced.

------------------------------------------------------------------------------------------------------------------------

[2024-05-03 19:15:23 #1 store] 
Database 'C:\Users\palit\OneDrive\Documentos\ProyectoFinalProgramacion\objectdb-2.8.7\db\ProyFinal.odb' is opened by 20816@Pablo

[2024-05-03 19:15:23 #2 store] 
Configuration path: C:\Users\palit\OneDrive\Documentos\ProyectoFinalProgramacion\objectdb-2.8.7\objectdb.conf

[2024-05-03 19:15:23 #3 type] 
Type MODELOS.Usuario is not enhanced.

------------------------------------------------------------------------------------------------------------------------

[2024-05-03 19:15:39 #1 store] 
Database 'C:\Users\palit\OneDrive\Documentos\ProyectoFinalProgramacion\objectdb-2.8.7\db\ProyFinal.odb' is opened by 26136@Pablo

[2024-05-03 19:15:39 #2 store] 
Configuration path: C:\Users\palit\OneDrive\Documentos\ProyectoFinalProgramacion\objectdb-2.8.7\objectdb.conf

[2024-05-03 19:15:39 #3 type] 
Type MODELOS.Usuario is not enhanced.

------------------------------------------------------------------------------------------------------------------------

[2024-05-03 19:18:17 #1 store] 
Database 'C:\Users\palit\OneDrive\Documentos\ProyectoFinalProgramacion\objectdb-2.8.7\db\ProyFinal.odb' is opened by 12804@Pablo

[2024-05-03 19:18:17 #2 store] 
Configuration path: C:\Users\palit\OneDrive\Documentos\ProyectoFinalProgramacion\objectdb-2.8.7\objectdb.conf

[2024-05-03 19:18:17 #3 type] 
Type MODELOS.Usuario is not enhanced.

------------------------------------------------------------------------------------------------------------------------

[2024-05-03 19:18:37 #1 store] 
Database 'C:\Users\palit\OneDrive\Documentos\ProyectoFinalProgramacion\objectdb-2.8.7\db\ProyFinal.odb' is opened by 20800@Pablo

[2024-05-03 19:18:37 #2 store] 
Configuration path: C:\Users\palit\OneDrive\Documentos\ProyectoFinalProgramacion\objectdb-2.8.7\objectdb.conf

[2024-05-03 19:18:37 #3 type] 
Type MODELOS.Usuario is not enhanced.

------------------------------------------------------------------------------------------------------------------------

[2024-05-03 19:21:36 #1 store] 
Database 'C:\Users\palit\OneDrive\Documentos\ProyectoFinalProgramacion\objectdb-2.8.7\db\ProyFinal.odb' is opened by 19316@Pablo

[2024-05-03 19:21:36 #2 store] 
Configuration path: C:\Users\palit\OneDrive\Documentos\ProyectoFinalProgramacion\objectdb-2.8.7\objectdb.conf

[2024-05-03 19:21:36 #3 type] 
Type MODELOS.Usuario is not enhanced.

------------------------------------------------------------------------------------------------------------------------

[2024-05-03 19:21:46 #1 store] 
Database 'C:\Users\palit\OneDrive\Documentos\ProyectoFinalProgramacion\objectdb-2.8.7\db\ProyFinal.odb' is opened by 3248@Pablo

[2024-05-03 19:21:46 #2 store] 
Configuration path: C:\Users\palit\OneDrive\Documentos\ProyectoFinalProgramacion\objectdb-2.8.7\objectdb.conf

[2024-05-03 19:21:46 #3 type] 
Type MODELOS.Usuario is not enhanced.

------------------------------------------------------------------------------------------------------------------------

[2024-05-03 19:23:06 #1 store] 
Database 'C:\Users\palit\OneDrive\Documentos\ProyectoFinalProgramacion\objectdb-2.8.7\db\ProyFinal.odb' is opened by 4280@Pablo

[2024-05-03 19:23:06 #2 store] 
Configuration path: C:\Users\palit\OneDrive\Documentos\ProyectoFinalProgramacion\objectdb-2.8.7\objectdb.conf

[2024-05-03 19:23:06 #3 type] 
Type MODELOS.Usuario is not enhanced.

------------------------------------------------------------------------------------------------------------------------

[2024-05-03 19:24:25 #1 store] 
Database 'C:\Users\palit\OneDrive\Documentos\ProyectoFinalProgramacion\objectdb-2.8.7\db\ProyFinal.odb' is opened by 2244@Pablo

[2024-05-03 19:24:25 #2 store] 
Configuration path: C:\Users\palit\OneDrive\Documentos\ProyectoFinalProgramacion\objectdb-2.8.7\objectdb.conf

[2024-05-03 19:24:25 #3 type] 
Type MODELOS.Usuario is not enhanced.

------------------------------------------------------------------------------------------------------------------------

[2024-05-03 19:25:22 #1 store] 
Database 'C:\Users\palit\OneDrive\Documentos\ProyectoFinalProgramacion\objectdb-2.8.7\db\ProyFinal.odb' is opened by 12840@Pablo

[2024-05-03 19:25:22 #2 store] 
Configuration path: C:\Users\palit\OneDrive\Documentos\ProyectoFinalProgramacion\objectdb-2.8.7\objectdb.conf

[2024-05-03 19:25:22 #3 type] 
Type MODELOS.Usuario is not enhanced.

------------------------------------------------------------------------------------------------------------------------

[2024-05-03 19:25:47 #1 store] 
Database 'C:\Users\palit\OneDrive\Documentos\ProyectoFinalProgramacion\objectdb-2.8.7\db\ProyFinal.odb' is opened by 17880@Pablo

[2024-05-03 19:25:47 #2 store] 
Configuration path: C:\Users\palit\OneDrive\Documentos\ProyectoFinalProgramacion\objectdb-2.8.7\objectdb.conf

[2024-05-03 19:25:47 #3 type] 
Type MODELOS.Usuario is not enhanced.

------------------------------------------------------------------------------------------------------------------------

[2024-05-03 19:27:35 #1 store] 
Database 'C:\Users\palit\OneDrive\Documentos\ProyectoFinalProgramacion\objectdb-2.8.7\db\ProyFinal.odb' is opened by 20600@Pablo

[2024-05-03 19:27:35 #2 store] 
Configuration path: C:\Users\palit\OneDrive\Documentos\ProyectoFinalProgramacion\objectdb-2.8.7\objectdb.conf

[2024-05-03 19:27:35 #3 type] 
Type MODELOS.Usuario is not enhanced.

------------------------------------------------------------------------------------------------------------------------

[2024-05-03 19:28:19 #1 store] 
Database 'C:\Users\palit\OneDrive\Documentos\ProyectoFinalProgramacion\objectdb-2.8.7\db\ProyFinal.odb' is opened by 15520@Pablo

[2024-05-03 19:28:19 #2 store] 
Configuration path: C:\Users\palit\OneDrive\Documentos\ProyectoFinalProgramacion\objectdb-2.8.7\objectdb.conf

[2024-05-03 19:28:19 #3 type] 
Type MODELOS.Usuario is not enhanced.

------------------------------------------------------------------------------------------------------------------------

[2024-05-03 19:29:53 #1 store] 
Database 'C:\Users\palit\OneDrive\Documentos\ProyectoFinalProgramacion\objectdb-2.8.7\db\ProyFinal.odb' is opened by 24244@Pablo

[2024-05-03 19:29:53 #2 store] 
Configuration path: C:\Users\palit\OneDrive\Documentos\ProyectoFinalProgramacion\objectdb-2.8.7\objectdb.conf

[2024-05-03 19:29:53 #3 type] 
Type MODELOS.Usuario is not enhanced.

------------------------------------------------------------------------------------------------------------------------

[2024-05-03 19:30:39 #1 store] 
Database 'C:\Users\palit\OneDrive\Documentos\ProyectoFinalProgramacion\objectdb-2.8.7\db\ProyFinal.odb' is opened by 22392@Pablo

[2024-05-03 19:30:39 #2 store] 
Configuration path: C:\Users\palit\OneDrive\Documentos\ProyectoFinalProgramacion\objectdb-2.8.7\objectdb.conf

[2024-05-03 19:30:39 #3 type] 
Type MODELOS.Usuario is not enhanced.

------------------------------------------------------------------------------------------------------------------------

[2024-05-03 19:33:47 #1 store] 
Database 'C:\Users\palit\OneDrive\Documentos\ProyectoFinalProgramacion\objectdb-2.8.7\db\ProyFinal.odb' is opened by 26728@Pablo

[2024-05-03 19:33:47 #2 store] 
Configuration path: C:\Users\palit\OneDrive\Documentos\ProyectoFinalProgramacion\objectdb-2.8.7\objectdb.conf

[2024-05-03 19:33:47 #3 type] 
Type MODELOS.Usuario is not enhanced.

------------------------------------------------------------------------------------------------------------------------

[2024-05-03 19:36:07 #1 store] 
Database 'C:\Users\palit\OneDrive\Documentos\ProyectoFinalProgramacion\objectdb-2.8.7\db\ProyFinal.odb' is opened by 24036@Pablo

[2024-05-03 19:36:07 #2 store] 
Configuration path: C:\Users\palit\OneDrive\Documentos\ProyectoFinalProgramacion\objectdb-2.8.7\objectdb.conf

[2024-05-03 19:36:08 #3 type] 
Type MODELOS.Usuario is not enhanced.

------------------------------------------------------------------------------------------------------------------------

[2024-05-03 19:37:21 #1 store] 
Database 'C:\Users\palit\OneDrive\Documentos\ProyectoFinalProgramacion\objectdb-2.8.7\db\ProyFinal.odb' is opened by 12424@Pablo

[2024-05-03 19:37:21 #2 store] 
Configuration path: C:\Users\palit\OneDrive\Documentos\ProyectoFinalProgramacion\objectdb-2.8.7\objectdb.conf

[2024-05-03 19:37:21 #3 type] 
Type MODELOS.Usuario is not enhanced.

------------------------------------------------------------------------------------------------------------------------

[2024-05-03 19:38:05 #1 store] 
Database 'C:\Users\palit\OneDrive\Documentos\ProyectoFinalProgramacion\objectdb-2.8.7\db\ProyFinal.odb' is opened by 7848@Pablo

[2024-05-03 19:38:05 #2 store] 
Configuration path: C:\Users\palit\OneDrive\Documentos\ProyectoFinalProgramacion\objectdb-2.8.7\objectdb.conf

[2024-05-03 19:38:05 #3 type] 
Type MODELOS.Usuario is not enhanced.

------------------------------------------------------------------------------------------------------------------------

[2024-05-03 19:38:59 #1 store] 
Database 'C:\Users\palit\OneDrive\Documentos\ProyectoFinalProgramacion\objectdb-2.8.7\db\ProyFinal.odb' is opened by 17096@Pablo

[2024-05-03 19:38:59 #2 store] 
Configuration path: C:\Users\palit\OneDrive\Documentos\ProyectoFinalProgramacion\objectdb-2.8.7\objectdb.conf

[2024-05-03 19:38:59 #3 type] 
Type MODELOS.Usuario is not enhanced.

------------------------------------------------------------------------------------------------------------------------

[2024-05-03 19:39:26 #1 store] 
Database 'C:\Users\palit\OneDrive\Documentos\ProyectoFinalProgramacion\objectdb-2.8.7\db\ProyFinal.odb' is opened by 716@Pablo

[2024-05-03 19:39:26 #2 store] 
Configuration path: C:\Users\palit\OneDrive\Documentos\ProyectoFinalProgramacion\objectdb-2.8.7\objectdb.conf

[2024-05-03 19:39:26 #3 type] 
Type MODELOS.Usuario is not enhanced.

------------------------------------------------------------------------------------------------------------------------

[2024-05-03 19:41:11 #1 store] 
Database 'C:\Users\palit\OneDrive\Documentos\ProyectoFinalProgramacion\objectdb-2.8.7\db\ProyFinal.odb' is opened by 3780@Pablo

[2024-05-03 19:41:11 #2 store] 
Configuration path: C:\Users\palit\OneDrive\Documentos\ProyectoFinalProgramacion\objectdb-2.8.7\objectdb.conf

[2024-05-03 19:41:11 #3 type] 
Type MODELOS.Usuario is not enhanced.

------------------------------------------------------------------------------------------------------------------------

[2024-05-03 19:42:24 #1 store] 
Database 'C:\Users\palit\OneDrive\Documentos\ProyectoFinalProgramacion\objectdb-2.8.7\db\ProyFinal.odb' is opened by 19572@Pablo

[2024-05-03 19:42:24 #2 store] 
Configuration path: C:\Users\palit\OneDrive\Documentos\ProyectoFinalProgramacion\objectdb-2.8.7\objectdb.conf

[2024-05-03 19:42:24 #3 type] 
Type MODELOS.Usuario is not enhanced.

------------------------------------------------------------------------------------------------------------------------

[2024-05-03 19:47:04 #1 store] 
Database 'C:\Users\palit\OneDrive\Documentos\ProyectoFinalProgramacion\objectdb-2.8.7\db\ProyFinal.odb' is opened by 5012@Pablo

[2024-05-03 19:47:04 #2 store] 
Configuration path: C:\Users\palit\OneDrive\Documentos\ProyectoFinalProgramacion\objectdb-2.8.7\objectdb.conf

[2024-05-03 19:47:04 #3 type] 
Type MODELOS.Usuario is not enhanced.

------------------------------------------------------------------------------------------------------------------------

[2024-05-03 19:47:50 #1 store] 
Database 'C:\Users\palit\OneDrive\Documentos\ProyectoFinalProgramacion\objectdb-2.8.7\db\ProyFinal.odb' is opened by 16700@Pablo

[2024-05-03 19:47:50 #2 store] 
Configuration path: C:\Users\palit\OneDrive\Documentos\ProyectoFinalProgramacion\objectdb-2.8.7\objectdb.conf

[2024-05-03 19:47:50 #3 type] 
Type MODELOS.Usuario is not enhanced.

------------------------------------------------------------------------------------------------------------------------

[2024-05-03 19:48:37 #1 store] 
Database 'C:\Users\palit\OneDrive\Documentos\ProyectoFinalProgramacion\objectdb-2.8.7\db\ProyFinal.odb' is opened by 13596@Pablo

[2024-05-03 19:48:37 #2 store] 
Configuration path: C:\Users\palit\OneDrive\Documentos\ProyectoFinalProgramacion\objectdb-2.8.7\objectdb.conf

[2024-05-03 19:48:37 #3 type] 
Type MODELOS.Usuario is not enhanced.

------------------------------------------------------------------------------------------------------------------------

[2024-05-03 19:49:05 #1 store] 
Database 'C:\Users\palit\OneDrive\Documentos\ProyectoFinalProgramacion\objectdb-2.8.7\db\ProyFinal.odb' is opened by 21732@Pablo

[2024-05-03 19:49:05 #2 store] 
Configuration path: C:\Users\palit\OneDrive\Documentos\ProyectoFinalProgramacion\objectdb-2.8.7\objectdb.conf

[2024-05-03 19:49:05 #3 type] 
Type MODELOS.Usuario is not enhanced.

------------------------------------------------------------------------------------------------------------------------

[2024-05-03 19:50:35 #1 store] 
Database 'C:\Users\palit\OneDrive\Documentos\ProyectoFinalProgramacion\objectdb-2.8.7\db\ProyFinal.odb' is opened by 15536@Pablo

[2024-05-03 19:50:35 #2 store] 
Configuration path: C:\Users\palit\OneDrive\Documentos\ProyectoFinalProgramacion\objectdb-2.8.7\objectdb.conf

[2024-05-03 19:50:36 #3 type] 
Type MODELOS.Usuario is not enhanced.

------------------------------------------------------------------------------------------------------------------------

[2024-05-03 19:50:59 #1 store] 
Database 'C:\Users\palit\OneDrive\Documentos\ProyectoFinalProgramacion\objectdb-2.8.7\db\ProyFinal.odb' is opened by 6072@Pablo

[2024-05-03 19:50:59 #2 store] 
Configuration path: C:\Users\palit\OneDrive\Documentos\ProyectoFinalProgramacion\objectdb-2.8.7\objectdb.conf

[2024-05-03 19:50:59 #3 type] 
Type MODELOS.Usuario is not enhanced.

------------------------------------------------------------------------------------------------------------------------

[2024-05-03 19:51:15 #1 store] 
Database 'C:\Users\palit\OneDrive\Documentos\ProyectoFinalProgramacion\objectdb-2.8.7\db\ProyFinal.odb' is opened by 24716@Pablo

[2024-05-03 19:51:15 #2 store] 
Configuration path: C:\Users\palit\OneDrive\Documentos\ProyectoFinalProgramacion\objectdb-2.8.7\objectdb.conf

[2024-05-03 19:51:15 #3 type] 
Type MODELOS.Usuario is not enhanced.

------------------------------------------------------------------------------------------------------------------------

[2024-05-03 19:52:36 #1 store] 
Database 'C:\Users\palit\OneDrive\Documentos\ProyectoFinalProgramacion\objectdb-2.8.7\db\ProyFinal.odb' is opened by 18932@Pablo

[2024-05-03 19:52:36 #2 store] 
Configuration path: C:\Users\palit\OneDrive\Documentos\ProyectoFinalProgramacion\objectdb-2.8.7\objectdb.conf

[2024-05-03 19:52:36 #3 type] 
Type MODELOS.Usuario is not enhanced.

------------------------------------------------------------------------------------------------------------------------

[2024-05-03 19:53:32 #1 store] 
Database 'C:\Users\palit\OneDrive\Documentos\ProyectoFinalProgramacion\objectdb-2.8.7\db\ProyFinal.odb' is opened by 10336@Pablo

[2024-05-03 19:53:32 #2 store] 
Configuration path: C:\Users\palit\OneDrive\Documentos\ProyectoFinalProgramacion\objectdb-2.8.7\objectdb.conf

[2024-05-03 19:53:32 #3 type] 
Type MODELOS.Usuario is not enhanced.

------------------------------------------------------------------------------------------------------------------------

[2024-05-03 19:54:18 #1 store] 
Database 'C:\Users\palit\OneDrive\Documentos\ProyectoFinalProgramacion\objectdb-2.8.7\db\ProyFinal.odb' is opened by 10528@Pablo

[2024-05-03 19:54:18 #2 store] 
Configuration path: C:\Users\palit\OneDrive\Documentos\ProyectoFinalProgramacion\objectdb-2.8.7\objectdb.conf

[2024-05-03 19:54:18 #3 type] 
Type MODELOS.Usuario is not enhanced.

------------------------------------------------------------------------------------------------------------------------

[2024-05-03 19:54:51 #1 store] 
Database 'C:\Users\palit\OneDrive\Documentos\ProyectoFinalProgramacion\objectdb-2.8.7\db\ProyFinal.odb' is opened by 15788@Pablo

[2024-05-03 19:54:51 #2 store] 
Configuration path: C:\Users\palit\OneDrive\Documentos\ProyectoFinalProgramacion\objectdb-2.8.7\objectdb.conf

[2024-05-03 19:54:51 #3 type] 
Type MODELOS.Usuario is not enhanced.

------------------------------------------------------------------------------------------------------------------------

[2024-05-03 19:55:37 #1 store] 
Database 'C:\Users\palit\OneDrive\Documentos\ProyectoFinalProgramacion\objectdb-2.8.7\db\ProyFinal.odb' is opened by 24568@Pablo

[2024-05-03 19:55:37 #2 store] 
Configuration path: C:\Users\palit\OneDrive\Documentos\ProyectoFinalProgramacion\objectdb-2.8.7\objectdb.conf

[2024-05-03 19:55:37 #3 type] 
Type MODELOS.Usuario is not enhanced.

------------------------------------------------------------------------------------------------------------------------

[2024-05-03 19:56:59 #1 store] 
Database 'C:\Users\palit\OneDrive\Documentos\ProyectoFinalProgramacion\objectdb-2.8.7\db\ProyFinal.odb' is opened by 18836@Pablo

[2024-05-03 19:56:59 #2 store] 
Configuration path: C:\Users\palit\OneDrive\Documentos\ProyectoFinalProgramacion\objectdb-2.8.7\objectdb.conf

[2024-05-03 19:56:59 #3 type] 
Type MODELOS.Usuario is not enhanced.

------------------------------------------------------------------------------------------------------------------------

[2024-05-03 19:57:42 #1 store] 
Database 'C:\Users\palit\OneDrive\Documentos\ProyectoFinalProgramacion\objectdb-2.8.7\db\ProyFinal.odb' is opened by 1608@Pablo

[2024-05-03 19:57:42 #2 store] 
Configuration path: C:\Users\palit\OneDrive\Documentos\ProyectoFinalProgramacion\objectdb-2.8.7\objectdb.conf

[2024-05-03 19:57:42 #3 type] 
Type MODELOS.Usuario is not enhanced.

------------------------------------------------------------------------------------------------------------------------

[2024-05-03 19:58:16 #1 store] 
Database 'C:\Users\palit\OneDrive\Documentos\ProyectoFinalProgramacion\objectdb-2.8.7\db\ProyFinal.odb' is opened by 27140@Pablo

[2024-05-03 19:58:16 #2 store] 
Configuration path: C:\Users\palit\OneDrive\Documentos\ProyectoFinalProgramacion\objectdb-2.8.7\objectdb.conf

[2024-05-03 19:58:16 #3 type] 
Type MODELOS.Usuario is not enhanced.

------------------------------------------------------------------------------------------------------------------------

[2024-05-03 19:58:40 #1 store] 
Database 'C:\Users\palit\OneDrive\Documentos\ProyectoFinalProgramacion\objectdb-2.8.7\db\ProyFinal.odb' is opened by 25320@Pablo

[2024-05-03 19:58:40 #2 store] 
Configuration path: C:\Users\palit\OneDrive\Documentos\ProyectoFinalProgramacion\objectdb-2.8.7\objectdb.conf

[2024-05-03 19:58:40 #3 type] 
Type MODELOS.Usuario is not enhanced.

------------------------------------------------------------------------------------------------------------------------

[2024-05-03 19:58:57 #1 store] 
Database 'C:\Users\palit\OneDrive\Documentos\ProyectoFinalProgramacion\objectdb-2.8.7\db\ProyFinal.odb' is opened by 18272@Pablo

[2024-05-03 19:58:57 #2 store] 
Configuration path: C:\Users\palit\OneDrive\Documentos\ProyectoFinalProgramacion\objectdb-2.8.7\objectdb.conf

[2024-05-03 19:58:57 #3 type] 
Type MODELOS.Usuario is not enhanced.

------------------------------------------------------------------------------------------------------------------------

[2024-05-03 20:04:02 #1 store] 
Database 'C:\Users\palit\OneDrive\Documentos\ProyectoFinalProgramacion\objectdb-2.8.7\db\ProyFinal.odb' is opened by 28164@Pablo

[2024-05-03 20:04:02 #2 store] 
Configuration path: C:\Users\palit\OneDrive\Documentos\ProyectoFinalProgramacion\objectdb-2.8.7\objectdb.conf

[2024-05-03 20:04:02 #3 type] 
Type MODELOS.Usuario is not enhanced.

------------------------------------------------------------------------------------------------------------------------

[2024-05-03 20:05:59 #1 store] 
Database 'C:\Users\palit\OneDrive\Documentos\ProyectoFinalProgramacion\objectdb-2.8.7\db\ProyFinal.odb' is opened by 13692@Pablo

[2024-05-03 20:05:59 #2 store] 
Configuration path: C:\Users\palit\OneDrive\Documentos\ProyectoFinalProgramacion\objectdb-2.8.7\objectdb.conf

[2024-05-03 20:05:59 #3 type] 
Type MODELOS.Usuario is not enhanced.

