------------------------------------------------------------------------------------------------------------------------

[2024-04-26 09:31:21 #1 store] 
Database 'C:\Users\AlumnoDAM\Downloads\objectdb-2.8.7\db\AD_Ejemplo1.odb' is opened by 13920@PABLO

[2024-04-26 09:31:21 #2 store] 
Configuration path: C:\Users\AlumnoDAM\Downloads\objectdb-2.8.7\objectdb.conf

[2024-04-26 09:31:21 #3 type] 
Type ut12_persistencia_bdoo.Vehiculo is not enhanced.

[2024-04-26 09:31:21 #4 type] 
Type ut12_persistencia_bdoo.Persona is not enhanced.

[2024-04-26 09:31:21 #5 store] 
Database 'C:\Users\AlumnoDAM\Downloads\objectdb-2.8.7\db\AD_Ejemplo1.odb' is closed by 13920@PABLO

------------------------------------------------------------------------------------------------------------------------

[2024-04-26 09:33:11 #1 store] 
Database 'C:\Users\AlumnoDAM\Downloads\objectdb-2.8.7\db\AD_Ejemplo1.odb' is opened by 8064@PABLO

[2024-04-26 09:33:11 #2 store] 
Configuration path: C:\Users\AlumnoDAM\Downloads\objectdb-2.8.7\objectdb.conf

[2024-04-26 09:33:11 #3 type] 
Type ut12_persistencia_bdoo.Vehiculo is not enhanced.

[2024-04-26 09:33:11 #4 type] 
Type ut12_persistencia_bdoo.Persona is not enhanced.

[2024-04-26 09:33:11 #5 store] 
Database 'C:\Users\AlumnoDAM\Downloads\objectdb-2.8.7\db\AD_Ejemplo1.odb' is closed by 8064@PABLO

------------------------------------------------------------------------------------------------------------------------

[2024-04-26 09:33:14 #1 store] 
Database 'C:\Users\AlumnoDAM\Downloads\objectdb-2.8.7\db\AD_Ejemplo1.odb' is opened by 2028@PABLO

[2024-04-26 09:33:14 #2 store] 
Configuration path: C:\Users\AlumnoDAM\Downloads\objectdb-2.8.7\objectdb.conf

[2024-04-26 09:33:14 #3 type] 
Type ut12_persistencia_bdoo.Vehiculo is not enhanced.

[2024-04-26 09:33:14 #4 type] 
Type ut12_persistencia_bdoo.Persona is not enhanced.

[2024-04-26 09:33:14 #5 store] 
Database 'C:\Users\AlumnoDAM\Downloads\objectdb-2.8.7\db\AD_Ejemplo1.odb' is closed by 2028@PABLO

------------------------------------------------------------------------------------------------------------------------

[2024-04-26 09:33:15 #1 store] 
Database 'C:\Users\AlumnoDAM\Downloads\objectdb-2.8.7\db\AD_Ejemplo1.odb' is opened by 6128@PABLO

[2024-04-26 09:33:15 #2 store] 
Configuration path: C:\Users\AlumnoDAM\Downloads\objectdb-2.8.7\objectdb.conf

[2024-04-26 09:33:15 #3 type] 
Type ut12_persistencia_bdoo.Vehiculo is not enhanced.

[2024-04-26 09:33:15 #4 type] 
Type ut12_persistencia_bdoo.Persona is not enhanced.

[2024-04-26 09:33:15 #5 store] 
Database 'C:\Users\AlumnoDAM\Downloads\objectdb-2.8.7\db\AD_Ejemplo1.odb' is closed by 6128@PABLO

------------------------------------------------------------------------------------------------------------------------

[2024-04-26 09:33:58 #1 store.file] 
readTextFile error.

[2024-04-26 09:33:58 #2 store.file] 
java.io.FileNotFoundException: C:\Users\AlumnoDAM\.objectdb\exolorer.xml (El sistema no puede encontrar el archivo especificado)
	at java.base/java.io.FileInputStream.open0(Native Method)
	at java.base/java.io.FileInputStream.open(FileInputStream.java:213)
	at java.base/java.io.FileInputStream.<init>(FileInputStream.java:152)
	at java.base/java.io.FileInputStream.<init>(FileInputStream.java:106)
	at com.objectdb.o.STH.B(STH.java:731)
	at com.objectdb.o.STH.A(STH.java:715)
	at com.objectdb.o.CNF.<init>(CNF.java:106)
	at com.objectdb.o.CNF.<clinit>(CNF.java:32)
	at com.objectdb.o.MainFrame.init(MainFrame.java:132)
	at com.objectdb.o.EXA.<init>(EXA.java:77)
	at com.objectdb.Explorer$1.run(Explorer.java:57)
	at java.desktop/java.awt.event.InvocationEvent.dispatch(InvocationEvent.java:318)
	at java.desktop/java.awt.EventQueue.dispatchEventImpl(EventQueue.java:773)
	at java.desktop/java.awt.EventQueue$4.run(EventQueue.java:720)
	at java.desktop/java.awt.EventQueue$4.run(EventQueue.java:714)
	at java.base/java.security.AccessController.doPrivileged(AccessController.java:400)
	at java.base/java.security.ProtectionDomain$JavaSecurityAccessImpl.doIntersectionPrivilege(ProtectionDomain.java:87)
	at java.desktop/java.awt.EventQueue.dispatchEvent(EventQueue.java:742)
	at java.desktop/java.awt.EventDispatchThread.pumpOneEventForFilters(EventDispatchThread.java:203)
	at java.desktop/java.awt.EventDispatchThread.pumpEventsForFilter(EventDispatchThread.java:124)
	at java.desktop/java.awt.EventDispatchThread.pumpEventsForHierarchy(EventDispatchThread.java:113)
	at java.desktop/java.awt.EventDispatchThread.pumpEvents(EventDispatchThread.java:109)
	at java.desktop/java.awt.EventDispatchThread.pumpEvents(EventDispatchThread.java:101)
	at java.desktop/java.awt.EventDispatchThread.run(EventDispatchThread.java:90)

[2024-04-26 09:33:58 #3 store] 
Database 'C:\Users\AlumnoDAM\Downloads\objectdb-2.8.7\db\AD_Ejemplo1.odb' is opened by 14304@PABLO

[2024-04-26 09:33:58 #4 store] 
Configuration path: C:\Users\AlumnoDAM\Downloads\objectdb-2.8.7\objectdb.conf

[2024-04-26 09:33:58 #5 store.file] 
readTextFile error.

[2024-04-26 09:33:58 #6 store.file] 
java.io.FileNotFoundException: C:\Users\AlumnoDAM\.objectdb\exolorer.xml (El sistema no puede encontrar el archivo especificado)
	at java.base/java.io.FileInputStream.open0(Native Method)
	at java.base/java.io.FileInputStream.open(FileInputStream.java:213)
	at java.base/java.io.FileInputStream.<init>(FileInputStream.java:152)
	at java.base/java.io.FileInputStream.<init>(FileInputStream.java:106)
	at com.objectdb.o.STH.B(STH.java:731)
	at com.objectdb.o.STH.A(STH.java:715)
	at com.objectdb.o.CNF.<init>(CNF.java:106)
	at com.objectdb.o.CNF.f(CNF.java:130)
	at com.objectdb.o.CNC.s(CNC.java:119)
	at com.objectdb.o.EXA.<init>(EXA.java:81)
	at com.objectdb.Explorer$1.run(Explorer.java:57)
	at java.desktop/java.awt.event.InvocationEvent.dispatch(InvocationEvent.java:318)
	at java.desktop/java.awt.EventQueue.dispatchEventImpl(EventQueue.java:773)
	at java.desktop/java.awt.EventQueue$4.run(EventQueue.java:720)
	at java.desktop/java.awt.EventQueue$4.run(EventQueue.java:714)
	at java.base/java.security.AccessController.doPrivileged(AccessController.java:400)
	at java.base/java.security.ProtectionDomain$JavaSecurityAccessImpl.doIntersectionPrivilege(ProtectionDomain.java:87)
	at java.desktop/java.awt.EventQueue.dispatchEvent(EventQueue.java:742)
	at java.desktop/java.awt.EventDispatchThread.pumpOneEventForFilters(EventDispatchThread.java:203)
	at java.desktop/java.awt.EventDispatchThread.pumpEventsForFilter(EventDispatchThread.java:124)
	at java.desktop/java.awt.EventDispatchThread.pumpEventsForHierarchy(EventDispatchThread.java:113)
	at java.desktop/java.awt.EventDispatchThread.pumpEvents(EventDispatchThread.java:109)
	at java.desktop/java.awt.EventDispatchThread.pumpEvents(EventDispatchThread.java:101)
	at java.desktop/java.awt.EventDispatchThread.run(EventDispatchThread.java:90)

[2024-04-26 09:45:45 #7 store] 
Database 'C:\Users\AlumnoDAM\Downloads\objectdb-2.8.7\db\AD_Ejemplo1.odb' is closed by 14304@PABLO

------------------------------------------------------------------------------------------------------------------------

[2024-04-26 09:45:46 #1 store] 
Database 'C:\Users\AlumnoDAM\Downloads\objectdb-2.8.7\db\AD_Ejemplo1.odb' is opened by 12140@PABLO

[2024-04-26 09:45:46 #2 store] 
Configuration path: C:\Users\AlumnoDAM\Downloads\objectdb-2.8.7\objectdb.conf

[2024-04-26 09:45:46 #3 type] 
Type ut12_persistencia_bdoo.Vehiculo is not enhanced.

[2024-04-26 09:45:46 #4 type] 
Type ut12_persistencia_bdoo.Persona is not enhanced.

[2024-04-26 09:45:47 #5 store] 
Database 'C:\Users\AlumnoDAM\Downloads\objectdb-2.8.7\db\AD_Ejemplo1.odb' is closed by 12140@PABLO

------------------------------------------------------------------------------------------------------------------------

[2024-04-26 09:45:57 #1 store] 
Database 'C:\Users\AlumnoDAM\Downloads\objectdb-2.8.7\db\AD_Ejemplo1.odb' is opened by 7116@PABLO

[2024-04-26 09:45:57 #2 store] 
Configuration path: C:\Users\AlumnoDAM\Downloads\objectdb-2.8.7\objectdb.conf

[2024-04-26 09:46:30 #3 store] 
Database 'C:\Users\AlumnoDAM\Downloads\objectdb-2.8.7\db\AD_Ejemplo1.odb' is closed by 7116@PABLO

------------------------------------------------------------------------------------------------------------------------

[2024-04-26 09:46:44 #1 store] 
Database 'C:\Users\AlumnoDAM\Downloads\objectdb-2.8.7\db\AD_Ejemplo1.odb' is opened by 2536@PABLO

[2024-04-26 09:46:44 #2 store] 
Configuration path: C:\Users\AlumnoDAM\Downloads\objectdb-2.8.7\objectdb.conf

[2024-04-26 09:46:44 #3 type] 
Type ut12_persistencia_bdoo.Vehiculo is not enhanced.

[2024-04-26 09:46:44 #4 type] 
Type ut12_persistencia_bdoo.Persona is not enhanced.

[2024-04-26 09:46:44 #5 store] 
Database 'C:\Users\AlumnoDAM\Downloads\objectdb-2.8.7\db\AD_Ejemplo1.odb' is closed by 2536@PABLO

------------------------------------------------------------------------------------------------------------------------

[2024-04-26 09:46:47 #1 store] 
Database 'C:\Users\AlumnoDAM\Downloads\objectdb-2.8.7\db\AD_Ejemplo1.odb' is opened by 11760@PABLO

[2024-04-26 09:46:47 #2 store] 
Configuration path: C:\Users\AlumnoDAM\Downloads\objectdb-2.8.7\objectdb.conf

[2024-04-26 09:46:58 #3 store] 
Database 'C:\Users\AlumnoDAM\Downloads\objectdb-2.8.7\db\AD_Ejemplo1.odb' is closed by 11760@PABLO

------------------------------------------------------------------------------------------------------------------------

[2024-04-26 09:47:14 #1 store] 
Database 'C:\Users\AlumnoDAM\Downloads\objectdb-2.8.7\db\AD_Ejemplo1.odb' is opened by 11256@PABLO

[2024-04-26 09:47:14 #2 store] 
Configuration path: C:\Users\AlumnoDAM\Downloads\objectdb-2.8.7\objectdb.conf

[2024-04-26 09:47:14 #3 type] 
Type ut12_persistencia_bdoo.Vehiculo is not enhanced.

[2024-04-26 09:47:14 #4 type] 
Type ut12_persistencia_bdoo.Persona is not enhanced.

[2024-04-26 09:47:14 #5 store] 
Database 'C:\Users\AlumnoDAM\Downloads\objectdb-2.8.7\db\AD_Ejemplo1.odb' is closed by 11256@PABLO

------------------------------------------------------------------------------------------------------------------------

[2024-04-26 09:47:23 #1 store] 
Database 'C:\Users\AlumnoDAM\Downloads\objectdb-2.8.7\db\AD_Ejemplo1.odb' is opened by 11304@PABLO

[2024-04-26 09:47:23 #2 store] 
Configuration path: C:\Users\AlumnoDAM\Downloads\objectdb-2.8.7\objectdb.conf

[2024-04-26 11:47:40 #3 store] 
Database 'C:\Users\AlumnoDAM\Downloads\objectdb-2.8.7\db\AD_Ejemplo1.odb' is closed by 11304@PABLO

