------------------------------------------------------------------------------------------------------------------------

[2024-05-05 15:00:57 #1 store] 
Database 'C:\Users\palit\OneDrive\Documentos\ProyectoFinalProgramacion\objectdb-2.8.7\db\ProyFinal.odb' is opened by 13188@Pablo

[2024-05-05 15:00:57 #2 store] 
Configuration path: C:\Users\palit\OneDrive\Documentos\ProyectoFinalProgramacion\objectdb-2.8.7\objectdb.conf

[2024-05-05 15:00:57 #3 type] 
Type MODELOS.Usuario is not enhanced.

------------------------------------------------------------------------------------------------------------------------

[2024-05-05 15:04:17 #1 store] 
Database 'C:\Users\palit\OneDrive\Documentos\ProyectoFinalProgramacion\objectdb-2.8.7\db\ProyFinal.odb' is opened by 21412@Pablo

[2024-05-05 15:04:17 #2 store] 
Configuration path: C:\Users\palit\OneDrive\Documentos\ProyectoFinalProgramacion\objectdb-2.8.7\objectdb.conf

[2024-05-05 15:04:17 #3 type] 
Type MODELOS.Usuario is not enhanced.

------------------------------------------------------------------------------------------------------------------------

[2024-05-05 16:20:25 #1 store] 
Database 'C:\Users\palit\OneDrive\Documentos\ProyectoFinalProgramacion\objectdb-2.8.7\db\ProyFinal.odb' is opened by 16364@Pablo

[2024-05-05 16:20:25 #2 store] 
Configuration path: C:\Users\palit\OneDrive\Documentos\ProyectoFinalProgramacion\objectdb-2.8.7\objectdb.conf

[2024-05-05 16:20:25 #3 type] 
Type MODELOS.Usuario is not enhanced.

------------------------------------------------------------------------------------------------------------------------

[2024-05-05 16:21:19 #1 store] 
Database 'C:\Users\palit\OneDrive\Documentos\ProyectoFinalProgramacion\objectdb-2.8.7\db\ProyFinal.odb' is opened by 16800@Pablo

[2024-05-05 16:21:19 #2 store] 
Configuration path: C:\Users\palit\OneDrive\Documentos\ProyectoFinalProgramacion\objectdb-2.8.7\objectdb.conf

[2024-05-05 16:21:19 #3 type] 
Type MODELOS.Usuario is not enhanced.

------------------------------------------------------------------------------------------------------------------------

[2024-05-05 16:22:26 #1 store] 
Database 'C:\Users\palit\OneDrive\Documentos\ProyectoFinalProgramacion\objectdb-2.8.7\db\ProyFinal.odb' is opened by 11620@Pablo

[2024-05-05 16:22:26 #2 store] 
Configuration path: C:\Users\palit\OneDrive\Documentos\ProyectoFinalProgramacion\objectdb-2.8.7\objectdb.conf

[2024-05-05 16:22:26 #3 type] 
Type MODELOS.Usuario is not enhanced.

------------------------------------------------------------------------------------------------------------------------

[2024-05-05 16:24:44 #1 store] 
Database 'C:\Users\palit\OneDrive\Documentos\ProyectoFinalProgramacion\objectdb-2.8.7\db\ProyFinal.odb' is opened by 9840@Pablo

[2024-05-05 16:24:44 #2 store] 
Configuration path: C:\Users\palit\OneDrive\Documentos\ProyectoFinalProgramacion\objectdb-2.8.7\objectdb.conf

[2024-05-05 16:24:45 #3 type] 
Type MODELOS.Usuario is not enhanced.

------------------------------------------------------------------------------------------------------------------------

[2024-05-05 16:28:21 #1 store] 
Database 'C:\Users\palit\OneDrive\Documentos\ProyectoFinalProgramacion\objectdb-2.8.7\db\ProyFinal.odb' is opened by 9496@Pablo

[2024-05-05 16:28:21 #2 store] 
Configuration path: C:\Users\palit\OneDrive\Documentos\ProyectoFinalProgramacion\objectdb-2.8.7\objectdb.conf

[2024-05-05 16:28:21 #3 type] 
Type MODELOS.Usuario is not enhanced.

