------------------------------------------------------------------------------------------------------------------------

[2024-05-15 17:32:07 #1 store] 
Database 'C:\Users\palit\OneDrive\Documentos\ProyectoFinalProgramacion\ProyFinal_PabloOrbeaBenitez\BDO\ProyFinal.odb' is opened by 13280@Pablo

[2024-05-15 17:32:07 #2 store] 
Configuration path: ?

[2024-05-15 17:32:07 #3 type] 
Type MODELOS.Usuario is not enhanced.

------------------------------------------------------------------------------------------------------------------------

[2024-05-15 17:32:51 #1 store] 
Database 'C:\Users\palit\OneDrive\Documentos\ProyectoFinalProgramacion\ProyFinal_PabloOrbeaBenitez\BDO\ProyFinal.odb' has been recovered (tr. 7-7)

[2024-05-15 17:32:51 #2 store] 
Database 'C:\Users\palit\OneDrive\Documentos\ProyectoFinalProgramacion\ProyFinal_PabloOrbeaBenitez\BDO\ProyFinal.odb' is opened by 13504@Pablo

[2024-05-15 17:32:51 #3 store] 
Configuration path: ?

[2024-05-15 17:32:51 #4 type] 
Type MODELOS.Usuario is not enhanced.

------------------------------------------------------------------------------------------------------------------------

[2024-05-15 17:34:01 #1 store] 
Database 'C:\Users\palit\OneDrive\Documentos\ProyectoFinalProgramacion\ProyFinal_PabloOrbeaBenitez\BDO\ProyFinal.odb' has been recovered (tr. 9-10)

[2024-05-15 17:34:01 #2 store] 
Database 'C:\Users\palit\OneDrive\Documentos\ProyectoFinalProgramacion\ProyFinal_PabloOrbeaBenitez\BDO\ProyFinal.odb' is opened by 15868@Pablo

[2024-05-15 17:34:01 #3 store] 
Configuration path: ?

[2024-05-15 17:34:01 #4 type] 
Type MODELOS.Usuario is not enhanced.

------------------------------------------------------------------------------------------------------------------------

[2024-05-15 17:35:19 #1 store] 
Database 'C:\Users\palit\OneDrive\Documentos\ProyectoFinalProgramacion\ProyFinal_PabloOrbeaBenitez\BDO\ProyFinal.odb' is opened by 1724@Pablo

[2024-05-15 17:35:19 #2 store] 
Configuration path: ?

[2024-05-15 17:35:19 #3 type] 
Type MODELOS.Usuario is not enhanced.

------------------------------------------------------------------------------------------------------------------------

[2024-05-15 17:37:16 #1 store] 
Database 'C:\Users\palit\OneDrive\Documentos\ProyectoFinalProgramacion\ProyFinal_PabloOrbeaBenitez\BDO\ProyFinal.odb' is opened by 17536@Pablo

[2024-05-15 17:37:16 #2 store] 
Configuration path: ?

[2024-05-15 17:37:16 #3 type] 
Type MODELOS.Usuario is not enhanced.

------------------------------------------------------------------------------------------------------------------------

[2024-05-15 17:38:52 #1 store] 
Database 'C:\Users\palit\OneDrive\Documentos\ProyectoFinalProgramacion\ProyFinal_PabloOrbeaBenitez\BDO\ProyFinal.odb' is opened by 22384@Pablo

[2024-05-15 17:38:52 #2 store] 
Configuration path: ?

[2024-05-15 17:38:52 #3 type] 
Type MODELOS.Usuario is not enhanced.

------------------------------------------------------------------------------------------------------------------------

[2024-05-15 17:41:01 #1 store] 
Database 'C:\Users\palit\OneDrive\Documentos\ProyectoFinalProgramacion\ProyFinal_PabloOrbeaBenitez\BDO\ProyFinal.odb' is opened by 16712@Pablo

[2024-05-15 17:41:01 #2 store] 
Configuration path: ?

[2024-05-15 17:41:01 #3 type] 
Type MODELOS.Usuario is not enhanced.

------------------------------------------------------------------------------------------------------------------------

[2024-05-15 17:41:48 #1 store] 
Database 'C:\Users\palit\OneDrive\Documentos\ProyectoFinalProgramacion\ProyFinal_PabloOrbeaBenitez\BDO\ProyFinal.odb' is opened by 19948@Pablo

[2024-05-15 17:41:48 #2 store] 
Configuration path: ?

[2024-05-15 17:41:48 #3 type] 
Type MODELOS.Usuario is not enhanced.

------------------------------------------------------------------------------------------------------------------------

[2024-05-15 17:42:11 #1 store] 
Database 'C:\Users\palit\OneDrive\Documentos\ProyectoFinalProgramacion\ProyFinal_PabloOrbeaBenitez\BDO\ProyFinal.odb' is opened by 7556@Pablo

[2024-05-15 17:42:11 #2 store] 
Configuration path: ?

[2024-05-15 17:42:11 #3 type] 
Type MODELOS.Usuario is not enhanced.

------------------------------------------------------------------------------------------------------------------------

[2024-05-15 17:42:39 #1 store] 
Database 'C:\Users\palit\OneDrive\Documentos\ProyectoFinalProgramacion\ProyFinal_PabloOrbeaBenitez\BDO\ProyFinal.odb' is opened by 2796@Pablo

[2024-05-15 17:42:39 #2 store] 
Configuration path: ?

[2024-05-15 17:42:39 #3 type] 
Type MODELOS.Usuario is not enhanced.

------------------------------------------------------------------------------------------------------------------------

[2024-05-15 17:43:35 #1 store] 
Database 'C:\Users\palit\OneDrive\Documentos\ProyectoFinalProgramacion\ProyFinal_PabloOrbeaBenitez\BDO\ProyFinal.odb' is opened by 23392@Pablo

[2024-05-15 17:43:35 #2 store] 
Configuration path: ?

[2024-05-15 17:43:36 #3 type] 
Type MODELOS.Usuario is not enhanced.

------------------------------------------------------------------------------------------------------------------------

[2024-05-15 17:44:30 #1 store] 
Database 'C:\Users\palit\OneDrive\Documentos\ProyectoFinalProgramacion\ProyFinal_PabloOrbeaBenitez\BDO\ProyFinal.odb' is opened by 17924@Pablo

[2024-05-15 17:44:30 #2 store] 
Configuration path: ?

[2024-05-15 17:44:30 #3 type] 
Type MODELOS.Usuario is not enhanced.

------------------------------------------------------------------------------------------------------------------------

[2024-05-15 17:46:01 #1 store] 
Database 'C:\Users\palit\OneDrive\Documentos\ProyectoFinalProgramacion\ProyFinal_PabloOrbeaBenitez\BDO\ProyFinal.odb' is opened by 11060@Pablo

[2024-05-15 17:46:01 #2 store] 
Configuration path: ?

[2024-05-15 17:46:01 #3 type] 
Type MODELOS.Usuario is not enhanced.

------------------------------------------------------------------------------------------------------------------------

[2024-05-15 17:48:35 #1 store] 
Database 'C:\Users\palit\OneDrive\Documentos\ProyectoFinalProgramacion\ProyFinal_PabloOrbeaBenitez\BDO\ProyFinal.odb' is opened by 10968@Pablo

[2024-05-15 17:48:35 #2 store] 
Configuration path: ?

[2024-05-15 17:48:35 #3 type] 
Type MODELOS.Usuario is not enhanced.

------------------------------------------------------------------------------------------------------------------------

[2024-05-15 17:49:12 #1 store] 
Database 'C:\Users\palit\OneDrive\Documentos\ProyectoFinalProgramacion\ProyFinal_PabloOrbeaBenitez\BDO\ProyFinal.odb' is opened by 18460@Pablo

[2024-05-15 17:49:12 #2 store] 
Configuration path: ?

[2024-05-15 17:49:12 #3 type] 
Type MODELOS.Usuario is not enhanced.

------------------------------------------------------------------------------------------------------------------------

[2024-05-15 17:50:12 #1 store] 
Database 'C:\Users\palit\OneDrive\Documentos\ProyectoFinalProgramacion\ProyFinal_PabloOrbeaBenitez\BDO\ProyFinal.odb' is opened by 22516@Pablo

[2024-05-15 17:50:12 #2 store] 
Configuration path: ?

[2024-05-15 17:50:12 #3 type] 
Type MODELOS.Usuario is not enhanced.

------------------------------------------------------------------------------------------------------------------------

[2024-05-15 17:54:05 #1 store] 
Database 'C:\Users\palit\OneDrive\Documentos\ProyectoFinalProgramacion\ProyFinal_PabloOrbeaBenitez\BDO\ProyFinal.odb' is opened by 15584@Pablo

[2024-05-15 17:54:05 #2 store] 
Configuration path: ?

[2024-05-15 17:54:05 #3 type] 
Type MODELOS.Usuario is not enhanced.

