------------------------------------------------------------------------------------------------------------------------

[2024-05-16 08:37:01 #1 store] 
Database 'C:\Users\AlumnoDAM\Documents\ProyectoFinalProgramacion\ProyFinal_PabloOrbeaBenitez\BDO\ProyFinal.odb' is opened by 10788@PABLO

[2024-05-16 08:37:01 #2 store] 
Configuration path: ?

[2024-05-16 08:37:01 #3 type] 
Type MODELOS.Usuario is not enhanced.

------------------------------------------------------------------------------------------------------------------------

[2024-05-16 08:38:06 #1 store] 
Database 'C:\Users\AlumnoDAM\Documents\ProyectoFinalProgramacion\ProyFinal_PabloOrbeaBenitez\BDO\ProyFinal.odb' is opened by 11600@PABLO

[2024-05-16 08:38:06 #2 store] 
Configuration path: ?

[2024-05-16 08:38:06 #3 type] 
Type MODELOS.Usuario is not enhanced.

------------------------------------------------------------------------------------------------------------------------

[2024-05-16 08:38:47 #1 store] 
Database 'C:\Users\AlumnoDAM\Documents\ProyectoFinalProgramacion\ProyFinal_PabloOrbeaBenitez\BDO\ProyFinal.odb' is opened by 7160@PABLO

[2024-05-16 08:38:47 #2 store] 
Configuration path: ?

[2024-05-16 08:38:47 #3 type] 
Type MODELOS.Usuario is not enhanced.

------------------------------------------------------------------------------------------------------------------------

[2024-05-16 08:39:15 #1 store] 
Database 'C:\Users\AlumnoDAM\Documents\ProyectoFinalProgramacion\ProyFinal_PabloOrbeaBenitez\BDO\ProyFinal.odb' is opened by 11616@PABLO

[2024-05-16 08:39:15 #2 store] 
Configuration path: ?

[2024-05-16 08:39:15 #3 type] 
Type MODELOS.Usuario is not enhanced.

------------------------------------------------------------------------------------------------------------------------

[2024-05-16 08:42:22 #1 store] 
Database 'C:\Users\AlumnoDAM\Documents\ProyectoFinalProgramacion\ProyFinal_PabloOrbeaBenitez\BDO\ProyFinal.odb' has been recovered (tr. 11-13)

[2024-05-16 08:42:22 #2 store] 
Database 'C:\Users\AlumnoDAM\Documents\ProyectoFinalProgramacion\ProyFinal_PabloOrbeaBenitez\BDO\ProyFinal.odb' is opened by 2320@PABLO

[2024-05-16 08:42:22 #3 store] 
Configuration path: ?

[2024-05-16 08:42:22 #4 type] 
Type MODELOS.Usuario is not enhanced.

------------------------------------------------------------------------------------------------------------------------

[2024-05-16 08:43:05 #1 store] 
Database 'C:\Users\AlumnoDAM\Documents\ProyectoFinalProgramacion\ProyFinal_PabloOrbeaBenitez\BDO\ProyFinal.odb' has been recovered (tr. 14-14)

[2024-05-16 08:43:05 #2 store] 
Database 'C:\Users\AlumnoDAM\Documents\ProyectoFinalProgramacion\ProyFinal_PabloOrbeaBenitez\BDO\ProyFinal.odb' is opened by 3972@PABLO

[2024-05-16 08:43:05 #3 store] 
Configuration path: ?

[2024-05-16 08:43:05 #4 type] 
Type MODELOS.Usuario is not enhanced.

------------------------------------------------------------------------------------------------------------------------

[2024-05-16 08:43:21 #1 store] 
Database 'C:\Users\AlumnoDAM\Documents\ProyectoFinalProgramacion\ProyFinal_PabloOrbeaBenitez\BDO\ProyFinal.odb' is opened by 11368@PABLO

[2024-05-16 08:43:21 #2 store] 
Configuration path: ?

[2024-05-16 08:43:21 #3 type] 
Type MODELOS.Usuario is not enhanced.

------------------------------------------------------------------------------------------------------------------------

[2024-05-16 08:43:46 #1 store] 
Database 'C:\Users\AlumnoDAM\Documents\ProyectoFinalProgramacion\ProyFinal_PabloOrbeaBenitez\BDO\ProyFinal.odb' has been recovered (tr. 16-23)

[2024-05-16 08:43:46 #2 store] 
Database 'C:\Users\AlumnoDAM\Documents\ProyectoFinalProgramacion\ProyFinal_PabloOrbeaBenitez\BDO\ProyFinal.odb' is opened by 10348@PABLO

[2024-05-16 08:43:46 #3 store] 
Configuration path: ?

[2024-05-16 08:43:46 #4 type] 
Type MODELOS.Usuario is not enhanced.

------------------------------------------------------------------------------------------------------------------------

[2024-05-16 08:44:18 #1 store] 
Database 'C:\Users\AlumnoDAM\Documents\ProyectoFinalProgramacion\ProyFinal_PabloOrbeaBenitez\BDO\ProyFinal.odb' is opened by 14044@PABLO

[2024-05-16 08:44:18 #2 store] 
Configuration path: ?

[2024-05-16 08:44:18 #3 type] 
Type MODELOS.Usuario is not enhanced.

------------------------------------------------------------------------------------------------------------------------

[2024-05-16 08:46:34 #1 store] 
Database 'C:\Users\AlumnoDAM\Documents\ProyectoFinalProgramacion\ProyFinal_PabloOrbeaBenitez\BDO\ProyFinal.odb' has been recovered (tr. 25-25)

[2024-05-16 08:46:34 #2 store] 
Database 'C:\Users\AlumnoDAM\Documents\ProyectoFinalProgramacion\ProyFinal_PabloOrbeaBenitez\BDO\ProyFinal.odb' is opened by 9664@PABLO

[2024-05-16 08:46:34 #3 store] 
Configuration path: ?

[2024-05-16 08:46:34 #4 type] 
Type MODELOS.Usuario is not enhanced.

------------------------------------------------------------------------------------------------------------------------

[2024-05-16 08:46:49 #1 store] 
Database 'C:\Users\AlumnoDAM\Documents\ProyectoFinalProgramacion\ProyFinal_PabloOrbeaBenitez\BDO\ProyFinal.odb' is opened by 14224@PABLO

[2024-05-16 08:46:49 #2 store] 
Configuration path: ?

[2024-05-16 08:46:49 #3 type] 
Type MODELOS.Usuario is not enhanced.

------------------------------------------------------------------------------------------------------------------------

[2024-05-16 08:50:10 #1 store] 
Database 'C:\Users\AlumnoDAM\Documents\ProyectoFinalProgramacion\ProyFinal_PabloOrbeaBenitez\BDO\ProyFinal.odb' is opened by 10044@PABLO

[2024-05-16 08:50:10 #2 store] 
Configuration path: ?

[2024-05-16 08:50:10 #3 type] 
Type MODELOS.Usuario is not enhanced.

------------------------------------------------------------------------------------------------------------------------

[2024-05-16 08:51:20 #1 store] 
Database 'C:\Users\AlumnoDAM\Documents\ProyectoFinalProgramacion\ProyFinal_PabloOrbeaBenitez\BDO\ProyFinal.odb' is opened by 9640@PABLO

[2024-05-16 08:51:20 #2 store] 
Configuration path: ?

[2024-05-16 08:51:20 #3 type] 
Type MODELOS.Usuario is not enhanced.

------------------------------------------------------------------------------------------------------------------------

[2024-05-16 08:53:42 #1 store] 
Database 'C:\Users\AlumnoDAM\Documents\ProyectoFinalProgramacion\ProyFinal_PabloOrbeaBenitez\BDO\ProyFinal.odb' is opened by 7212@PABLO

[2024-05-16 08:53:42 #2 store] 
Configuration path: ?

[2024-05-16 08:53:42 #3 type] 
Type MODELOS.Usuario is not enhanced.

------------------------------------------------------------------------------------------------------------------------

[2024-05-16 08:53:52 #1 store] 
Database 'C:\Users\AlumnoDAM\Documents\ProyectoFinalProgramacion\ProyFinal_PabloOrbeaBenitez\BDO\ProyFinal.odb' is opened by 14592@PABLO

[2024-05-16 08:53:52 #2 store] 
Configuration path: ?

[2024-05-16 08:53:52 #3 type] 
Type MODELOS.Usuario is not enhanced.

------------------------------------------------------------------------------------------------------------------------

[2024-05-16 08:54:27 #1 store] 
Database 'C:\Users\AlumnoDAM\Documents\ProyectoFinalProgramacion\ProyFinal_PabloOrbeaBenitez\BDO\ProyFinal.odb' is opened by 7520@PABLO

[2024-05-16 08:54:27 #2 store] 
Configuration path: ?

[2024-05-16 08:54:27 #3 type] 
Type MODELOS.Usuario is not enhanced.

------------------------------------------------------------------------------------------------------------------------

[2024-05-16 08:54:44 #1 store] 
Database 'C:\Users\AlumnoDAM\Documents\ProyectoFinalProgramacion\ProyFinal_PabloOrbeaBenitez\BDO\ProyFinal.odb' is opened by 7276@PABLO

[2024-05-16 08:54:44 #2 store] 
Configuration path: ?

[2024-05-16 08:54:44 #3 type] 
Type MODELOS.Usuario is not enhanced.

------------------------------------------------------------------------------------------------------------------------

[2024-05-16 08:55:54 #1 store] 
Database 'C:\Users\AlumnoDAM\Documents\ProyectoFinalProgramacion\ProyFinal_PabloOrbeaBenitez\BDO\ProyFinal.odb' is opened by 14240@PABLO

[2024-05-16 08:55:54 #2 store] 
Configuration path: ?

[2024-05-16 08:55:54 #3 type] 
Type MODELOS.Usuario is not enhanced.

------------------------------------------------------------------------------------------------------------------------

[2024-05-16 09:04:17 #1 store] 
Database 'C:\Users\AlumnoDAM\Documents\ProyectoFinalProgramacion\ProyFinal_PabloOrbeaBenitez\BDO\ProyFinal.odb' is opened by 11436@PABLO

[2024-05-16 09:04:17 #2 store] 
Configuration path: ?

[2024-05-16 09:04:17 #3 type] 
Type MODELOS.Usuario is not enhanced.

------------------------------------------------------------------------------------------------------------------------

[2024-05-16 09:07:58 #1 store] 
Database 'C:\Users\AlumnoDAM\Documents\ProyectoFinalProgramacion\ProyFinal_PabloOrbeaBenitez\BDO\ProyFinal.odb' is opened by 6812@PABLO

[2024-05-16 09:07:58 #2 store] 
Configuration path: ?

[2024-05-16 09:07:58 #3 type] 
Type MODELOS.Usuario is not enhanced.

------------------------------------------------------------------------------------------------------------------------

[2024-05-16 09:09:39 #1 store] 
Database 'C:\Users\AlumnoDAM\Documents\ProyectoFinalProgramacion\ProyFinal_PabloOrbeaBenitez\BDO\ProyFinal.odb' has been recovered (tr. 27-31)

[2024-05-16 09:09:39 #2 store] 
Database 'C:\Users\AlumnoDAM\Documents\ProyectoFinalProgramacion\ProyFinal_PabloOrbeaBenitez\BDO\ProyFinal.odb' is opened by 8992@PABLO

[2024-05-16 09:09:39 #3 store] 
Configuration path: ?

[2024-05-16 09:09:39 #4 type] 
Type MODELOS.Usuario is not enhanced.

------------------------------------------------------------------------------------------------------------------------

[2024-05-16 10:17:19 #1 store] 
Database 'C:\Users\AlumnoDAM\Documents\ProyectoFinalProgramacion\ProyFinal_PabloOrbeaBenitez\BDO\ProyFinal.odb' is opened by 13216@PABLO

[2024-05-16 10:17:19 #2 store] 
Configuration path: ?

[2024-05-16 10:17:19 #3 type] 
Type MODELOS.Usuario is not enhanced.

------------------------------------------------------------------------------------------------------------------------

[2024-05-16 10:17:26 #1 store] 
Database 'C:\Users\AlumnoDAM\Documents\ProyectoFinalProgramacion\ProyFinal_PabloOrbeaBenitez\BDO\ProyFinal.odb' is opened by 12968@PABLO

[2024-05-16 10:17:26 #2 store] 
Configuration path: ?

[2024-05-16 10:17:26 #3 type] 
Type MODELOS.Usuario is not enhanced.

