------------------------------------------------------------------------------------------------------------------------

[2024-05-03 08:50:11 #1 store] 
Database 'C:\Users\AlumnoDAM\Downloads\objectdb-2.8.7\db\MiniAgenda.odb' has been recovered (tr. 3-3)

[2024-05-03 08:50:11 #2 store] 
Database 'C:\Users\AlumnoDAM\Downloads\objectdb-2.8.7\db\MiniAgenda.odb' is opened by 2740@PABLO

[2024-05-03 08:50:11 #3 store] 
Configuration path: C:\Users\AlumnoDAM\Downloads\objectdb-2.8.7\objectdb.conf

[2024-05-03 08:50:11 #4 type] 
Type Modelos.Deportista is not enhanced.

------------------------------------------------------------------------------------------------------------------------

[2024-05-03 09:05:14 #1 store] 
Database 'C:\Users\AlumnoDAM\Downloads\objectdb-2.8.7\db\MiniAgenda.odb' has been recovered (tr. 4-14)

[2024-05-03 09:05:14 #2 store] 
Database 'C:\Users\AlumnoDAM\Downloads\objectdb-2.8.7\db\MiniAgenda.odb' is opened by 7656@PABLO

[2024-05-03 09:05:14 #3 store] 
Configuration path: C:\Users\AlumnoDAM\Downloads\objectdb-2.8.7\objectdb.conf

[2024-05-03 09:05:14 #4 type] 
Type Modelos.Deportista is not enhanced.

------------------------------------------------------------------------------------------------------------------------

[2024-05-03 09:20:46 #1 store] 
Database 'C:\Users\AlumnoDAM\Downloads\objectdb-2.8.7\db\ProyFinal.odb' is opened by 14164@PABLO

[2024-05-03 09:20:46 #2 store] 
Configuration path: C:\Users\AlumnoDAM\Downloads\objectdb-2.8.7\objectdb.conf

------------------------------------------------------------------------------------------------------------------------

[2024-05-03 09:21:01 #1 store] 
Database 'C:\Users\AlumnoDAM\Downloads\objectdb-2.8.7\db\ProyFinal.odb' has been recovered (tr. 1-2)

[2024-05-03 09:21:01 #2 store] 
Database 'C:\Users\AlumnoDAM\Downloads\objectdb-2.8.7\db\ProyFinal.odb' is opened by 2480@PABLO

[2024-05-03 09:21:01 #3 store] 
Configuration path: C:\Users\AlumnoDAM\Downloads\objectdb-2.8.7\objectdb.conf

[2024-05-03 09:21:05 #4 store] 
Database 'C:\Users\AlumnoDAM\Downloads\objectdb-2.8.7\db\ProyFinal.odb' is closed by 2480@PABLO

------------------------------------------------------------------------------------------------------------------------

[2024-05-03 09:23:03 #1 store] 
Database 'C:\Users\AlumnoDAM\Downloads\objectdb-2.8.7\db\ProyFinal.odb' is opened by 14108@PABLO

[2024-05-03 09:23:03 #2 store] 
Configuration path: C:\Users\AlumnoDAM\Downloads\objectdb-2.8.7\objectdb.conf

------------------------------------------------------------------------------------------------------------------------

[2024-05-03 09:23:17 #1 store] 
Database 'C:\Users\AlumnoDAM\Downloads\objectdb-2.8.7\db\ProyFinal.odb' is opened by 6500@PABLO

[2024-05-03 09:23:17 #2 store] 
Configuration path: C:\Users\AlumnoDAM\Downloads\objectdb-2.8.7\objectdb.conf

------------------------------------------------------------------------------------------------------------------------

[2024-05-03 09:24:10 #1 store] 
Database 'C:\Users\AlumnoDAM\Downloads\objectdb-2.8.7\db\ProyFinal.odb' is opened by 14152@PABLO

[2024-05-03 09:24:10 #2 store] 
Configuration path: C:\Users\AlumnoDAM\Downloads\objectdb-2.8.7\objectdb.conf

[2024-05-03 09:24:19 #3 store] 
Database 'C:\Users\AlumnoDAM\Downloads\objectdb-2.8.7\db\ProyFinal.odb' is closed by 14152@PABLO

------------------------------------------------------------------------------------------------------------------------

[2024-05-03 09:24:21 #1 store] 
Database 'C:\Users\AlumnoDAM\Downloads\objectdb-2.8.7\db\MiniAgenda.odb' is opened by 6760@PABLO

[2024-05-03 09:24:21 #2 store] 
Configuration path: C:\Users\AlumnoDAM\Downloads\objectdb-2.8.7\objectdb.conf

[2024-05-03 09:24:24 #3 store] 
Database 'C:\Users\AlumnoDAM\Downloads\objectdb-2.8.7\db\MiniAgenda.odb' is closed by 6760@PABLO

------------------------------------------------------------------------------------------------------------------------

[2024-05-03 09:24:27 #1 store] 
Database 'C:\Users\AlumnoDAM\Downloads\objectdb-2.8.7\db\ProyFinal.odb' is opened by 12816@PABLO

[2024-05-03 09:24:27 #2 store] 
Configuration path: C:\Users\AlumnoDAM\Downloads\objectdb-2.8.7\objectdb.conf

[2024-05-03 09:24:31 #3 store] 
Database 'C:\Users\AlumnoDAM\Downloads\objectdb-2.8.7\db\ProyFinal.odb' is closed by 12816@PABLO

------------------------------------------------------------------------------------------------------------------------

[2024-05-03 09:26:06 #1 store] 
Database 'C:\Users\AlumnoDAM\Downloads\objectdb-2.8.7\db\MiniAgenda.odb' is opened by 13276@PABLO

[2024-05-03 09:26:06 #2 store] 
Configuration path: C:\Users\AlumnoDAM\Downloads\objectdb-2.8.7\objectdb.conf

------------------------------------------------------------------------------------------------------------------------

[2024-05-03 09:27:47 #1 store] 
Database 'C:\Users\AlumnoDAM\Downloads\objectdb-2.8.7\db\ProyFinal.odb' is opened by 12544@PABLO

[2024-05-03 09:27:47 #2 store] 
Configuration path: C:\Users\AlumnoDAM\Downloads\objectdb-2.8.7\objectdb.conf

[2024-05-03 09:27:47 #3 type] 
Type MODELOS.Usuario is not enhanced.

------------------------------------------------------------------------------------------------------------------------

[2024-05-03 09:28:30 #1 store] 
Database 'C:\Users\AlumnoDAM\Downloads\objectdb-2.8.7\db\ProyFinal.odb' has been recovered (tr. 3-4)

[2024-05-03 09:28:30 #2 store] 
Database 'C:\Users\AlumnoDAM\Downloads\objectdb-2.8.7\db\ProyFinal.odb' is opened by 3628@PABLO

[2024-05-03 09:28:30 #3 store] 
Configuration path: C:\Users\AlumnoDAM\Downloads\objectdb-2.8.7\objectdb.conf

[2024-05-03 09:28:30 #4 type] 
Type MODELOS.Usuario is not enhanced.

------------------------------------------------------------------------------------------------------------------------

[2024-05-03 09:28:37 #1 store] 
Database 'C:\Users\AlumnoDAM\Downloads\objectdb-2.8.7\db\ProyFinal.odb' is opened by 3808@PABLO

[2024-05-03 09:28:37 #2 store] 
Configuration path: C:\Users\AlumnoDAM\Downloads\objectdb-2.8.7\objectdb.conf

[2024-05-03 09:28:37 #3 type] 
Type MODELOS.Usuario is not enhanced.

------------------------------------------------------------------------------------------------------------------------

[2024-05-03 09:29:28 #1 store] 
Database 'C:\Users\AlumnoDAM\Downloads\objectdb-2.8.7\db\ProyFinal.odb' is opened by 8384@PABLO

[2024-05-03 09:29:28 #2 store] 
Configuration path: C:\Users\AlumnoDAM\Downloads\objectdb-2.8.7\objectdb.conf

[2024-05-03 09:29:28 #3 type] 
Type MODELOS.Usuario is not enhanced.

------------------------------------------------------------------------------------------------------------------------

[2024-05-03 09:33:11 #1 store] 
Database 'C:\Users\AlumnoDAM\Documents\ProyectoFinal\objectdb-2.8.7\db\ProyFinal.odb' is opened by 5608@PABLO

[2024-05-03 09:33:11 #2 store] 
Configuration path: C:\Users\AlumnoDAM\Documents\ProyectoFinal\objectdb-2.8.7\objectdb.conf

[2024-05-03 09:33:11 #3 type] 
Type MODELOS.Usuario is not enhanced.

------------------------------------------------------------------------------------------------------------------------

[2024-05-03 09:48:46 #1 store] 
Database 'C:\Users\AlumnoDAM\Documents\ProyectoFinal\objectdb-2.8.7\db\ProyFinal.odb' is opened by 300@PABLO

[2024-05-03 09:48:46 #2 store] 
Configuration path: C:\Users\AlumnoDAM\Documents\ProyectoFinal\objectdb-2.8.7\objectdb.conf

[2024-05-03 09:48:47 #3 type] 
Type MODELOS.Usuario is not enhanced.

------------------------------------------------------------------------------------------------------------------------

[2024-05-03 09:50:06 #1 store] 
Database 'C:\Users\AlumnoDAM\Documents\ProyectoFinal\objectdb-2.8.7\db\ProyFinal.odb' is opened by 12668@PABLO

[2024-05-03 09:50:06 #2 store] 
Configuration path: C:\Users\AlumnoDAM\Documents\ProyectoFinal\objectdb-2.8.7\objectdb.conf

[2024-05-03 09:50:06 #3 type] 
Type MODELOS.Usuario is not enhanced.

------------------------------------------------------------------------------------------------------------------------

[2024-05-03 09:50:39 #1 store] 
Database 'C:\Users\AlumnoDAM\Documents\ProyectoFinal\objectdb-2.8.7\db\ProyFinal.odb' is opened by 10864@PABLO

[2024-05-03 09:50:39 #2 store] 
Configuration path: C:\Users\AlumnoDAM\Documents\ProyectoFinal\objectdb-2.8.7\objectdb.conf

[2024-05-03 09:50:39 #3 type] 
Type MODELOS.Usuario is not enhanced.

------------------------------------------------------------------------------------------------------------------------

[2024-05-03 09:51:15 #1 store] 
Database 'C:\Users\AlumnoDAM\Documents\ProyectoFinal\objectdb-2.8.7\db\ProyFinal.odb' is opened by 10496@PABLO

[2024-05-03 09:51:15 #2 store] 
Configuration path: C:\Users\AlumnoDAM\Documents\ProyectoFinal\objectdb-2.8.7\objectdb.conf

[2024-05-03 09:51:15 #3 type] 
Type MODELOS.Usuario is not enhanced.

------------------------------------------------------------------------------------------------------------------------

[2024-05-03 09:52:02 #1 store] 
Database 'C:\Users\AlumnoDAM\Documents\ProyectoFinal\objectdb-2.8.7\db\ProyFinal.odb' is opened by 5060@PABLO

[2024-05-03 09:52:02 #2 store] 
Configuration path: C:\Users\AlumnoDAM\Documents\ProyectoFinal\objectdb-2.8.7\objectdb.conf

[2024-05-03 09:52:02 #3 type] 
Type MODELOS.Usuario is not enhanced.

------------------------------------------------------------------------------------------------------------------------

[2024-05-03 10:04:46 #1 store] 
Database 'C:\Users\AlumnoDAM\Documents\ProyectoFinal\objectdb-2.8.7\db\ProyFinal.odb' is opened by 7488@PABLO

[2024-05-03 10:04:46 #2 store] 
Configuration path: C:\Users\AlumnoDAM\Documents\ProyectoFinal\objectdb-2.8.7\objectdb.conf

[2024-05-03 10:04:46 #3 type] 
Type MODELOS.Usuario is not enhanced.

------------------------------------------------------------------------------------------------------------------------

[2024-05-03 10:07:56 #1 store] 
Database 'C:\Users\AlumnoDAM\Documents\ProyectoFinal\objectdb-2.8.7\db\ProyFinal.odb' is opened by 1852@PABLO

[2024-05-03 10:07:56 #2 store] 
Configuration path: C:\Users\AlumnoDAM\Documents\ProyectoFinal\objectdb-2.8.7\objectdb.conf

[2024-05-03 10:07:56 #3 type] 
Type MODELOS.Usuario is not enhanced.

------------------------------------------------------------------------------------------------------------------------

[2024-05-03 10:08:04 #1 store] 
Database 'C:\Users\AlumnoDAM\Documents\ProyectoFinal\objectdb-2.8.7\db\ProyFinal.odb' is opened by 6888@PABLO

[2024-05-03 10:08:04 #2 store] 
Configuration path: C:\Users\AlumnoDAM\Documents\ProyectoFinal\objectdb-2.8.7\objectdb.conf

[2024-05-03 10:08:04 #3 type] 
Type MODELOS.Usuario is not enhanced.

------------------------------------------------------------------------------------------------------------------------

[2024-05-03 10:10:07 #1 store] 
Database 'C:\Users\AlumnoDAM\Documents\ProyectoFinal\objectdb-2.8.7\db\ProyFinal.odb' is opened by 7964@PABLO

[2024-05-03 10:10:07 #2 store] 
Configuration path: C:\Users\AlumnoDAM\Documents\ProyectoFinal\objectdb-2.8.7\objectdb.conf

[2024-05-03 10:10:07 #3 type] 
Type MODELOS.Usuario is not enhanced.

------------------------------------------------------------------------------------------------------------------------

[2024-05-03 10:11:41 #1 store] 
Database 'C:\Users\AlumnoDAM\Documents\ProyectoFinal\objectdb-2.8.7\db\ProyFinal.odb' is opened by 8472@PABLO

[2024-05-03 10:11:41 #2 store] 
Configuration path: C:\Users\AlumnoDAM\Documents\ProyectoFinal\objectdb-2.8.7\objectdb.conf

[2024-05-03 10:11:41 #3 type] 
Type MODELOS.Usuario is not enhanced.

