------------------------------------------------------------------------------------------------------------------------

[2024-05-13 08:33:52 #1 store] 
Database 'C:\Users\AlumnoDAM\Documents\ProyectoFinalProgramacion\objectdb-2.8.7\db\ProyFinal.odb' is opened by 5508@PABLO

[2024-05-13 08:33:52 #2 store] 
Configuration path: C:\Users\AlumnoDAM\Documents\ProyectoFinalProgramacion\objectdb-2.8.7\objectdb.conf

[2024-05-13 08:33:52 #3 type] 
Type MODELOS.Usuario is not enhanced.

------------------------------------------------------------------------------------------------------------------------

[2024-05-13 08:34:50 #1 store] 
Database 'C:\Users\AlumnoDAM\Documents\ProyectoFinalProgramacion\objectdb-2.8.7\db\ProyFinal.odb' is opened by 9292@PABLO

[2024-05-13 08:34:50 #2 store] 
Configuration path: C:\Users\AlumnoDAM\Documents\ProyectoFinalProgramacion\objectdb-2.8.7\objectdb.conf

[2024-05-13 08:34:50 #3 type] 
Type MODELOS.Usuario is not enhanced.

------------------------------------------------------------------------------------------------------------------------

[2024-05-13 08:35:49 #1 store] 
Database 'C:\Users\AlumnoDAM\Documents\ProyectoFinalProgramacion\objectdb-2.8.7\db\ProyFinal.odb' is opened by 2120@PABLO

[2024-05-13 08:35:49 #2 store] 
Configuration path: C:\Users\AlumnoDAM\Documents\ProyectoFinalProgramacion\objectdb-2.8.7\objectdb.conf

[2024-05-13 08:35:49 #3 type] 
Type MODELOS.Usuario is not enhanced.

------------------------------------------------------------------------------------------------------------------------

[2024-05-13 08:36:17 #1 store] 
Database 'C:\Users\AlumnoDAM\Documents\ProyectoFinalProgramacion\objectdb-2.8.7\db\ProyFinal.odb' is opened by 1096@PABLO

[2024-05-13 08:36:17 #2 store] 
Configuration path: C:\Users\AlumnoDAM\Documents\ProyectoFinalProgramacion\objectdb-2.8.7\objectdb.conf

[2024-05-13 08:36:17 #3 type] 
Type MODELOS.Usuario is not enhanced.

------------------------------------------------------------------------------------------------------------------------

[2024-05-13 08:36:48 #1 store] 
Database 'C:\Users\AlumnoDAM\Documents\ProyectoFinalProgramacion\objectdb-2.8.7\db\ProyFinal.odb' is opened by 5900@PABLO

[2024-05-13 08:36:48 #2 store] 
Configuration path: C:\Users\AlumnoDAM\Documents\ProyectoFinalProgramacion\objectdb-2.8.7\objectdb.conf

[2024-05-13 08:36:48 #3 type] 
Type MODELOS.Usuario is not enhanced.

------------------------------------------------------------------------------------------------------------------------

[2024-05-13 08:37:14 #1 store] 
Database 'C:\Users\AlumnoDAM\Documents\ProyectoFinalProgramacion\objectdb-2.8.7\db\ProyFinal.odb' is opened by 15876@PABLO

[2024-05-13 08:37:14 #2 store] 
Configuration path: C:\Users\AlumnoDAM\Documents\ProyectoFinalProgramacion\objectdb-2.8.7\objectdb.conf

[2024-05-13 08:37:14 #3 type] 
Type MODELOS.Usuario is not enhanced.

------------------------------------------------------------------------------------------------------------------------

[2024-05-13 08:37:25 #1 store] 
Database 'C:\Users\AlumnoDAM\Documents\ProyectoFinalProgramacion\objectdb-2.8.7\db\ProyFinal.odb' is opened by 13240@PABLO

[2024-05-13 08:37:25 #2 store] 
Configuration path: C:\Users\AlumnoDAM\Documents\ProyectoFinalProgramacion\objectdb-2.8.7\objectdb.conf

[2024-05-13 08:37:25 #3 type] 
Type MODELOS.Usuario is not enhanced.

------------------------------------------------------------------------------------------------------------------------

[2024-05-13 08:38:00 #1 store] 
Database 'C:\Users\AlumnoDAM\Documents\ProyectoFinalProgramacion\objectdb-2.8.7\db\ProyFinal.odb' is opened by 16448@PABLO

[2024-05-13 08:38:00 #2 store] 
Configuration path: C:\Users\AlumnoDAM\Documents\ProyectoFinalProgramacion\objectdb-2.8.7\objectdb.conf

[2024-05-13 08:38:00 #3 type] 
Type MODELOS.Usuario is not enhanced.

------------------------------------------------------------------------------------------------------------------------

[2024-05-13 08:40:22 #1 store] 
Database 'C:\Users\AlumnoDAM\Documents\ProyectoFinalProgramacion\objectdb-2.8.7\db\ProyFinal.odb' is opened by 8692@PABLO

[2024-05-13 08:40:22 #2 store] 
Configuration path: C:\Users\AlumnoDAM\Documents\ProyectoFinalProgramacion\objectdb-2.8.7\objectdb.conf

[2024-05-13 08:40:22 #3 type] 
Type MODELOS.Usuario is not enhanced.

------------------------------------------------------------------------------------------------------------------------

[2024-05-13 08:45:18 #1 store] 
Database 'C:\Users\AlumnoDAM\Documents\ProyectoFinalProgramacion\objectdb-2.8.7\db\ProyFinal.odb' is opened by 15908@PABLO

[2024-05-13 08:45:18 #2 store] 
Configuration path: C:\Users\AlumnoDAM\Documents\ProyectoFinalProgramacion\objectdb-2.8.7\objectdb.conf

[2024-05-13 08:45:18 #3 type] 
Type MODELOS.Usuario is not enhanced.

------------------------------------------------------------------------------------------------------------------------

[2024-05-13 08:45:44 #1 store] 
Database 'C:\Users\AlumnoDAM\Documents\ProyectoFinalProgramacion\objectdb-2.8.7\db\ProyFinal.odb' is opened by 13512@PABLO

[2024-05-13 08:45:44 #2 store] 
Configuration path: C:\Users\AlumnoDAM\Documents\ProyectoFinalProgramacion\objectdb-2.8.7\objectdb.conf

[2024-05-13 08:45:44 #3 type] 
Type MODELOS.Usuario is not enhanced.

------------------------------------------------------------------------------------------------------------------------

[2024-05-13 08:48:34 #1 store] 
Database 'C:\Users\AlumnoDAM\Documents\ProyectoFinalProgramacion\objectdb-2.8.7\db\ProyFinal.odb' is opened by 14288@PABLO

[2024-05-13 08:48:34 #2 store] 
Configuration path: C:\Users\AlumnoDAM\Documents\ProyectoFinalProgramacion\objectdb-2.8.7\objectdb.conf

[2024-05-13 08:48:34 #3 type] 
Type MODELOS.Usuario is not enhanced.

------------------------------------------------------------------------------------------------------------------------

[2024-05-13 09:16:36 #1 store] 
Database 'C:\Users\AlumnoDAM\Documents\ProyectoFinalProgramacion\objectdb-2.8.7\db\ProyFinal.odb' is opened by 12096@PABLO

[2024-05-13 09:16:36 #2 store] 
Configuration path: C:\Users\AlumnoDAM\Documents\ProyectoFinalProgramacion\objectdb-2.8.7\objectdb.conf

[2024-05-13 09:16:36 #3 type] 
Type MODELOS.Usuario is not enhanced.

------------------------------------------------------------------------------------------------------------------------

[2024-05-13 09:16:49 #1 store] 
Database 'C:\Users\AlumnoDAM\Documents\ProyectoFinalProgramacion\objectdb-2.8.7\db\ProyFinal.odb' is opened by 11864@PABLO

[2024-05-13 09:16:49 #2 store] 
Configuration path: C:\Users\AlumnoDAM\Documents\ProyectoFinalProgramacion\objectdb-2.8.7\objectdb.conf

[2024-05-13 09:16:49 #3 type] 
Type MODELOS.Usuario is not enhanced.

------------------------------------------------------------------------------------------------------------------------

[2024-05-13 09:17:02 #1 store] 
Database 'C:\Users\AlumnoDAM\Documents\ProyectoFinalProgramacion\objectdb-2.8.7\db\ProyFinal.odb' has been recovered (tr. 159-159)

[2024-05-13 09:17:02 #2 store] 
Database 'C:\Users\AlumnoDAM\Documents\ProyectoFinalProgramacion\objectdb-2.8.7\db\ProyFinal.odb' is opened by 11136@PABLO

[2024-05-13 09:17:02 #3 store] 
Configuration path: C:\Users\AlumnoDAM\Documents\ProyectoFinalProgramacion\objectdb-2.8.7\objectdb.conf

[2024-05-13 09:17:03 #4 type] 
Type MODELOS.Usuario is not enhanced.

------------------------------------------------------------------------------------------------------------------------

[2024-05-13 09:17:16 #1 store] 
Database 'C:\Users\AlumnoDAM\Documents\ProyectoFinalProgramacion\objectdb-2.8.7\db\ProyFinal.odb' is opened by 15932@PABLO

[2024-05-13 09:17:16 #2 store] 
Configuration path: C:\Users\AlumnoDAM\Documents\ProyectoFinalProgramacion\objectdb-2.8.7\objectdb.conf

[2024-05-13 09:17:16 #3 type] 
Type MODELOS.Usuario is not enhanced.

------------------------------------------------------------------------------------------------------------------------

[2024-05-13 09:17:27 #1 store] 
Database 'C:\Users\AlumnoDAM\Documents\ProyectoFinalProgramacion\objectdb-2.8.7\db\ProyFinal.odb' is opened by 13864@PABLO

[2024-05-13 09:17:27 #2 store] 
Configuration path: C:\Users\AlumnoDAM\Documents\ProyectoFinalProgramacion\objectdb-2.8.7\objectdb.conf

[2024-05-13 09:17:27 #3 type] 
Type MODELOS.Usuario is not enhanced.

------------------------------------------------------------------------------------------------------------------------

[2024-05-13 09:17:40 #1 store] 
Database 'C:\Users\AlumnoDAM\Documents\ProyectoFinalProgramacion\objectdb-2.8.7\db\ProyFinal.odb' is opened by 14656@PABLO

[2024-05-13 09:17:40 #2 store] 
Configuration path: C:\Users\AlumnoDAM\Documents\ProyectoFinalProgramacion\objectdb-2.8.7\objectdb.conf

[2024-05-13 09:17:40 #3 type] 
Type MODELOS.Usuario is not enhanced.

------------------------------------------------------------------------------------------------------------------------

[2024-05-13 09:17:57 #1 store] 
Database 'C:\Users\AlumnoDAM\Documents\ProyectoFinalProgramacion\objectdb-2.8.7\db\ProyFinal.odb' has been recovered (tr. 160-160)

[2024-05-13 09:17:57 #2 store] 
Database 'C:\Users\AlumnoDAM\Documents\ProyectoFinalProgramacion\objectdb-2.8.7\db\ProyFinal.odb' is opened by 12680@PABLO

[2024-05-13 09:17:57 #3 store] 
Configuration path: C:\Users\AlumnoDAM\Documents\ProyectoFinalProgramacion\objectdb-2.8.7\objectdb.conf

[2024-05-13 09:17:57 #4 type] 
Type MODELOS.Usuario is not enhanced.

------------------------------------------------------------------------------------------------------------------------

[2024-05-13 09:18:07 #1 store] 
Database 'C:\Users\AlumnoDAM\Documents\ProyectoFinalProgramacion\objectdb-2.8.7\db\ProyFinal.odb' is opened by 12804@PABLO

[2024-05-13 09:18:07 #2 store] 
Configuration path: C:\Users\AlumnoDAM\Documents\ProyectoFinalProgramacion\objectdb-2.8.7\objectdb.conf

[2024-05-13 09:18:07 #3 type] 
Type MODELOS.Usuario is not enhanced.

------------------------------------------------------------------------------------------------------------------------

[2024-05-13 09:19:02 #1 store] 
Database 'C:\Users\AlumnoDAM\Documents\ProyectoFinalProgramacion\objectdb-2.8.7\db\ProyFinal.odb' has been recovered (tr. 162-164)

[2024-05-13 09:19:02 #2 store] 
Database 'C:\Users\AlumnoDAM\Documents\ProyectoFinalProgramacion\objectdb-2.8.7\db\ProyFinal.odb' is opened by 14936@PABLO

[2024-05-13 09:19:02 #3 store] 
Configuration path: C:\Users\AlumnoDAM\Documents\ProyectoFinalProgramacion\objectdb-2.8.7\objectdb.conf

[2024-05-13 09:19:02 #4 type] 
Type MODELOS.Usuario is not enhanced.

------------------------------------------------------------------------------------------------------------------------

[2024-05-13 09:20:35 #1 store] 
Database 'C:\Users\AlumnoDAM\Documents\ProyectoFinalProgramacion\objectdb-2.8.7\db\ProyFinal.odb' is opened by 16340@PABLO

[2024-05-13 09:20:35 #2 store] 
Configuration path: C:\Users\AlumnoDAM\Documents\ProyectoFinalProgramacion\objectdb-2.8.7\objectdb.conf

[2024-05-13 09:20:35 #3 type] 
Type MODELOS.Usuario is not enhanced.

------------------------------------------------------------------------------------------------------------------------

[2024-05-13 09:35:46 #1 store] 
Database 'C:\Users\AlumnoDAM\Documents\ProyectoFinalProgramacion\objectdb-2.8.7\db\ProyFinal.odb' is opened by 13720@PABLO

[2024-05-13 09:35:46 #2 store] 
Configuration path: C:\Users\AlumnoDAM\Documents\ProyectoFinalProgramacion\objectdb-2.8.7\objectdb.conf

[2024-05-13 09:35:46 #3 type] 
Type MODELOS.Usuario is not enhanced.

------------------------------------------------------------------------------------------------------------------------

[2024-05-13 10:16:04 #1 store] 
Database 'C:\Users\AlumnoDAM\Documents\ProyectoFinalProgramacion\objectdb-2.8.7\db\ProyFinal.odb' is opened by 2852@PABLO

[2024-05-13 10:16:04 #2 store] 
Configuration path: C:\Users\AlumnoDAM\Documents\ProyectoFinalProgramacion\objectdb-2.8.7\objectdb.conf

[2024-05-13 10:16:05 #3 type] 
Type MODELOS.Usuario is not enhanced.

------------------------------------------------------------------------------------------------------------------------

[2024-05-13 10:55:12 #1 store] 
Database 'C:\Users\AlumnoDAM\Documents\ProyectoFinalProgramacion\objectdb-2.8.7\db\ProyFinal.odb' is opened by 11124@PABLO

[2024-05-13 10:55:12 #2 store] 
Configuration path: C:\Users\AlumnoDAM\Documents\ProyectoFinalProgramacion\objectdb-2.8.7\objectdb.conf

[2024-05-13 10:55:12 #3 type] 
Type MODELOS.Usuario is not enhanced.

------------------------------------------------------------------------------------------------------------------------

[2024-05-13 10:55:29 #1 store] 
Database 'C:\Users\AlumnoDAM\Documents\ProyectoFinalProgramacion\objectdb-2.8.7\db\ProyFinal.odb' has been recovered (tr. 165-165)

[2024-05-13 10:55:29 #2 store] 
Database 'C:\Users\AlumnoDAM\Documents\ProyectoFinalProgramacion\objectdb-2.8.7\db\ProyFinal.odb' is opened by 11496@PABLO

[2024-05-13 10:55:29 #3 store] 
Configuration path: C:\Users\AlumnoDAM\Documents\ProyectoFinalProgramacion\objectdb-2.8.7\objectdb.conf

[2024-05-13 10:55:29 #4 type] 
Type MODELOS.Usuario is not enhanced.

------------------------------------------------------------------------------------------------------------------------

[2024-05-13 10:55:54 #1 store] 
Database 'C:\Users\AlumnoDAM\Documents\ProyectoFinalProgramacion\objectdb-2.8.7\db\ProyFinal.odb' is opened by 17144@PABLO

[2024-05-13 10:55:54 #2 store] 
Configuration path: C:\Users\AlumnoDAM\Documents\ProyectoFinalProgramacion\objectdb-2.8.7\objectdb.conf

[2024-05-13 10:55:54 #3 type] 
Type MODELOS.Usuario is not enhanced.

------------------------------------------------------------------------------------------------------------------------

[2024-05-13 11:00:28 #1 store] 
Database 'C:\Users\AlumnoDAM\Documents\ProyectoFinalProgramacion\objectdb-2.8.7\db\ProyFinal.odb' has been recovered (tr. 167-167)

[2024-05-13 11:00:28 #2 store] 
Database 'C:\Users\AlumnoDAM\Documents\ProyectoFinalProgramacion\objectdb-2.8.7\db\ProyFinal.odb' is opened by 16280@PABLO

[2024-05-13 11:00:28 #3 store] 
Configuration path: C:\Users\AlumnoDAM\Documents\ProyectoFinalProgramacion\objectdb-2.8.7\objectdb.conf

[2024-05-13 11:00:28 #4 type] 
Type MODELOS.Usuario is not enhanced.

------------------------------------------------------------------------------------------------------------------------

[2024-05-13 11:06:34 #1 store] 
Database 'C:\Users\AlumnoDAM\Documents\ProyectoFinalProgramacion\objectdb-2.8.7\db\ProyFinal.odb' has been recovered (tr. 168-168)

[2024-05-13 11:06:34 #2 store] 
Database 'C:\Users\AlumnoDAM\Documents\ProyectoFinalProgramacion\objectdb-2.8.7\db\ProyFinal.odb' is opened by 4580@PABLO

[2024-05-13 11:06:34 #3 store] 
Configuration path: C:\Users\AlumnoDAM\Documents\ProyectoFinalProgramacion\objectdb-2.8.7\objectdb.conf

[2024-05-13 11:06:34 #4 type] 
Type MODELOS.Usuario is not enhanced.

------------------------------------------------------------------------------------------------------------------------

[2024-05-13 11:08:42 #1 store] 
Database 'C:\Users\AlumnoDAM\Documents\ProyectoFinalProgramacion\objectdb-2.8.7\db\ProyFinal.odb' has been recovered (tr. 170-182)

[2024-05-13 11:08:42 #2 store] 
Database 'C:\Users\AlumnoDAM\Documents\ProyectoFinalProgramacion\objectdb-2.8.7\db\ProyFinal.odb' is opened by 1164@PABLO

[2024-05-13 11:08:42 #3 store] 
Configuration path: C:\Users\AlumnoDAM\Documents\ProyectoFinalProgramacion\objectdb-2.8.7\objectdb.conf

[2024-05-13 11:08:42 #4 type] 
Type MODELOS.Usuario is not enhanced.

------------------------------------------------------------------------------------------------------------------------

[2024-05-13 11:09:10 #1 store] 
Database 'C:\Users\AlumnoDAM\Documents\ProyectoFinalProgramacion\objectdb-2.8.7\db\ProyFinal.odb' is opened by 6096@PABLO

[2024-05-13 11:09:10 #2 store] 
Configuration path: C:\Users\AlumnoDAM\Documents\ProyectoFinalProgramacion\objectdb-2.8.7\objectdb.conf

[2024-05-13 11:09:10 #3 type] 
Type MODELOS.Usuario is not enhanced.

