------------------------------------------------------------------------------------------------------------------------

[2024-05-07 09:29:28 #1 store] 
Database 'C:\Users\AlumnoDAM\Documents\ProyectoFinalProgramacion\objectdb-2.8.7\db\ProyFinal.odb' is opened by 9724@PABLO

[2024-05-07 09:29:28 #2 store] 
Configuration path: C:\Users\AlumnoDAM\Documents\ProyectoFinalProgramacion\objectdb-2.8.7\objectdb.conf

[2024-05-07 09:29:29 #3 type] 
Type MODELOS.Usuario is not enhanced.

------------------------------------------------------------------------------------------------------------------------

[2024-05-07 09:30:27 #1 store] 
Database 'C:\Users\AlumnoDAM\Documents\ProyectoFinalProgramacion\objectdb-2.8.7\db\ProyFinal.odb' is opened by 14464@PABLO

[2024-05-07 09:30:27 #2 store] 
Configuration path: C:\Users\AlumnoDAM\Documents\ProyectoFinalProgramacion\objectdb-2.8.7\objectdb.conf

[2024-05-07 09:30:27 #3 type] 
Type MODELOS.Usuario is not enhanced.

------------------------------------------------------------------------------------------------------------------------

[2024-05-07 09:31:09 #1 store] 
Database 'C:\Users\AlumnoDAM\Documents\ProyectoFinalProgramacion\objectdb-2.8.7\db\ProyFinal.odb' is opened by 1244@PABLO

[2024-05-07 09:31:09 #2 store] 
Configuration path: C:\Users\AlumnoDAM\Documents\ProyectoFinalProgramacion\objectdb-2.8.7\objectdb.conf

[2024-05-07 09:31:09 #3 type] 
Type MODELOS.Usuario is not enhanced.

------------------------------------------------------------------------------------------------------------------------

[2024-05-07 09:35:43 #1 store] 
Database 'C:\Users\AlumnoDAM\Documents\ProyectoFinalProgramacion\objectdb-2.8.7\db\ProyFinal.odb' is opened by 7612@PABLO

[2024-05-07 09:35:43 #2 store] 
Configuration path: C:\Users\AlumnoDAM\Documents\ProyectoFinalProgramacion\objectdb-2.8.7\objectdb.conf

[2024-05-07 09:35:43 #3 type] 
Type MODELOS.Usuario is not enhanced.

------------------------------------------------------------------------------------------------------------------------

[2024-05-07 09:36:46 #1 store] 
Database 'C:\Users\AlumnoDAM\Documents\ProyectoFinalProgramacion\objectdb-2.8.7\db\ProyFinal.odb' is opened by 2764@PABLO

[2024-05-07 09:36:46 #2 store] 
Configuration path: C:\Users\AlumnoDAM\Documents\ProyectoFinalProgramacion\objectdb-2.8.7\objectdb.conf

[2024-05-07 09:36:46 #3 type] 
Type MODELOS.Usuario is not enhanced.

------------------------------------------------------------------------------------------------------------------------

[2024-05-07 09:46:57 #1 store] 
Database 'C:\Users\AlumnoDAM\Documents\ProyectoFinalProgramacion\objectdb-2.8.7\db\ProyFinal.odb' is opened by 2864@PABLO

[2024-05-07 09:46:57 #2 store] 
Configuration path: C:\Users\AlumnoDAM\Documents\ProyectoFinalProgramacion\objectdb-2.8.7\objectdb.conf

[2024-05-07 09:46:57 #3 type] 
Type MODELOS.Usuario is not enhanced.

------------------------------------------------------------------------------------------------------------------------

[2024-05-07 09:51:29 #1 store] 
Database 'C:\Users\AlumnoDAM\Documents\ProyectoFinalProgramacion\objectdb-2.8.7\db\ProyFinal.odb' is opened by 284@PABLO

[2024-05-07 09:51:29 #2 store] 
Configuration path: C:\Users\AlumnoDAM\Documents\ProyectoFinalProgramacion\objectdb-2.8.7\objectdb.conf

[2024-05-07 09:51:30 #3 type] 
Type MODELOS.Usuario is not enhanced.

------------------------------------------------------------------------------------------------------------------------

[2024-05-07 09:53:09 #1 store] 
Database 'C:\Users\AlumnoDAM\Documents\ProyectoFinalProgramacion\objectdb-2.8.7\db\ProyFinal.odb' is opened by 168@PABLO

[2024-05-07 09:53:09 #2 store] 
Configuration path: C:\Users\AlumnoDAM\Documents\ProyectoFinalProgramacion\objectdb-2.8.7\objectdb.conf

[2024-05-07 09:53:09 #3 type] 
Type MODELOS.Usuario is not enhanced.

------------------------------------------------------------------------------------------------------------------------

[2024-05-07 09:54:18 #1 store] 
Database 'C:\Users\AlumnoDAM\Documents\ProyectoFinalProgramacion\objectdb-2.8.7\db\ProyFinal.odb' is opened by 8904@PABLO

[2024-05-07 09:54:18 #2 store] 
Configuration path: C:\Users\AlumnoDAM\Documents\ProyectoFinalProgramacion\objectdb-2.8.7\objectdb.conf

[2024-05-07 09:54:18 #3 type] 
Type MODELOS.Usuario is not enhanced.

------------------------------------------------------------------------------------------------------------------------

[2024-05-07 09:56:43 #1 store] 
Database 'C:\Users\AlumnoDAM\Documents\ProyectoFinalProgramacion\objectdb-2.8.7\db\ProyFinal.odb' is opened by 11308@PABLO

[2024-05-07 09:56:43 #2 store] 
Configuration path: C:\Users\AlumnoDAM\Documents\ProyectoFinalProgramacion\objectdb-2.8.7\objectdb.conf

[2024-05-07 09:56:43 #3 type] 
Type MODELOS.Usuario is not enhanced.

------------------------------------------------------------------------------------------------------------------------

[2024-05-07 10:00:50 #1 store] 
Database 'C:\Users\AlumnoDAM\Documents\ProyectoFinalProgramacion\objectdb-2.8.7\db\ProyFinal.odb' is opened by 10552@PABLO

[2024-05-07 10:00:50 #2 store] 
Configuration path: C:\Users\AlumnoDAM\Documents\ProyectoFinalProgramacion\objectdb-2.8.7\objectdb.conf

[2024-05-07 10:00:50 #3 type] 
Type MODELOS.Usuario is not enhanced.

------------------------------------------------------------------------------------------------------------------------

[2024-05-07 10:02:45 #1 store] 
Database 'C:\Users\AlumnoDAM\Documents\ProyectoFinalProgramacion\objectdb-2.8.7\db\ProyFinal.odb' is opened by 1680@PABLO

[2024-05-07 10:02:45 #2 store] 
Configuration path: C:\Users\AlumnoDAM\Documents\ProyectoFinalProgramacion\objectdb-2.8.7\objectdb.conf

[2024-05-07 10:02:45 #3 type] 
Type MODELOS.Usuario is not enhanced.

------------------------------------------------------------------------------------------------------------------------

[2024-05-07 10:04:17 #1 store] 
Database 'C:\Users\AlumnoDAM\Documents\ProyectoFinalProgramacion\objectdb-2.8.7\db\ProyFinal.odb' is opened by 8004@PABLO

[2024-05-07 10:04:17 #2 store] 
Configuration path: C:\Users\AlumnoDAM\Documents\ProyectoFinalProgramacion\objectdb-2.8.7\objectdb.conf

[2024-05-07 10:04:17 #3 type] 
Type MODELOS.Usuario is not enhanced.

------------------------------------------------------------------------------------------------------------------------

[2024-05-07 10:16:18 #1 store] 
Database 'C:\Users\AlumnoDAM\Documents\ProyectoFinalProgramacion\objectdb-2.8.7\db\ProyFinal.odb' is opened by 9672@PABLO

[2024-05-07 10:16:18 #2 store] 
Configuration path: C:\Users\AlumnoDAM\Documents\ProyectoFinalProgramacion\objectdb-2.8.7\objectdb.conf

[2024-05-07 10:16:18 #3 type] 
Type MODELOS.Usuario is not enhanced.

------------------------------------------------------------------------------------------------------------------------

[2024-05-07 10:17:19 #1 store] 
Database 'C:\Users\AlumnoDAM\Documents\ProyectoFinalProgramacion\objectdb-2.8.7\db\ProyFinal.odb' is opened by 13028@PABLO

[2024-05-07 10:17:19 #2 store] 
Configuration path: C:\Users\AlumnoDAM\Documents\ProyectoFinalProgramacion\objectdb-2.8.7\objectdb.conf

[2024-05-07 10:17:19 #3 type] 
Type MODELOS.Usuario is not enhanced.

------------------------------------------------------------------------------------------------------------------------

[2024-05-07 10:17:58 #1 store] 
Database 'C:\Users\AlumnoDAM\Documents\ProyectoFinalProgramacion\objectdb-2.8.7\db\ProyFinal.odb' is opened by 3428@PABLO

[2024-05-07 10:17:58 #2 store] 
Configuration path: C:\Users\AlumnoDAM\Documents\ProyectoFinalProgramacion\objectdb-2.8.7\objectdb.conf

[2024-05-07 10:17:58 #3 type] 
Type MODELOS.Usuario is not enhanced.

------------------------------------------------------------------------------------------------------------------------

[2024-05-07 10:20:07 #1 store] 
Database 'C:\Users\AlumnoDAM\Documents\ProyectoFinalProgramacion\objectdb-2.8.7\db\ProyFinal.odb' is opened by 12644@PABLO

[2024-05-07 10:20:07 #2 store] 
Configuration path: C:\Users\AlumnoDAM\Documents\ProyectoFinalProgramacion\objectdb-2.8.7\objectdb.conf

[2024-05-07 10:20:07 #3 type] 
Type MODELOS.Usuario is not enhanced.

------------------------------------------------------------------------------------------------------------------------

[2024-05-07 10:22:17 #1 store] 
Database 'C:\Users\AlumnoDAM\Documents\ProyectoFinalProgramacion\objectdb-2.8.7\db\ProyFinal.odb' is opened by 2532@PABLO

[2024-05-07 10:22:17 #2 store] 
Configuration path: C:\Users\AlumnoDAM\Documents\ProyectoFinalProgramacion\objectdb-2.8.7\objectdb.conf

[2024-05-07 10:22:17 #3 type] 
Type MODELOS.Usuario is not enhanced.

------------------------------------------------------------------------------------------------------------------------

[2024-05-07 10:23:57 #1 store] 
Database 'C:\Users\AlumnoDAM\Documents\ProyectoFinalProgramacion\objectdb-2.8.7\db\ProyFinal.odb' is opened by 9580@PABLO

[2024-05-07 10:23:57 #2 store] 
Configuration path: C:\Users\AlumnoDAM\Documents\ProyectoFinalProgramacion\objectdb-2.8.7\objectdb.conf

[2024-05-07 10:23:57 #3 type] 
Type MODELOS.Usuario is not enhanced.

------------------------------------------------------------------------------------------------------------------------

[2024-05-07 10:24:04 #1 store] 
Database 'C:\Users\AlumnoDAM\Documents\ProyectoFinalProgramacion\objectdb-2.8.7\db\ProyFinal.odb' is opened by 8380@PABLO

[2024-05-07 10:24:04 #2 store] 
Configuration path: C:\Users\AlumnoDAM\Documents\ProyectoFinalProgramacion\objectdb-2.8.7\objectdb.conf

[2024-05-07 10:24:04 #3 type] 
Type MODELOS.Usuario is not enhanced.

------------------------------------------------------------------------------------------------------------------------

[2024-05-07 10:24:57 #1 store] 
Database 'C:\Users\AlumnoDAM\Documents\ProyectoFinalProgramacion\objectdb-2.8.7\db\ProyFinal.odb' is opened by 8228@PABLO

[2024-05-07 10:24:57 #2 store] 
Configuration path: C:\Users\AlumnoDAM\Documents\ProyectoFinalProgramacion\objectdb-2.8.7\objectdb.conf

[2024-05-07 10:24:57 #3 type] 
Type MODELOS.Usuario is not enhanced.

------------------------------------------------------------------------------------------------------------------------

[2024-05-07 10:25:45 #1 store] 
Database 'C:\Users\AlumnoDAM\Documents\ProyectoFinalProgramacion\objectdb-2.8.7\db\ProyFinal.odb' is opened by 13456@PABLO

[2024-05-07 10:25:45 #2 store] 
Configuration path: C:\Users\AlumnoDAM\Documents\ProyectoFinalProgramacion\objectdb-2.8.7\objectdb.conf

[2024-05-07 10:25:45 #3 type] 
Type MODELOS.Usuario is not enhanced.

------------------------------------------------------------------------------------------------------------------------

[2024-05-07 10:26:35 #1 store] 
Database 'C:\Users\AlumnoDAM\Documents\ProyectoFinalProgramacion\objectdb-2.8.7\db\ProyFinal.odb' is opened by 7256@PABLO

[2024-05-07 10:26:35 #2 store] 
Configuration path: C:\Users\AlumnoDAM\Documents\ProyectoFinalProgramacion\objectdb-2.8.7\objectdb.conf

[2024-05-07 10:26:35 #3 type] 
Type MODELOS.Usuario is not enhanced.

------------------------------------------------------------------------------------------------------------------------

[2024-05-07 10:31:57 #1 store] 
Database 'C:\Users\AlumnoDAM\Documents\ProyectoFinalProgramacion\objectdb-2.8.7\db\ProyFinal.odb' is opened by 4444@PABLO

[2024-05-07 10:31:57 #2 store] 
Configuration path: C:\Users\AlumnoDAM\Documents\ProyectoFinalProgramacion\objectdb-2.8.7\objectdb.conf

[2024-05-07 10:31:57 #3 type] 
Type MODELOS.Usuario is not enhanced.

