------------------------------------------------------------------------------------------------------------------------

[2024-05-14 08:58:26 #1 store] 
Database 'C:\Users\AlumnoDAM\Documents\ProyectoFinalProgramacion\objectdb-2.8.7\db\ProyFinal.odb' is opened by 15836@PABLO

[2024-05-14 08:58:26 #2 store] 
Configuration path: C:\Users\AlumnoDAM\Documents\ProyectoFinalProgramacion\objectdb-2.8.7\objectdb.conf

[2024-05-14 08:58:26 #3 type] 
Type MODELOS.Usuario is not enhanced.

------------------------------------------------------------------------------------------------------------------------

[2024-05-14 09:05:25 #1 store] 
Database 'C:\Users\AlumnoDAM\Documents\ProyectoFinalProgramacion\objectdb-2.8.7\db\ProyFinal.odb' is opened by 14080@PABLO

[2024-05-14 09:05:25 #2 store] 
Configuration path: C:\Users\AlumnoDAM\Documents\ProyectoFinalProgramacion\objectdb-2.8.7\objectdb.conf

[2024-05-14 09:05:25 #3 type] 
Type MODELOS.Usuario is not enhanced.

------------------------------------------------------------------------------------------------------------------------

[2024-05-14 09:17:25 #1 store] 
Database 'C:\Users\AlumnoDAM\Documents\ProyectoFinalProgramacion\objectdb-2.8.7\db\ProyFinal.odb' is opened by 4464@PABLO

[2024-05-14 09:17:25 #2 store] 
Configuration path: C:\Users\AlumnoDAM\Documents\ProyectoFinalProgramacion\objectdb-2.8.7\objectdb.conf

[2024-05-14 09:17:25 #3 type] 
Type MODELOS.Usuario is not enhanced.

------------------------------------------------------------------------------------------------------------------------

[2024-05-14 09:18:30 #1 store] 
Database 'C:\Users\AlumnoDAM\Documents\ProyectoFinalProgramacion\objectdb-2.8.7\db\ProyFinal.odb' is opened by 1904@PABLO

[2024-05-14 09:18:30 #2 store] 
Configuration path: C:\Users\AlumnoDAM\Documents\ProyectoFinalProgramacion\objectdb-2.8.7\objectdb.conf

[2024-05-14 09:18:30 #3 type] 
Type MODELOS.Usuario is not enhanced.

------------------------------------------------------------------------------------------------------------------------

[2024-05-14 09:18:51 #1 store] 
Database 'C:\Users\AlumnoDAM\Documents\ProyectoFinalProgramacion\objectdb-2.8.7\db\ProyFinal.odb' is opened by 14512@PABLO

[2024-05-14 09:18:51 #2 store] 
Configuration path: C:\Users\AlumnoDAM\Documents\ProyectoFinalProgramacion\objectdb-2.8.7\objectdb.conf

[2024-05-14 09:18:51 #3 type] 
Type MODELOS.Usuario is not enhanced.

------------------------------------------------------------------------------------------------------------------------

[2024-05-14 09:20:21 #1 store] 
Database 'C:\Users\AlumnoDAM\Documents\ProyectoFinalProgramacion\objectdb-2.8.7\db\ProyFinal.odb' is opened by 13528@PABLO

[2024-05-14 09:20:21 #2 store] 
Configuration path: C:\Users\AlumnoDAM\Documents\ProyectoFinalProgramacion\objectdb-2.8.7\objectdb.conf

[2024-05-14 09:20:21 #3 type] 
Type MODELOS.Usuario is not enhanced.

------------------------------------------------------------------------------------------------------------------------

[2024-05-14 09:21:04 #1 store] 
Database 'C:\Users\AlumnoDAM\Documents\ProyectoFinalProgramacion\objectdb-2.8.7\db\ProyFinal.odb' is opened by 10936@PABLO

[2024-05-14 09:21:04 #2 store] 
Configuration path: C:\Users\AlumnoDAM\Documents\ProyectoFinalProgramacion\objectdb-2.8.7\objectdb.conf

[2024-05-14 09:21:04 #3 type] 
Type MODELOS.Usuario is not enhanced.

------------------------------------------------------------------------------------------------------------------------

[2024-05-14 09:23:42 #1 store] 
Database 'C:\Users\AlumnoDAM\Documents\ProyectoFinalProgramacion\objectdb-2.8.7\db\ProyFinal.odb' is opened by 9208@PABLO

[2024-05-14 09:23:42 #2 store] 
Configuration path: C:\Users\AlumnoDAM\Documents\ProyectoFinalProgramacion\objectdb-2.8.7\objectdb.conf

[2024-05-14 09:23:42 #3 type] 
Type MODELOS.Usuario is not enhanced.

------------------------------------------------------------------------------------------------------------------------

[2024-05-14 09:30:00 #1 store] 
Database 'C:\Users\AlumnoDAM\Documents\ProyectoFinalProgramacion\objectdb-2.8.7\db\ProyFinal.odb' is opened by 9444@PABLO

[2024-05-14 09:30:00 #2 store] 
Configuration path: C:\Users\AlumnoDAM\Documents\ProyectoFinalProgramacion\objectdb-2.8.7\objectdb.conf

[2024-05-14 09:30:00 #3 type] 
Type MODELOS.Usuario is not enhanced.

------------------------------------------------------------------------------------------------------------------------

[2024-05-14 09:32:03 #1 store] 
Database 'C:\Users\AlumnoDAM\Documents\ProyectoFinalProgramacion\objectdb-2.8.7\db\ProyFinal.odb' is opened by 8648@PABLO

[2024-05-14 09:32:03 #2 store] 
Configuration path: C:\Users\AlumnoDAM\Documents\ProyectoFinalProgramacion\objectdb-2.8.7\objectdb.conf

[2024-05-14 09:32:03 #3 type] 
Type MODELOS.Usuario is not enhanced.

------------------------------------------------------------------------------------------------------------------------

[2024-05-14 10:20:46 #1 store] 
Database 'C:\Users\AlumnoDAM\Documents\ProyectoFinalProgramacion\objectdb-2.8.7\db\ProyFinal.odb' is opened by 13064@PABLO

[2024-05-14 10:20:46 #2 store] 
Configuration path: C:\Users\AlumnoDAM\Documents\ProyectoFinalProgramacion\objectdb-2.8.7\objectdb.conf

[2024-05-14 10:20:46 #3 type] 
Type MODELOS.Usuario is not enhanced.

------------------------------------------------------------------------------------------------------------------------

[2024-05-14 10:21:05 #1 store] 
Database 'C:\Users\AlumnoDAM\Documents\ProyectoFinalProgramacion\objectdb-2.8.7\db\ProyFinal.odb' is opened by 8680@PABLO

[2024-05-14 10:21:05 #2 store] 
Configuration path: C:\Users\AlumnoDAM\Documents\ProyectoFinalProgramacion\objectdb-2.8.7\objectdb.conf

[2024-05-14 10:21:05 #3 type] 
Type MODELOS.Usuario is not enhanced.

------------------------------------------------------------------------------------------------------------------------

[2024-05-14 10:32:24 #1 store] 
Database 'C:\Users\AlumnoDAM\Documents\ProyectoFinalProgramacion\objectdb-2.8.7\db\ProyFinal.odb' has been recovered (tr. 183-185)

[2024-05-14 10:32:25 #2 store] 
Database 'C:\Users\AlumnoDAM\Documents\ProyectoFinalProgramacion\objectdb-2.8.7\db\ProyFinal.odb' is opened by 13000@PABLO

[2024-05-14 10:32:25 #3 store] 
Configuration path: C:\Users\AlumnoDAM\Documents\ProyectoFinalProgramacion\objectdb-2.8.7\objectdb.conf

[2024-05-14 10:32:25 #4 type] 
Type MODELOS.Usuario is not enhanced.

------------------------------------------------------------------------------------------------------------------------

[2024-05-14 10:59:51 #1 store] 
Database 'C:\Users\AlumnoDAM\Documents\ProyectoFinalProgramacion\objectdb-2.8.7\db\ProyFinal.odb' is opened by 11540@PABLO

[2024-05-14 10:59:51 #2 store] 
Configuration path: C:\Users\AlumnoDAM\Documents\ProyectoFinalProgramacion\objectdb-2.8.7\objectdb.conf

[2024-05-14 10:59:51 #3 type] 
Type MODELOS.Usuario is not enhanced.

------------------------------------------------------------------------------------------------------------------------

[2024-05-14 11:00:57 #1 store] 
Database 'C:\Users\AlumnoDAM\Documents\ProyectoFinalProgramacion\objectdb-2.8.7\db\ProyFinal.odb' is opened by 7348@PABLO

[2024-05-14 11:00:57 #2 store] 
Configuration path: C:\Users\AlumnoDAM\Documents\ProyectoFinalProgramacion\objectdb-2.8.7\objectdb.conf

[2024-05-14 11:00:57 #3 type] 
Type MODELOS.Usuario is not enhanced.

------------------------------------------------------------------------------------------------------------------------

[2024-05-14 11:01:08 #1 store] 
Database 'C:\Users\AlumnoDAM\Documents\ProyectoFinalProgramacion\objectdb-2.8.7\db\ProyFinal.odb' is opened by 9720@PABLO

[2024-05-14 11:01:08 #2 store] 
Configuration path: C:\Users\AlumnoDAM\Documents\ProyectoFinalProgramacion\objectdb-2.8.7\objectdb.conf

[2024-05-14 11:01:08 #3 type] 
Type MODELOS.Usuario is not enhanced.

------------------------------------------------------------------------------------------------------------------------

[2024-05-14 11:01:13 #1 store] 
Database 'C:\Users\AlumnoDAM\Documents\ProyectoFinalProgramacion\objectdb-2.8.7\db\ProyFinal.odb' is opened by 13708@PABLO

[2024-05-14 11:01:13 #2 store] 
Configuration path: C:\Users\AlumnoDAM\Documents\ProyectoFinalProgramacion\objectdb-2.8.7\objectdb.conf

[2024-05-14 11:01:13 #3 type] 
Type MODELOS.Usuario is not enhanced.

------------------------------------------------------------------------------------------------------------------------

[2024-05-14 11:01:26 #1 store] 
Database 'C:\Users\AlumnoDAM\Documents\ProyectoFinalProgramacion\objectdb-2.8.7\db\ProyFinal.odb' has been recovered (tr. 187-188)

[2024-05-14 11:01:26 #2 store] 
Database 'C:\Users\AlumnoDAM\Documents\ProyectoFinalProgramacion\objectdb-2.8.7\db\ProyFinal.odb' is opened by 10908@PABLO

[2024-05-14 11:01:26 #3 store] 
Configuration path: C:\Users\AlumnoDAM\Documents\ProyectoFinalProgramacion\objectdb-2.8.7\objectdb.conf

[2024-05-14 11:01:26 #4 type] 
Type MODELOS.Usuario is not enhanced.

------------------------------------------------------------------------------------------------------------------------

[2024-05-14 11:01:38 #1 store] 
Database 'C:\Users\AlumnoDAM\Documents\ProyectoFinalProgramacion\objectdb-2.8.7\db\ProyFinal.odb' is opened by 14384@PABLO

[2024-05-14 11:01:38 #2 store] 
Configuration path: C:\Users\AlumnoDAM\Documents\ProyectoFinalProgramacion\objectdb-2.8.7\objectdb.conf

[2024-05-14 11:01:38 #3 type] 
Type MODELOS.Usuario is not enhanced.

------------------------------------------------------------------------------------------------------------------------

[2024-05-14 11:01:49 #1 store] 
Database 'C:\Users\AlumnoDAM\Documents\ProyectoFinalProgramacion\objectdb-2.8.7\db\ProyFinal.odb' is opened by 604@PABLO

[2024-05-14 11:01:49 #2 store] 
Configuration path: C:\Users\AlumnoDAM\Documents\ProyectoFinalProgramacion\objectdb-2.8.7\objectdb.conf

[2024-05-14 11:01:49 #3 type] 
Type MODELOS.Usuario is not enhanced.

------------------------------------------------------------------------------------------------------------------------

[2024-05-14 11:07:45 #1 store] 
Database 'C:\Users\AlumnoDAM\Documents\ProyectoFinalProgramacion\objectdb-2.8.7\db\ProyFinal.odb' is opened by 7224@PABLO

[2024-05-14 11:07:45 #2 store] 
Configuration path: C:\Users\AlumnoDAM\Documents\ProyectoFinalProgramacion\objectdb-2.8.7\objectdb.conf

[2024-05-14 11:07:45 #3 type] 
Type MODELOS.Usuario is not enhanced.

------------------------------------------------------------------------------------------------------------------------

[2024-05-14 11:08:34 #1 store] 
Database 'C:\Users\AlumnoDAM\Documents\ProyectoFinalProgramacion\objectdb-2.8.7\db\ProyFinal.odb' has been recovered (tr. 190-191)

[2024-05-14 11:08:34 #2 store] 
Database 'C:\Users\AlumnoDAM\Documents\ProyectoFinalProgramacion\objectdb-2.8.7\db\ProyFinal.odb' is opened by 16544@PABLO

[2024-05-14 11:08:34 #3 store] 
Configuration path: C:\Users\AlumnoDAM\Documents\ProyectoFinalProgramacion\objectdb-2.8.7\objectdb.conf

[2024-05-14 11:08:34 #4 type] 
Type MODELOS.Usuario is not enhanced.

------------------------------------------------------------------------------------------------------------------------

[2024-05-14 11:47:10 #1 store] 
Database 'C:\Users\AlumnoDAM\Documents\ProyectoFinalProgramacion\objectdb-2.8.7\db\ProyFinal.odb' has been recovered (tr. 193-197)

[2024-05-14 11:47:10 #2 store] 
Database 'C:\Users\AlumnoDAM\Documents\ProyectoFinalProgramacion\objectdb-2.8.7\db\ProyFinal.odb' is opened by 15288@PABLO

[2024-05-14 11:47:10 #3 store] 
Configuration path: C:\Users\AlumnoDAM\Documents\ProyectoFinalProgramacion\objectdb-2.8.7\objectdb.conf

[2024-05-14 11:47:10 #4 type] 
Type MODELOS.Usuario is not enhanced.

