------------------------------------------------------------------------------------------------------------------------

[2024-05-09 10:19:21 #1 store] 
Database 'C:\Users\AlumnoDAM\Documents\ProyectoFinalProgramacion\objectdb-2.8.7\db\ProyFinal.odb' has been recovered (tr. 39-40)

[2024-05-09 10:19:22 #2 store] 
Database 'C:\Users\AlumnoDAM\Documents\ProyectoFinalProgramacion\objectdb-2.8.7\db\ProyFinal.odb' is opened by 11052@PABLO

[2024-05-09 10:19:22 #3 store] 
Configuration path: C:\Users\AlumnoDAM\Documents\ProyectoFinalProgramacion\objectdb-2.8.7\objectdb.conf

[2024-05-09 10:19:22 #4 type] 
Type MODELOS.Usuario is not enhanced.

------------------------------------------------------------------------------------------------------------------------

[2024-05-09 11:04:04 #1 store] 
Database 'C:\Users\AlumnoDAM\Documents\ProyectoFinalProgramacion\objectdb-2.8.7\db\ProyFinal.odb' has been recovered (tr. 41-50)

[2024-05-09 11:04:04 #2 store] 
Database 'C:\Users\AlumnoDAM\Documents\ProyectoFinalProgramacion\objectdb-2.8.7\db\ProyFinal.odb' is opened by 9260@PABLO

[2024-05-09 11:04:04 #3 store] 
Configuration path: C:\Users\AlumnoDAM\Documents\ProyectoFinalProgramacion\objectdb-2.8.7\objectdb.conf

[2024-05-09 11:04:04 #4 type] 
Type MODELOS.Usuario is not enhanced.

------------------------------------------------------------------------------------------------------------------------

[2024-05-09 12:02:17 #1 store] 
Database 'C:\Users\AlumnoDAM\Documents\ProyectoFinalProgramacion\objectdb-2.8.7\db\ProyFinal.odb' is opened by 17552@PABLO

[2024-05-09 12:02:17 #2 store] 
Configuration path: C:\Users\AlumnoDAM\Documents\ProyectoFinalProgramacion\objectdb-2.8.7\objectdb.conf

[2024-05-09 12:02:17 #3 type] 
Type MODELOS.Usuario is not enhanced.

------------------------------------------------------------------------------------------------------------------------

[2024-05-09 12:03:14 #1 store] 
Database 'C:\Users\AlumnoDAM\Documents\ProyectoFinalProgramacion\objectdb-2.8.7\db\ProyFinal.odb' has been recovered (tr. 51-51)

[2024-05-09 12:03:14 #2 store] 
Database 'C:\Users\AlumnoDAM\Documents\ProyectoFinalProgramacion\objectdb-2.8.7\db\ProyFinal.odb' is opened by 13700@PABLO

[2024-05-09 12:03:14 #3 store] 
Configuration path: C:\Users\AlumnoDAM\Documents\ProyectoFinalProgramacion\objectdb-2.8.7\objectdb.conf

[2024-05-09 12:03:14 #4 type] 
Type MODELOS.Usuario is not enhanced.

------------------------------------------------------------------------------------------------------------------------

[2024-05-09 12:05:26 #1 store] 
Database 'C:\Users\AlumnoDAM\Documents\ProyectoFinalProgramacion\objectdb-2.8.7\db\ProyFinal.odb' has been recovered (tr. 53-55)

[2024-05-09 12:05:26 #2 store] 
Database 'C:\Users\AlumnoDAM\Documents\ProyectoFinalProgramacion\objectdb-2.8.7\db\ProyFinal.odb' is opened by 11760@PABLO

[2024-05-09 12:05:26 #3 store] 
Configuration path: C:\Users\AlumnoDAM\Documents\ProyectoFinalProgramacion\objectdb-2.8.7\objectdb.conf

[2024-05-09 12:05:26 #4 type] 
Type MODELOS.Usuario is not enhanced.

------------------------------------------------------------------------------------------------------------------------

[2024-05-09 12:21:13 #1 store] 
Database 'C:\Users\AlumnoDAM\Documents\ProyectoFinalProgramacion\objectdb-2.8.7\db\ProyFinal.odb' has been recovered (tr. 57-67)

[2024-05-09 12:21:13 #2 store] 
Database 'C:\Users\AlumnoDAM\Documents\ProyectoFinalProgramacion\objectdb-2.8.7\db\ProyFinal.odb' is opened by 3116@PABLO

[2024-05-09 12:21:13 #3 store] 
Configuration path: C:\Users\AlumnoDAM\Documents\ProyectoFinalProgramacion\objectdb-2.8.7\objectdb.conf

[2024-05-09 12:21:13 #4 type] 
Type MODELOS.Usuario is not enhanced.

------------------------------------------------------------------------------------------------------------------------

[2024-05-09 12:21:36 #1 store] 
Database 'C:\Users\AlumnoDAM\Documents\ProyectoFinalProgramacion\objectdb-2.8.7\db\ProyFinal.odb' is opened by 7244@PABLO

[2024-05-09 12:21:36 #2 store] 
Configuration path: C:\Users\AlumnoDAM\Documents\ProyectoFinalProgramacion\objectdb-2.8.7\objectdb.conf

[2024-05-09 12:21:41 #3 store] 
Database 'C:\Users\AlumnoDAM\Documents\ProyectoFinalProgramacion\objectdb-2.8.7\db\ProyFinal.odb' is closed by 7244@PABLO

------------------------------------------------------------------------------------------------------------------------

[2024-05-09 12:21:44 #1 store] 
Database 'C:\Users\AlumnoDAM\Documents\ProyectoFinalProgramacion\objectdb-2.8.7\db\ProyFinal.odb' is opened by 1160@PABLO

[2024-05-09 12:21:44 #2 store] 
Configuration path: C:\Users\AlumnoDAM\Documents\ProyectoFinalProgramacion\objectdb-2.8.7\objectdb.conf

[2024-05-09 12:21:44 #3 type] 
Type MODELOS.Usuario is not enhanced.

------------------------------------------------------------------------------------------------------------------------

[2024-05-09 12:21:52 #1 explorer] 
[ObjectDB 2.8.7] javax.persistence.PersistenceException
Attempt to open a database file 'C:\Users\AlumnoDAM\Documents\ProyectoFinalProgramacion\objectdb-2.8.7\db\ProyFinal.odb' that is currently in use by another process (error 141)
	at com.objectdb.Explorer$1.run(Explorer.java:57)
	at java.desktop/java.awt.event.InvocationEvent.dispatch(InvocationEvent.java:318)
	at java.desktop/java.awt.EventQueue.dispatchEventImpl(EventQueue.java:773)
	at java.desktop/java.awt.EventQueue$4.run(EventQueue.java:720)
	at java.desktop/java.awt.EventQueue$4.run(EventQueue.java:714)
	at java.base/java.security.AccessController.doPrivileged(AccessController.java:400)
	at java.base/java.security.ProtectionDomain$JavaSecurityAccessImpl.doIntersectionPrivilege(ProtectionDomain.java:87)
	at java.desktop/java.awt.EventQueue.dispatchEvent(EventQueue.java:742)
	at java.desktop/java.awt.EventDispatchThread.pumpOneEventForFilters(EventDispatchThread.java:203)
	at java.desktop/java.awt.EventDispatchThread.pumpEventsForFilter(EventDispatchThread.java:124)
	at java.desktop/java.awt.EventDispatchThread.pumpEventsForHierarchy(EventDispatchThread.java:113)
	at java.desktop/java.awt.EventDispatchThread.pumpEvents(EventDispatchThread.java:109)
	at java.desktop/java.awt.EventDispatchThread.pumpEvents(EventDispatchThread.java:101)
	at java.desktop/java.awt.EventDispatchThread.run(EventDispatchThread.java:90)
Caused by: com.objectdb.o.UserException: Attempt to open a database file 'C:\Users\AlumnoDAM\Documents\ProyectoFinalProgramacion\objectdb-2.8.7\db\ProyFinal.odb' that is currently in use by another process
	at com.objectdb.o.MSG.a(MSG.java:64)
	at com.objectdb.o.LFL.J(LFL.java:947)
	at com.objectdb.o.LFL.x(LFL.java:904)
	at com.objectdb.o.LFL.x(LFL.java:814)
	at com.objectdb.o.DFL.<init>(DFL.java:241)
	at com.objectdb.o.DMG.<init>(DMG.java:27)
	at com.objectdb.o.MST.<init>(MST.java:127)
	at com.objectdb.o.MST.ap(MST.java:109)
	at com.objectdb.o.MSF.YQ(MSF.java:190)
	at com.objectdb.o.OMF.s(OMF.java:805)
	at com.objectdb.jpa.EMF.s(EMF.java:130)
	at com.objectdb.o.OMF.x(OMF.java:716)
	at com.objectdb.jpa.EMF.createEntityManager(EMF.java:149)
	... 16 more

------------------------------------------------------------------------------------------------------------------------

[2024-05-09 12:21:56 #1 store] 
Database 'C:\Users\AlumnoDAM\Documents\ProyectoFinalProgramacion\objectdb-2.8.7\db\ProyFinal.odb' is opened by 9724@PABLO

[2024-05-09 12:21:56 #2 store] 
Configuration path: C:\Users\AlumnoDAM\Documents\ProyectoFinalProgramacion\objectdb-2.8.7\objectdb.conf

[2024-05-09 12:22:05 #3 store] 
Database 'C:\Users\AlumnoDAM\Documents\ProyectoFinalProgramacion\objectdb-2.8.7\db\ProyFinal.odb' is closed by 9724@PABLO

------------------------------------------------------------------------------------------------------------------------

[2024-05-09 12:22:09 #1 store] 
Database 'C:\Users\AlumnoDAM\Documents\ProyectoFinalProgramacion\objectdb-2.8.7\db\ProyFinal.odb' is opened by 11296@PABLO

[2024-05-09 12:22:09 #2 store] 
Configuration path: C:\Users\AlumnoDAM\Documents\ProyectoFinalProgramacion\objectdb-2.8.7\objectdb.conf

[2024-05-09 12:22:09 #3 type] 
Type MODELOS.Usuario is not enhanced.

------------------------------------------------------------------------------------------------------------------------

[2024-05-09 12:22:23 #1 store] 
Database 'C:\Users\AlumnoDAM\Documents\ProyectoFinalProgramacion\objectdb-2.8.7\db\ProyFinal.odb' is opened by 7476@PABLO

[2024-05-09 12:22:23 #2 store] 
Configuration path: C:\Users\AlumnoDAM\Documents\ProyectoFinalProgramacion\objectdb-2.8.7\objectdb.conf

[2024-05-09 12:22:23 #3 type] 
Type MODELOS.Usuario is not enhanced.

------------------------------------------------------------------------------------------------------------------------

[2024-05-09 12:22:30 #1 store] 
Database 'C:\Users\AlumnoDAM\Documents\ProyectoFinalProgramacion\objectdb-2.8.7\db\ProyFinal.odb' is opened by 16616@PABLO

[2024-05-09 12:22:30 #2 store] 
Configuration path: C:\Users\AlumnoDAM\Documents\ProyectoFinalProgramacion\objectdb-2.8.7\objectdb.conf

[2024-05-09 12:22:38 #3 store] 
Database 'C:\Users\AlumnoDAM\Documents\ProyectoFinalProgramacion\objectdb-2.8.7\db\ProyFinal.odb' is closed by 16616@PABLO

------------------------------------------------------------------------------------------------------------------------

[2024-05-09 12:23:14 #1 store] 
Database 'C:\Users\AlumnoDAM\Documents\ProyectoFinalProgramacion\objectdb-2.8.7\db\ProyFinal.odb' is opened by 12812@PABLO

[2024-05-09 12:23:14 #2 store] 
Configuration path: C:\Users\AlumnoDAM\Documents\ProyectoFinalProgramacion\objectdb-2.8.7\objectdb.conf

[2024-05-09 12:23:14 #3 type] 
Type MODELOS.Usuario is not enhanced.

------------------------------------------------------------------------------------------------------------------------

[2024-05-09 12:23:52 #1 store] 
Database 'C:\Users\AlumnoDAM\Documents\ProyectoFinalProgramacion\objectdb-2.8.7\db\ProyFinal.odb' is opened by 8844@PABLO

[2024-05-09 12:23:52 #2 store] 
Configuration path: C:\Users\AlumnoDAM\Documents\ProyectoFinalProgramacion\objectdb-2.8.7\objectdb.conf

[2024-05-09 12:23:52 #3 type] 
Type MODELOS.Usuario is not enhanced.

------------------------------------------------------------------------------------------------------------------------

[2024-05-09 12:24:15 #1 store] 
Database 'C:\Users\AlumnoDAM\Documents\ProyectoFinalProgramacion\objectdb-2.8.7\db\ProyFinal.odb' is opened by 2684@PABLO

[2024-05-09 12:24:15 #2 store] 
Configuration path: C:\Users\AlumnoDAM\Documents\ProyectoFinalProgramacion\objectdb-2.8.7\objectdb.conf

[2024-05-09 12:24:15 #3 type] 
Type MODELOS.Usuario is not enhanced.

------------------------------------------------------------------------------------------------------------------------

[2024-05-09 12:24:33 #1 store] 
Database 'C:\Users\AlumnoDAM\Documents\ProyectoFinalProgramacion\objectdb-2.8.7\db\ProyFinal.odb' has been recovered (tr. 69-69)

[2024-05-09 12:24:34 #2 store] 
Database 'C:\Users\AlumnoDAM\Documents\ProyectoFinalProgramacion\objectdb-2.8.7\db\ProyFinal.odb' is opened by 14064@PABLO

[2024-05-09 12:24:34 #3 store] 
Configuration path: C:\Users\AlumnoDAM\Documents\ProyectoFinalProgramacion\objectdb-2.8.7\objectdb.conf

[2024-05-09 12:24:34 #4 type] 
Type MODELOS.Usuario is not enhanced.

------------------------------------------------------------------------------------------------------------------------

[2024-05-09 12:29:32 #1 store] 
Database 'C:\Users\AlumnoDAM\Documents\ProyectoFinalProgramacion\objectdb-2.8.7\db\ProyFinal.odb' is opened by 3008@PABLO

[2024-05-09 12:29:32 #2 store] 
Configuration path: C:\Users\AlumnoDAM\Documents\ProyectoFinalProgramacion\objectdb-2.8.7\objectdb.conf

[2024-05-09 12:29:32 #3 type] 
Type MODELOS.Usuario is not enhanced.

------------------------------------------------------------------------------------------------------------------------

[2024-05-09 12:31:18 #1 store] 
Database 'C:\Users\AlumnoDAM\Documents\ProyectoFinalProgramacion\objectdb-2.8.7\db\ProyFinal.odb' is opened by 18236@PABLO

[2024-05-09 12:31:18 #2 store] 
Configuration path: C:\Users\AlumnoDAM\Documents\ProyectoFinalProgramacion\objectdb-2.8.7\objectdb.conf

[2024-05-09 12:31:18 #3 type] 
Type MODELOS.Usuario is not enhanced.

------------------------------------------------------------------------------------------------------------------------

[2024-05-09 12:37:20 #1 store] 
Database 'C:\Users\AlumnoDAM\Documents\ProyectoFinalProgramacion\objectdb-2.8.7\db\ProyFinal.odb' has been recovered (tr. 70-75)

[2024-05-09 12:37:20 #2 store] 
Database 'C:\Users\AlumnoDAM\Documents\ProyectoFinalProgramacion\objectdb-2.8.7\db\ProyFinal.odb' is opened by 10576@PABLO

[2024-05-09 12:37:20 #3 store] 
Configuration path: C:\Users\AlumnoDAM\Documents\ProyectoFinalProgramacion\objectdb-2.8.7\objectdb.conf

[2024-05-09 12:37:20 #4 type] 
Type MODELOS.Usuario is not enhanced.

------------------------------------------------------------------------------------------------------------------------

[2024-05-09 13:33:32 #1 store] 
Database 'C:\Users\AlumnoDAM\Documents\ProyectoFinalProgramacion\objectdb-2.8.7\db\ProyFinal.odb' is opened by 16264@PABLO

[2024-05-09 13:33:32 #2 store] 
Configuration path: C:\Users\AlumnoDAM\Documents\ProyectoFinalProgramacion\objectdb-2.8.7\objectdb.conf

[2024-05-09 13:33:32 #3 type] 
Type MODELOS.Usuario is not enhanced.

------------------------------------------------------------------------------------------------------------------------

[2024-05-09 13:35:56 #1 store] 
Database 'C:\Users\AlumnoDAM\Documents\ProyectoFinalProgramacion\objectdb-2.8.7\db\ProyFinal.odb' has been recovered (tr. 76-78)

[2024-05-09 13:35:56 #2 store] 
Database 'C:\Users\AlumnoDAM\Documents\ProyectoFinalProgramacion\objectdb-2.8.7\db\ProyFinal.odb' is opened by 7556@PABLO

[2024-05-09 13:35:56 #3 store] 
Configuration path: C:\Users\AlumnoDAM\Documents\ProyectoFinalProgramacion\objectdb-2.8.7\objectdb.conf

[2024-05-09 13:35:56 #4 type] 
Type MODELOS.Usuario is not enhanced.

------------------------------------------------------------------------------------------------------------------------

[2024-05-09 13:37:38 #1 store] 
Database 'C:\Users\AlumnoDAM\Documents\ProyectoFinalProgramacion\objectdb-2.8.7\db\ProyFinal.odb' has been recovered (tr. 80-80)

[2024-05-09 13:37:38 #2 store] 
Database 'C:\Users\AlumnoDAM\Documents\ProyectoFinalProgramacion\objectdb-2.8.7\db\ProyFinal.odb' is opened by 11372@PABLO

[2024-05-09 13:37:38 #3 store] 
Configuration path: C:\Users\AlumnoDAM\Documents\ProyectoFinalProgramacion\objectdb-2.8.7\objectdb.conf

[2024-05-09 13:37:38 #4 type] 
Type MODELOS.Usuario is not enhanced.

------------------------------------------------------------------------------------------------------------------------

[2024-05-09 13:38:26 #1 store] 
Database 'C:\Users\AlumnoDAM\Documents\ProyectoFinalProgramacion\objectdb-2.8.7\db\ProyFinal.odb' is opened by 7712@PABLO

[2024-05-09 13:38:26 #2 store] 
Configuration path: C:\Users\AlumnoDAM\Documents\ProyectoFinalProgramacion\objectdb-2.8.7\objectdb.conf

[2024-05-09 13:38:26 #3 type] 
Type MODELOS.Usuario is not enhanced.

